[ 2026-01-26 15:19:30:116 ] 
2026/01/26 15:19:30.101
Exception Found:
Type: HalconDotNet.HOperatorException
Message: HALCON error #5105: Unknown color in operator set_color
Source: halcondotnet
Stacktrace:    위치: HalconDotNet.HOperatorException.throwOperator(Int32 err, Int32 procIndex)
   위치: HalconDotNet.HalconAPI.PostCall(IntPtr proc, Int32 procResult)
   위치: HalconDotNet.HOperatorSet.SetColor(HTuple windowHandle, HTuple color)
   위치: Vision_Align.FormPreview.RenderToHalcon(List`1 data)
   위치: Vision_Align.FormPreview.ApplyAndRender()
   위치: Vision_Align.FormPreview.GridView_LogDate_CellClick(Object sender, DataGridViewCellEventArgs e)
   위치: System.Windows.Forms.DataGridView.OnCellClick(DataGridViewCellEventArgs e)
   위치: System.Windows.Forms.DataGridView.OnMouseClick(MouseEventArgs e)
   위치: System.Windows.Forms.Control.WmMouseUp(Message& m, MouseButtons button, Int32 clicks)
   위치: System.Windows.Forms.Control.WndProc(Message& m)
   위치: System.Windows.Forms.NativeWindow.Callback(IntPtr hWnd, Int32 msg, IntPtr wparam, IntPtr lparam)
[ 2026-01-26 16:03:29:932 ] 
2026/01/26 16:03:29.930
Exception Found:
Type: System.UnauthorizedAccessException
Message: 'D:\1.Program\BIN\RESULT\CALIBRATION' 경로에 대한 액세스가 거부되었습니다.
Source: mscorlib
Stacktrace:    위치: System.IO.__Error.WinIOError(Int32 errorCode, String maybeFullPath)
   위치: System.IO.FileStream.Init(String path, FileMode mode, FileAccess access, Int32 rights, Boolean useRights, FileShare share, Int32 bufferSize, FileOptions options, SECURITY_ATTRIBUTES secAttrs, String msgPath, Boolean bFromProxy, Boolean useLongPath, Boolean checkHost)
   위치: System.IO.FileStream..ctor(String path, FileMode mode, FileAccess access, FileShare share, Int32 bufferSize, FileOptions options, String msgPath, Boolean bFromProxy, Boolean useLongPath, Boolean checkHost)
   위치: System.IO.StreamWriter.CreateFile(String path, Boolean append, Boolean checkHost)
   위치: System.IO.StreamWriter..ctor(String path, Boolean append, Encoding encoding, Int32 bufferSize, Boolean checkHost)
   위치: System.IO.StreamWriter..ctor(String path, Boolean append)
   위치: Vision_Align.ClsCsvFile.WriteCalHeader(String strPath)
   위치: Vision_Align.ClsCsvFile.WriteCalibrationCsv(PointF[][] camCalPoints)
   위치: Vision_Align.ClsAutoThread.MainThreadRunAsync()
   위치: System.Threading.ExecutionContext.RunInternal(ExecutionContext executionContext, ContextCallback callback, Object state, Boolean preserveSyncCtx)
   위치: System.Threading.ExecutionContext.Run(ExecutionContext executionContext, ContextCallback callback, Object state, Boolean preserveSyncCtx)
   위치: System.Threading.ExecutionContext.Run(ExecutionContext executionContext, ContextCallback callback, Object state)
   위치: System.Threading.ThreadHelper.ThreadStart()
[ 2026-01-26 16:05:20:941 ] 
2026/01/26 16:05:20.941
Exception Found:
Type: System.UnauthorizedAccessException
Message: 'D:\1.Program\BIN\RESULT\CALIBRATION' 경로에 대한 액세스가 거부되었습니다.
Source: mscorlib
Stacktrace:    위치: System.IO.__Error.WinIOError(Int32 errorCode, String maybeFullPath)
   위치: System.IO.FileStream.Init(String path, FileMode mode, FileAccess access, Int32 rights, Boolean useRights, FileShare share, Int32 bufferSize, FileOptions options, SECURITY_ATTRIBUTES secAttrs, String msgPath, Boolean bFromProxy, Boolean useLongPath, Boolean checkHost)
   위치: System.IO.FileStream..ctor(String path, FileMode mode, FileAccess access, FileShare share, Int32 bufferSize, FileOptions options, String msgPath, Boolean bFromProxy, Boolean useLongPath, Boolean checkHost)
   위치: System.IO.StreamWriter.CreateFile(String path, Boolean append, Boolean checkHost)
   위치: System.IO.StreamWriter..ctor(String path, Boolean append, Encoding encoding, Int32 bufferSize, Boolean checkHost)
   위치: System.IO.StreamWriter..ctor(String path, Boolean append)
   위치: Vision_Align.ClsCsvFile.WriteCalHeader(String strPath)
   위치: Vision_Align.ClsCsvFile.WriteCalibrationCsv(PointF[][] camCalPoints)
   위치: Vision_Align.ClsAutoThread.MainThreadRunAsync()
   위치: System.Threading.ExecutionContext.RunInternal(ExecutionContext executionContext, ContextCallback callback, Object state, Boolean preserveSyncCtx)
   위치: System.Threading.ExecutionContext.Run(ExecutionContext executionContext, ContextCallback callback, Object state, Boolean preserveSyncCtx)
   위치: System.Threading.ExecutionContext.Run(ExecutionContext executionContext, ContextCallback callback, Object state)
   위치: System.Threading.ThreadHelper.ThreadStart()
[ 2026-01-26 16:08:16:652 ] 
2026/01/26 16:08:16.634
Exception Found:
Type: System.UnauthorizedAccessException
Message: 'D:\1.Program\BIN\RESULT\CALIBRATION' 경로에 대한 액세스가 거부되었습니다.
Source: mscorlib
Stacktrace:    위치: System.IO.__Error.WinIOError(Int32 errorCode, String maybeFullPath)
   위치: System.IO.FileStream.Init(String path, FileMode mode, FileAccess access, Int32 rights, Boolean useRights, FileShare share, Int32 bufferSize, FileOptions options, SECURITY_ATTRIBUTES secAttrs, String msgPath, Boolean bFromProxy, Boolean useLongPath, Boolean checkHost)
   위치: System.IO.FileStream..ctor(String path, FileMode mode, FileAccess access, FileShare share, Int32 bufferSize, FileOptions options, String msgPath, Boolean bFromProxy, Boolean useLongPath, Boolean checkHost)
   위치: System.IO.StreamWriter.CreateFile(String path, Boolean append, Boolean checkHost)
   위치: System.IO.StreamWriter..ctor(String path, Boolean append, Encoding encoding, Int32 bufferSize, Boolean checkHost)
   위치: System.IO.StreamWriter..ctor(String path, Boolean append)
   위치: Vision_Align.ClsCsvFile.WriteCalHeader(String strPath)
   위치: Vision_Align.ClsCsvFile.WriteCalibrationCsv(PointF[][] camCalPoints)
   위치: Vision_Align.ClsAutoThread.MainThreadRunAsync()
   위치: System.Threading.ExecutionContext.RunInternal(ExecutionContext executionContext, ContextCallback callback, Object state, Boolean preserveSyncCtx)
   위치: System.Threading.ExecutionContext.Run(ExecutionContext executionContext, ContextCallback callback, Object state, Boolean preserveSyncCtx)
   위치: System.Threading.ExecutionContext.Run(ExecutionContext executionContext, ContextCallback callback, Object state)
   위치: System.Threading.ThreadHelper.ThreadStart()
[ 2026-01-26 17:42:02:411 ] 
2026/01/26 17:42:02.389
Exception Found:
Type: System.IO.IOException
Message: 'D:\1.Program\BIN\RESULT\CALIBRATION\20260126\9PointResult.csv' 파일은 다른 프로세스에서 사용 중이므로 프로세스에서 액세스할 수 없습니다.
Source: mscorlib
Stacktrace:    위치: System.IO.__Error.WinIOError(Int32 errorCode, String maybeFullPath)
   위치: System.IO.FileStream.Init(String path, FileMode mode, FileAccess access, Int32 rights, Boolean useRights, FileShare share, Int32 bufferSize, FileOptions options, SECURITY_ATTRIBUTES secAttrs, String msgPath, Boolean bFromProxy, Boolean useLongPath, Boolean checkHost)
   위치: System.IO.FileStream..ctor(String path, FileMode mode, FileAccess access, FileShare share, Int32 bufferSize, FileOptions options, String msgPath, Boolean bFromProxy, Boolean useLongPath, Boolean checkHost)
   위치: System.IO.StreamWriter.CreateFile(String path, Boolean append, Boolean checkHost)
   위치: System.IO.StreamWriter..ctor(String path, Boolean append, Encoding encoding, Int32 bufferSize, Boolean checkHost)
   위치: System.IO.StreamWriter..ctor(String path, Boolean append)
   위치: Vision_Align.ClsCsvFile.WriteCalHeader(String strPath)
   위치: Vision_Align.ClsCsvFile.WriteCalibrationCsv(PointF[][] camCalPoints)
   위치: Vision_Align.ClsAutoThread.MainThreadRunAsync()
   위치: System.Threading.ExecutionContext.RunInternal(ExecutionContext executionContext, ContextCallback callback, Object state, Boolean preserveSyncCtx)
   위치: System.Threading.ExecutionContext.Run(ExecutionContext executionContext, ContextCallback callback, Object state, Boolean preserveSyncCtx)
   위치: System.Threading.ExecutionContext.Run(ExecutionContext executionContext, ContextCallback callback, Object state)
   위치: System.Threading.ThreadHelper.ThreadStart()
[ 2026-01-26 17:47:22:480 ] 
2026/01/26 17:47:22.436
Exception Found:
Type: System.IO.DirectoryNotFoundException
Message: 'D:\1.Program\BIN\RESULT\CALIBRATION\20260126\9PointResult.csv' 경로의 일부를 찾을 수 없습니다.
Source: mscorlib
Stacktrace:    위치: System.IO.__Error.WinIOError(Int32 errorCode, String maybeFullPath)
   위치: System.IO.FileStream.Init(String path, FileMode mode, FileAccess access, Int32 rights, Boolean useRights, FileShare share, Int32 bufferSize, FileOptions options, SECURITY_ATTRIBUTES secAttrs, String msgPath, Boolean bFromProxy, Boolean useLongPath, Boolean checkHost)
   위치: System.IO.FileStream..ctor(String path, FileMode mode, FileAccess access, FileShare share, Int32 bufferSize, FileOptions options, String msgPath, Boolean bFromProxy, Boolean useLongPath, Boolean checkHost)
   위치: System.IO.StreamWriter.CreateFile(String path, Boolean append, Boolean checkHost)
   위치: System.IO.StreamWriter..ctor(String path, Boolean append, Encoding encoding, Int32 bufferSize, Boolean checkHost)
   위치: System.IO.StreamWriter..ctor(String path, Boolean append)
   위치: Vision_Align.ClsCsvFile.WriteCalHeader(String strPath) 파일 D:\1.Program\wonik_sd_vision_align_260126\Vision_Align\Utill\ClsCsvFile.cs:줄 76
   위치: Vision_Align.ClsCsvFile.WriteCalibrationCsv(PointF[][] camCalPoints) 파일 D:\1.Program\wonik_sd_vision_align_260126\Vision_Align\Utill\ClsCsvFile.cs:줄 224
   위치: Vision_Align.ClsAutoThread.MainThreadRunAsync() 파일 D:\1.Program\wonik_sd_vision_align_260126\Vision_Align\7.Thread\ClsAutoThread.cs:줄 489
   위치: System.Threading.ExecutionContext.RunInternal(ExecutionContext executionContext, ContextCallback callback, Object state, Boolean preserveSyncCtx)
   위치: System.Threading.ExecutionContext.Run(ExecutionContext executionContext, ContextCallback callback, Object state, Boolean preserveSyncCtx)
   위치: System.Threading.ExecutionContext.Run(ExecutionContext executionContext, ContextCallback callback, Object state)
   위치: System.Threading.ThreadHelper.ThreadStart()
[ 2026-01-26 18:07:56:634 ] 
2026/01/26 18:07:56.627
Exception Found:
Type: System.IO.IOException
Message: 'D:\1.Program\BIN\RESULT\CALIBRATION\20260126\ViberationResult.csv' 파일은 다른 프로세스에서 사용 중이므로 프로세스에서 액세스할 수 없습니다.
Source: mscorlib
Stacktrace:    위치: System.IO.__Error.WinIOError(Int32 errorCode, String maybeFullPath)
   위치: System.IO.FileStream.Init(String path, FileMode mode, FileAccess access, Int32 rights, Boolean useRights, FileShare share, Int32 bufferSize, FileOptions options, SECURITY_ATTRIBUTES secAttrs, String msgPath, Boolean bFromProxy, Boolean useLongPath, Boolean checkHost)
   위치: System.IO.FileStream..ctor(String path, FileMode mode, FileAccess access, FileShare share, Int32 bufferSize, FileOptions options, String msgPath, Boolean bFromProxy, Boolean useLongPath, Boolean checkHost)
   위치: System.IO.StreamWriter.CreateFile(String path, Boolean append, Boolean checkHost)
   위치: System.IO.StreamWriter..ctor(String path, Boolean append, Encoding encoding, Int32 bufferSize, Boolean checkHost)
   위치: System.IO.StreamWriter..ctor(String path, Boolean append)
   위치: Vision_Align.ClsCsvFile.WriteVibeHeader(String strPath)
   위치: Vision_Align.ClsCsvFile.WriteVibrationCsv(PointF[][] camViberationPoints)
   위치: Vision_Align.ClsAutoThread.MainThreadRunAsync()
   위치: System.Threading.ExecutionContext.RunInternal(ExecutionContext executionContext, ContextCallback callback, Object state, Boolean preserveSyncCtx)
   위치: System.Threading.ExecutionContext.Run(ExecutionContext executionContext, ContextCallback callback, Object state, Boolean preserveSyncCtx)
   위치: System.Threading.ExecutionContext.Run(ExecutionContext executionContext, ContextCallback callback, Object state)
   위치: System.Threading.ThreadHelper.ThreadStart()
[ 2026-01-26 18:08:12:959 ] 
2026/01/26 18:08:12.959
Exception Found:
Type: System.IO.IOException
Message: 'D:\1.Program\BIN\RESULT\CALIBRATION\20260126\ViberationResult.csv' 파일은 다른 프로세스에서 사용 중이므로 프로세스에서 액세스할 수 없습니다.
Source: mscorlib
Stacktrace:    위치: System.IO.__Error.WinIOError(Int32 errorCode, String maybeFullPath)
   위치: System.IO.FileStream.Init(String path, FileMode mode, FileAccess access, Int32 rights, Boolean useRights, FileShare share, Int32 bufferSize, FileOptions options, SECURITY_ATTRIBUTES secAttrs, String msgPath, Boolean bFromProxy, Boolean useLongPath, Boolean checkHost)
   위치: System.IO.FileStream..ctor(String path, FileMode mode, FileAccess access, FileShare share, Int32 bufferSize, FileOptions options, String msgPath, Boolean bFromProxy, Boolean useLongPath, Boolean checkHost)
   위치: System.IO.StreamWriter.CreateFile(String path, Boolean append, Boolean checkHost)
   위치: System.IO.StreamWriter..ctor(String path, Boolean append, Encoding encoding, Int32 bufferSize, Boolean checkHost)
   위치: System.IO.StreamWriter..ctor(String path, Boolean append)
   위치: Vision_Align.ClsCsvFile.WriteVibeHeader(String strPath)
   위치: Vision_Align.ClsCsvFile.WriteVibrationCsv(PointF[][] camViberationPoints)
   위치: Vision_Align.ClsAutoThread.MainThreadRunAsync()
   위치: System.Threading.ExecutionContext.RunInternal(ExecutionContext executionContext, ContextCallback callback, Object state, Boolean preserveSyncCtx)
   위치: System.Threading.ExecutionContext.Run(ExecutionContext executionContext, ContextCallback callback, Object state, Boolean preserveSyncCtx)
   위치: System.Threading.ExecutionContext.Run(ExecutionContext executionContext, ContextCallback callback, Object state)
   위치: System.Threading.ThreadHelper.ThreadStart()
[ 2026-01-26 18:08:18:792 ] 
2026/01/26 18:08:18.792
Exception Found:
Type: System.IO.IOException
Message: 'D:\1.Program\BIN\RESULT\CALIBRATION\20260126\ViberationResult.csv' 파일은 다른 프로세스에서 사용 중이므로 프로세스에서 액세스할 수 없습니다.
Source: mscorlib
Stacktrace:    위치: System.IO.__Error.WinIOError(Int32 errorCode, String maybeFullPath)
   위치: System.IO.FileStream.Init(String path, FileMode mode, FileAccess access, Int32 rights, Boolean useRights, FileShare share, Int32 bufferSize, FileOptions options, SECURITY_ATTRIBUTES secAttrs, String msgPath, Boolean bFromProxy, Boolean useLongPath, Boolean checkHost)
   위치: System.IO.FileStream..ctor(String path, FileMode mode, FileAccess access, FileShare share, Int32 bufferSize, FileOptions options, String msgPath, Boolean bFromProxy, Boolean useLongPath, Boolean checkHost)
   위치: System.IO.StreamWriter.CreateFile(String path, Boolean append, Boolean checkHost)
   위치: System.IO.StreamWriter..ctor(String path, Boolean append, Encoding encoding, Int32 bufferSize, Boolean checkHost)
   위치: System.IO.StreamWriter..ctor(String path, Boolean append)
   위치: Vision_Align.ClsCsvFile.WriteVibeHeader(String strPath)
   위치: Vision_Align.ClsCsvFile.WriteVibrationCsv(PointF[][] camViberationPoints)
   위치: Vision_Align.ClsAutoThread.MainThreadRunAsync()
   위치: System.Threading.ExecutionContext.RunInternal(ExecutionContext executionContext, ContextCallback callback, Object state, Boolean preserveSyncCtx)
   위치: System.Threading.ExecutionContext.Run(ExecutionContext executionContext, ContextCallback callback, Object state, Boolean preserveSyncCtx)
   위치: System.Threading.ExecutionContext.Run(ExecutionContext executionContext, ContextCallback callback, Object state)
   위치: System.Threading.ThreadHelper.ThreadStart()
[ 2026-01-26 18:09:04:491 ] 
2026/01/26 18:09:04.491
Exception Found:
Type: System.IO.IOException
Message: 'D:\1.Program\BIN\RESULT\CALIBRATION\20260126\ViberationResult.csv' 파일은 다른 프로세스에서 사용 중이므로 프로세스에서 액세스할 수 없습니다.
Source: mscorlib
Stacktrace:    위치: System.IO.__Error.WinIOError(Int32 errorCode, String maybeFullPath)
   위치: System.IO.FileStream.Init(String path, FileMode mode, FileAccess access, Int32 rights, Boolean useRights, FileShare share, Int32 bufferSize, FileOptions options, SECURITY_ATTRIBUTES secAttrs, String msgPath, Boolean bFromProxy, Boolean useLongPath, Boolean checkHost)
   위치: System.IO.FileStream..ctor(String path, FileMode mode, FileAccess access, FileShare share, Int32 bufferSize, FileOptions options, String msgPath, Boolean bFromProxy, Boolean useLongPath, Boolean checkHost)
   위치: System.IO.StreamWriter.CreateFile(String path, Boolean append, Boolean checkHost)
   위치: System.IO.StreamWriter..ctor(String path, Boolean append, Encoding encoding, Int32 bufferSize, Boolean checkHost)
   위치: System.IO.StreamWriter..ctor(String path, Boolean append)
   위치: Vision_Align.ClsCsvFile.WriteVibeHeader(String strPath)
   위치: Vision_Align.ClsCsvFile.WriteVibrationCsv(PointF[][] camViberationPoints)
   위치: Vision_Align.ClsAutoThread.MainThreadRunAsync()
   위치: System.Threading.ExecutionContext.RunInternal(ExecutionContext executionContext, ContextCallback callback, Object state, Boolean preserveSyncCtx)
   위치: System.Threading.ExecutionContext.Run(ExecutionContext executionContext, ContextCallback callback, Object state, Boolean preserveSyncCtx)
   위치: System.Threading.ExecutionContext.Run(ExecutionContext executionContext, ContextCallback callback, Object state)
   위치: System.Threading.ThreadHelper.ThreadStart()
[ 2026-01-26 18:10:41:014 ] 
2026/01/26 18:10:40.984
Exception Found:
Type: System.IO.IOException
Message: 'D:\1.Program\BIN\RESULT\CALIBRATION\20260126\ViberationResult.csv' 파일은 다른 프로세스에서 사용 중이므로 프로세스에서 액세스할 수 없습니다.
Source: mscorlib
Stacktrace:    위치: System.IO.__Error.WinIOError(Int32 errorCode, String maybeFullPath)
   위치: System.IO.FileStream.Init(String path, FileMode mode, FileAccess access, Int32 rights, Boolean useRights, FileShare share, Int32 bufferSize, FileOptions options, SECURITY_ATTRIBUTES secAttrs, String msgPath, Boolean bFromProxy, Boolean useLongPath, Boolean checkHost)
   위치: System.IO.FileStream..ctor(String path, FileMode mode, FileAccess access, FileShare share, Int32 bufferSize, FileOptions options, String msgPath, Boolean bFromProxy, Boolean useLongPath, Boolean checkHost)
   위치: System.IO.StreamWriter.CreateFile(String path, Boolean append, Boolean checkHost)
   위치: System.IO.StreamWriter..ctor(String path, Boolean append, Encoding encoding, Int32 bufferSize, Boolean checkHost)
   위치: System.IO.StreamWriter..ctor(String path, Boolean append)
   위치: Vision_Align.ClsCsvFile.WriteVibeHeader(String strPath) 파일 D:\1.Program\wonik_sd_vision_align_260126\Vision_Align\Utill\ClsCsvFile.cs:줄 101
   위치: Vision_Align.ClsCsvFile.WriteVibrationCsv(PointF[][] camViberationPoints) 파일 D:\1.Program\wonik_sd_vision_align_260126\Vision_Align\Utill\ClsCsvFile.cs:줄 270
   위치: Vision_Align.ClsAutoThread.MainThreadRunAsync() 파일 D:\1.Program\wonik_sd_vision_align_260126\Vision_Align\7.Thread\ClsAutoThread.cs:줄 490
   위치: System.Threading.ExecutionContext.RunInternal(ExecutionContext executionContext, ContextCallback callback, Object state, Boolean preserveSyncCtx)
   위치: System.Threading.ExecutionContext.Run(ExecutionContext executionContext, ContextCallback callback, Object state, Boolean preserveSyncCtx)
   위치: System.Threading.ExecutionContext.Run(ExecutionContext executionContext, ContextCallback callback, Object state)
   위치: System.Threading.ThreadHelper.ThreadStart()
