[ 2026-01-12 10:12:59:302 ] 
2026/01/12 10:12:59.264
Exception Found:
Type: System.ArgumentException
Message: 매개 변수가 잘못되었습니다.
Source: System.Drawing
Stacktrace:    위치: System.Drawing.Bitmap..ctor(String filename)
   위치: Vision_Align.ClsCamera.Grab() 파일 D:\1.Program\wonik_sd_vision_align_250107\Vision_Align\Utill\ClsCamera.cs:줄 116
   위치: Vision_Align.FormMain_SubInfo.btn_Snap_Click(Object sender, EventArgs e) 파일 D:\1.Program\wonik_sd_vision_align_250107\Vision_Align\3.FormMain\FormMain_SubInfo.cs:줄 236
   위치: System.Windows.Forms.Control.OnClick(EventArgs e)
   위치: System.Windows.Forms.Button.OnClick(EventArgs e)
   위치: System.Windows.Forms.Button.OnMouseUp(MouseEventArgs mevent)
   위치: System.Windows.Forms.Control.WmMouseUp(Message& m, MouseButtons button, Int32 clicks)
   위치: System.Windows.Forms.Control.WndProc(Message& m)
   위치: System.Windows.Forms.ButtonBase.WndProc(Message& m)
   위치: System.Windows.Forms.Button.WndProc(Message& m)
   위치: System.Windows.Forms.NativeWindow.Callback(IntPtr hWnd, Int32 msg, IntPtr wparam, IntPtr lparam)
[ 2026-01-12 10:20:56:185 ] 
2026/01/12 10:20:56.170
Exception Found:
Type: System.ArgumentOutOfRangeException
Message: 인덱스가 범위를 벗어났습니다. 인덱스는 음수가 아니어야 하며 컬렉션의 크기보다 작아야 합니다.
매개 변수 이름: index
Source: mscorlib
Stacktrace:    위치: System.Collections.ArrayList.get_Item(Int32 index)
   위치: System.Windows.Forms.DataGridViewSelectedRowCollection.get_Item(Int32 index)
   위치: Vision_Align.FormModel.btn_ModelLoad_Click(Object sender, EventArgs e)
   위치: System.Windows.Forms.Control.OnClick(EventArgs e)
   위치: System.Windows.Forms.Button.OnClick(EventArgs e)
   위치: System.Windows.Forms.Button.OnMouseUp(MouseEventArgs mevent)
   위치: System.Windows.Forms.Control.WmMouseUp(Message& m, MouseButtons button, Int32 clicks)
   위치: System.Windows.Forms.Control.WndProc(Message& m)
   위치: System.Windows.Forms.ButtonBase.WndProc(Message& m)
   위치: System.Windows.Forms.Button.WndProc(Message& m)
   위치: System.Windows.Forms.NativeWindow.Callback(IntPtr hWnd, Int32 msg, IntPtr wparam, IntPtr lparam)
[ 2026-01-12 10:52:05:659 ] 
2026/01/12 10:52:05.644
Exception Found:
Type: System.IndexOutOfRangeException
Message: 인덱스가 배열 범위를 벗어났습니다.
Source: Vision_Align
Stacktrace:    위치: Vision_Align.ClsMotion.UpdateStatus() 파일 D:\1.Program\wonik_sd_vision_align_250107\Vision_Align\Utill\ClsMotion.cs:줄 193
   위치: Vision_Align.FormSetCam.OnTimer(Object obj, EventArgs ea) 파일 D:\1.Program\wonik_sd_vision_align_250107\Vision_Align\5.FormPopUp\FormSetCam.cs:줄 55
   위치: System.Windows.Forms.Timer.OnTick(EventArgs e)
   위치: System.Windows.Forms.Timer.TimerNativeWindow.WndProc(Message& m)
   위치: System.Windows.Forms.NativeWindow.Callback(IntPtr hWnd, Int32 msg, IntPtr wparam, IntPtr lparam)
