[ 2026-01-05 11:43:07:245 ] IsLoad_List<SYSTEM_LIST> : Newtonsoft.Json.JsonSerializationException: Unexpected token when deserializing multidimensional array: String. Path 'strCurrModel[0]', line 3, position 12.
   위치: Newtonsoft.Json.Serialization.JsonSerializerInternalReader.PopulateMultidimensionalArray(IList list, JsonReader reader, JsonArrayContract contract, JsonProperty containerProperty, String id)
   위치: Newtonsoft.Json.Serialization.JsonSerializerInternalReader.CreateList(JsonReader reader, Type objectType, JsonContract contract, JsonProperty member, Object existingValue, String id)
   위치: Newtonsoft.Json.Serialization.JsonSerializerInternalReader.CreateValueInternal(JsonReader reader, Type objectType, JsonContract contract, JsonProperty member, JsonContainerContract containerContract, JsonProperty containerMember, Object existingValue)
   위치: Newtonsoft.Json.Serialization.JsonSerializerInternalReader.SetPropertyValue(JsonProperty property, JsonConverter propertyConverter, JsonContainerContract containerContract, JsonProperty containerProperty, JsonReader reader, Object target)
   위치: Newtonsoft.Json.Serialization.JsonSerializerInternalReader.PopulateObject(Object newObject, JsonReader reader, JsonObjectContract contract, JsonProperty member, String id)
   위치: Newtonsoft.Json.Serialization.JsonSerializerInternalReader.CreateObject(JsonReader reader, Type objectType, JsonContract contract, JsonProperty member, JsonContainerContract containerContract, JsonProperty containerMember, Object existingValue)
   위치: Newtonsoft.Json.Serialization.JsonSerializerInternalReader.CreateValueInternal(JsonReader reader, Type objectType, JsonContract contract, JsonProperty member, JsonContainerContract containerContract, JsonProperty containerMember, Object existingValue)
   위치: Newtonsoft.Json.Serialization.JsonSerializerInternalReader.Deserialize(JsonReader reader, Type objectType, Boolean checkAdditionalContent)
   위치: Newtonsoft.Json.JsonSerializer.DeserializeInternal(JsonReader reader, Type objectType)
   위치: Newtonsoft.Json.JsonConvert.DeserializeObject(String value, Type type, JsonSerializerSettings settings)
   위치: Newtonsoft.Json.JsonConvert.DeserializeObject[T](String value, JsonSerializerSettings settings)
   위치: Vision_Align.JsonConvertor.JsonToClass[T](String _path) 파일 D:\1.Program\wonik_sd_vision_align_260104\Vision_Align\Utill\JsonConvertor.cs:줄 10
   위치: Vision_Align.Global.IsLoad_List[T](Boolean isLoad, T obj, String strFullPaht) 파일 D:\1.Program\wonik_sd_vision_align_260104\Vision_Align\Global.cs:줄 233
[ 2026-01-05 11:44:53:577 ] IsLoad_List<SYSTEM_LIST> : Newtonsoft.Json.JsonSerializationException: Unexpected token when deserializing multidimensional array: String. Path 'strCurrModel[0]', line 3, position 12.
   위치: Newtonsoft.Json.Serialization.JsonSerializerInternalReader.PopulateMultidimensionalArray(IList list, JsonReader reader, JsonArrayContract contract, JsonProperty containerProperty, String id)
   위치: Newtonsoft.Json.Serialization.JsonSerializerInternalReader.CreateList(JsonReader reader, Type objectType, JsonContract contract, JsonProperty member, Object existingValue, String id)
   위치: Newtonsoft.Json.Serialization.JsonSerializerInternalReader.CreateValueInternal(JsonReader reader, Type objectType, JsonContract contract, JsonProperty member, JsonContainerContract containerContract, JsonProperty containerMember, Object existingValue)
   위치: Newtonsoft.Json.Serialization.JsonSerializerInternalReader.SetPropertyValue(JsonProperty property, JsonConverter propertyConverter, JsonContainerContract containerContract, JsonProperty containerProperty, JsonReader reader, Object target)
   위치: Newtonsoft.Json.Serialization.JsonSerializerInternalReader.PopulateObject(Object newObject, JsonReader reader, JsonObjectContract contract, JsonProperty member, String id)
   위치: Newtonsoft.Json.Serialization.JsonSerializerInternalReader.CreateObject(JsonReader reader, Type objectType, JsonContract contract, JsonProperty member, JsonContainerContract containerContract, JsonProperty containerMember, Object existingValue)
   위치: Newtonsoft.Json.Serialization.JsonSerializerInternalReader.CreateValueInternal(JsonReader reader, Type objectType, JsonContract contract, JsonProperty member, JsonContainerContract containerContract, JsonProperty containerMember, Object existingValue)
   위치: Newtonsoft.Json.Serialization.JsonSerializerInternalReader.Deserialize(JsonReader reader, Type objectType, Boolean checkAdditionalContent)
   위치: Newtonsoft.Json.JsonSerializer.DeserializeInternal(JsonReader reader, Type objectType)
   위치: Newtonsoft.Json.JsonConvert.DeserializeObject(String value, Type type, JsonSerializerSettings settings)
   위치: Newtonsoft.Json.JsonConvert.DeserializeObject[T](String value, JsonSerializerSettings settings)
   위치: Vision_Align.JsonConvertor.JsonToClass[T](String _path) 파일 D:\1.Program\wonik_sd_vision_align_260104\Vision_Align\Utill\JsonConvertor.cs:줄 10
   위치: Vision_Align.Global.IsLoad_List[T](Boolean isLoad, T obj, String strFullPaht) 파일 D:\1.Program\wonik_sd_vision_align_260104\Vision_Align\Global.cs:줄 233
[ 2026-01-05 11:52:23:242 ] IsLoad_List<SYSTEM_LIST> : Newtonsoft.Json.JsonSerializationException: Unexpected token when deserializing multidimensional array: String. Path 'strCurrModel[0]', line 3, position 12.
   위치: Newtonsoft.Json.Serialization.JsonSerializerInternalReader.PopulateMultidimensionalArray(IList list, JsonReader reader, JsonArrayContract contract, JsonProperty containerProperty, String id)
   위치: Newtonsoft.Json.Serialization.JsonSerializerInternalReader.CreateList(JsonReader reader, Type objectType, JsonContract contract, JsonProperty member, Object existingValue, String id)
   위치: Newtonsoft.Json.Serialization.JsonSerializerInternalReader.CreateValueInternal(JsonReader reader, Type objectType, JsonContract contract, JsonProperty member, JsonContainerContract containerContract, JsonProperty containerMember, Object existingValue)
   위치: Newtonsoft.Json.Serialization.JsonSerializerInternalReader.SetPropertyValue(JsonProperty property, JsonConverter propertyConverter, JsonContainerContract containerContract, JsonProperty containerProperty, JsonReader reader, Object target)
   위치: Newtonsoft.Json.Serialization.JsonSerializerInternalReader.PopulateObject(Object newObject, JsonReader reader, JsonObjectContract contract, JsonProperty member, String id)
   위치: Newtonsoft.Json.Serialization.JsonSerializerInternalReader.CreateObject(JsonReader reader, Type objectType, JsonContract contract, JsonProperty member, JsonContainerContract containerContract, JsonProperty containerMember, Object existingValue)
   위치: Newtonsoft.Json.Serialization.JsonSerializerInternalReader.CreateValueInternal(JsonReader reader, Type objectType, JsonContract contract, JsonProperty member, JsonContainerContract containerContract, JsonProperty containerMember, Object existingValue)
   위치: Newtonsoft.Json.Serialization.JsonSerializerInternalReader.Deserialize(JsonReader reader, Type objectType, Boolean checkAdditionalContent)
   위치: Newtonsoft.Json.JsonSerializer.DeserializeInternal(JsonReader reader, Type objectType)
   위치: Newtonsoft.Json.JsonConvert.DeserializeObject(String value, Type type, JsonSerializerSettings settings)
   위치: Newtonsoft.Json.JsonConvert.DeserializeObject[T](String value, JsonSerializerSettings settings)
   위치: Vision_Align.JsonConvertor.JsonToClass[T](String _path) 파일 D:\1.Program\wonik_sd_vision_align_260104\Vision_Align\Utill\JsonConvertor.cs:줄 10
   위치: Vision_Align.Global.IsLoad_List[T](Boolean isLoad, T obj, String strFullPaht) 파일 D:\1.Program\wonik_sd_vision_align_260104\Vision_Align\Global.cs:줄 233
[ 2026-01-05 11:55:37:293 ] IsLoad_List<SYSTEM_LIST> : Newtonsoft.Json.JsonSerializationException: Unexpected token when deserializing multidimensional array: String. Path 'strCurrModel[0]', line 3, position 12.
   위치: Newtonsoft.Json.Serialization.JsonSerializerInternalReader.PopulateMultidimensionalArray(IList list, JsonReader reader, JsonArrayContract contract, JsonProperty containerProperty, String id)
   위치: Newtonsoft.Json.Serialization.JsonSerializerInternalReader.CreateList(JsonReader reader, Type objectType, JsonContract contract, JsonProperty member, Object existingValue, String id)
   위치: Newtonsoft.Json.Serialization.JsonSerializerInternalReader.CreateValueInternal(JsonReader reader, Type objectType, JsonContract contract, JsonProperty member, JsonContainerContract containerContract, JsonProperty containerMember, Object existingValue)
   위치: Newtonsoft.Json.Serialization.JsonSerializerInternalReader.SetPropertyValue(JsonProperty property, JsonConverter propertyConverter, JsonContainerContract containerContract, JsonProperty containerProperty, JsonReader reader, Object target)
   위치: Newtonsoft.Json.Serialization.JsonSerializerInternalReader.PopulateObject(Object newObject, JsonReader reader, JsonObjectContract contract, JsonProperty member, String id)
   위치: Newtonsoft.Json.Serialization.JsonSerializerInternalReader.CreateObject(JsonReader reader, Type objectType, JsonContract contract, JsonProperty member, JsonContainerContract containerContract, JsonProperty containerMember, Object existingValue)
   위치: Newtonsoft.Json.Serialization.JsonSerializerInternalReader.CreateValueInternal(JsonReader reader, Type objectType, JsonContract contract, JsonProperty member, JsonContainerContract containerContract, JsonProperty containerMember, Object existingValue)
   위치: Newtonsoft.Json.Serialization.JsonSerializerInternalReader.Deserialize(JsonReader reader, Type objectType, Boolean checkAdditionalContent)
   위치: Newtonsoft.Json.JsonSerializer.DeserializeInternal(JsonReader reader, Type objectType)
   위치: Newtonsoft.Json.JsonConvert.DeserializeObject(String value, Type type, JsonSerializerSettings settings)
   위치: Newtonsoft.Json.JsonConvert.DeserializeObject[T](String value, JsonSerializerSettings settings)
   위치: Vision_Align.JsonConvertor.JsonToClass[T](String _path) 파일 D:\1.Program\wonik_sd_vision_align_260104\Vision_Align\Utill\JsonConvertor.cs:줄 10
   위치: Vision_Align.Global.IsLoad_List[T](Boolean isLoad, T obj, String strFullPaht) 파일 D:\1.Program\wonik_sd_vision_align_260104\Vision_Align\Global.cs:줄 233
[ 2026-01-05 13:54:06:771 ] IsLoad_List<SYSTEM_LIST> : Newtonsoft.Json.JsonSerializationException: Unexpected token when deserializing multidimensional array: String. Path 'strCurrModel[0]', line 3, position 12.
   위치: Newtonsoft.Json.Serialization.JsonSerializerInternalReader.PopulateMultidimensionalArray(IList list, JsonReader reader, JsonArrayContract contract, JsonProperty containerProperty, String id)
   위치: Newtonsoft.Json.Serialization.JsonSerializerInternalReader.CreateList(JsonReader reader, Type objectType, JsonContract contract, JsonProperty member, Object existingValue, String id)
   위치: Newtonsoft.Json.Serialization.JsonSerializerInternalReader.CreateValueInternal(JsonReader reader, Type objectType, JsonContract contract, JsonProperty member, JsonContainerContract containerContract, JsonProperty containerMember, Object existingValue)
   위치: Newtonsoft.Json.Serialization.JsonSerializerInternalReader.SetPropertyValue(JsonProperty property, JsonConverter propertyConverter, JsonContainerContract containerContract, JsonProperty containerProperty, JsonReader reader, Object target)
   위치: Newtonsoft.Json.Serialization.JsonSerializerInternalReader.PopulateObject(Object newObject, JsonReader reader, JsonObjectContract contract, JsonProperty member, String id)
   위치: Newtonsoft.Json.Serialization.JsonSerializerInternalReader.CreateObject(JsonReader reader, Type objectType, JsonContract contract, JsonProperty member, JsonContainerContract containerContract, JsonProperty containerMember, Object existingValue)
   위치: Newtonsoft.Json.Serialization.JsonSerializerInternalReader.CreateValueInternal(JsonReader reader, Type objectType, JsonContract contract, JsonProperty member, JsonContainerContract containerContract, JsonProperty containerMember, Object existingValue)
   위치: Newtonsoft.Json.Serialization.JsonSerializerInternalReader.Deserialize(JsonReader reader, Type objectType, Boolean checkAdditionalContent)
   위치: Newtonsoft.Json.JsonSerializer.DeserializeInternal(JsonReader reader, Type objectType)
   위치: Newtonsoft.Json.JsonConvert.DeserializeObject(String value, Type type, JsonSerializerSettings settings)
   위치: Newtonsoft.Json.JsonConvert.DeserializeObject[T](String value, JsonSerializerSettings settings)
   위치: Vision_Align.JsonConvertor.JsonToClass[T](String _path) 파일 D:\1.Program\wonik_sd_vision_align_260104\Vision_Align\Utill\JsonConvertor.cs:줄 10
   위치: Vision_Align.Global.IsLoad_List[T](Boolean isLoad, T obj, String strFullPaht) 파일 D:\1.Program\wonik_sd_vision_align_260104\Vision_Align\Global.cs:줄 233
[ 2026-01-05 14:29:53:545 ] IsLoad_List<NCC_List> : Newtonsoft.Json.JsonReaderException: Unexpected character encountered while parsing value: [. Path 'dRow', line 2, position 11.
   위치: Newtonsoft.Json.JsonTextReader.ReadNumberValue(ReadType readType)
   위치: Newtonsoft.Json.JsonTextReader.ReadAsDouble()
   위치: Newtonsoft.Json.JsonReader.ReadForType(JsonContract contract, Boolean hasConverter)
   위치: Newtonsoft.Json.Serialization.JsonSerializerInternalReader.PopulateObject(Object newObject, JsonReader reader, JsonObjectContract contract, JsonProperty member, String id)
   위치: Newtonsoft.Json.Serialization.JsonSerializerInternalReader.CreateObject(JsonReader reader, Type objectType, JsonContract contract, JsonProperty member, JsonContainerContract containerContract, JsonProperty containerMember, Object existingValue)
   위치: Newtonsoft.Json.Serialization.JsonSerializerInternalReader.CreateValueInternal(JsonReader reader, Type objectType, JsonContract contract, JsonProperty member, JsonContainerContract containerContract, JsonProperty containerMember, Object existingValue)
   위치: Newtonsoft.Json.Serialization.JsonSerializerInternalReader.Deserialize(JsonReader reader, Type objectType, Boolean checkAdditionalContent)
   위치: Newtonsoft.Json.JsonSerializer.DeserializeInternal(JsonReader reader, Type objectType)
   위치: Newtonsoft.Json.JsonConvert.DeserializeObject(String value, Type type, JsonSerializerSettings settings)
   위치: Newtonsoft.Json.JsonConvert.DeserializeObject[T](String value, JsonSerializerSettings settings)
   위치: Vision_Align.JsonConvertor.JsonToClass[T](String _path) 파일 D:\1.Program\wonik_sd_vision_align_260104\Vision_Align\Utill\JsonConvertor.cs:줄 10
   위치: Vision_Align.Global.IsLoad_List[T](Boolean isLoad, T obj, String strFullPaht) 파일 D:\1.Program\wonik_sd_vision_align_260104\Vision_Align\Global.cs:줄 233
[ 2026-01-05 14:29:54:608 ] IsLoad_List<NCC_List> : Newtonsoft.Json.JsonReaderException: Unexpected character encountered while parsing value: [. Path 'dRow', line 2, position 11.
   위치: Newtonsoft.Json.JsonTextReader.ReadNumberValue(ReadType readType)
   위치: Newtonsoft.Json.JsonTextReader.ReadAsDouble()
   위치: Newtonsoft.Json.JsonReader.ReadForType(JsonContract contract, Boolean hasConverter)
   위치: Newtonsoft.Json.Serialization.JsonSerializerInternalReader.PopulateObject(Object newObject, JsonReader reader, JsonObjectContract contract, JsonProperty member, String id)
   위치: Newtonsoft.Json.Serialization.JsonSerializerInternalReader.CreateObject(JsonReader reader, Type objectType, JsonContract contract, JsonProperty member, JsonContainerContract containerContract, JsonProperty containerMember, Object existingValue)
   위치: Newtonsoft.Json.Serialization.JsonSerializerInternalReader.CreateValueInternal(JsonReader reader, Type objectType, JsonContract contract, JsonProperty member, JsonContainerContract containerContract, JsonProperty containerMember, Object existingValue)
   위치: Newtonsoft.Json.Serialization.JsonSerializerInternalReader.Deserialize(JsonReader reader, Type objectType, Boolean checkAdditionalContent)
   위치: Newtonsoft.Json.JsonSerializer.DeserializeInternal(JsonReader reader, Type objectType)
   위치: Newtonsoft.Json.JsonConvert.DeserializeObject(String value, Type type, JsonSerializerSettings settings)
   위치: Newtonsoft.Json.JsonConvert.DeserializeObject[T](String value, JsonSerializerSettings settings)
   위치: Vision_Align.JsonConvertor.JsonToClass[T](String _path) 파일 D:\1.Program\wonik_sd_vision_align_260104\Vision_Align\Utill\JsonConvertor.cs:줄 10
   위치: Vision_Align.Global.IsLoad_List[T](Boolean isLoad, T obj, String strFullPaht) 파일 D:\1.Program\wonik_sd_vision_align_260104\Vision_Align\Global.cs:줄 233
[ 2026-01-05 14:30:20:187 ] IsLoad_List<NCC_List> : Newtonsoft.Json.JsonReaderException: Unexpected character encountered while parsing value: [. Path 'dRow', line 2, position 11.
   위치: Newtonsoft.Json.JsonTextReader.ReadNumberValue(ReadType readType)
   위치: Newtonsoft.Json.JsonTextReader.ReadAsDouble()
   위치: Newtonsoft.Json.JsonReader.ReadForType(JsonContract contract, Boolean hasConverter)
   위치: Newtonsoft.Json.Serialization.JsonSerializerInternalReader.PopulateObject(Object newObject, JsonReader reader, JsonObjectContract contract, JsonProperty member, String id)
   위치: Newtonsoft.Json.Serialization.JsonSerializerInternalReader.CreateObject(JsonReader reader, Type objectType, JsonContract contract, JsonProperty member, JsonContainerContract containerContract, JsonProperty containerMember, Object existingValue)
   위치: Newtonsoft.Json.Serialization.JsonSerializerInternalReader.CreateValueInternal(JsonReader reader, Type objectType, JsonContract contract, JsonProperty member, JsonContainerContract containerContract, JsonProperty containerMember, Object existingValue)
   위치: Newtonsoft.Json.Serialization.JsonSerializerInternalReader.Deserialize(JsonReader reader, Type objectType, Boolean checkAdditionalContent)
   위치: Newtonsoft.Json.JsonSerializer.DeserializeInternal(JsonReader reader, Type objectType)
   위치: Newtonsoft.Json.JsonConvert.DeserializeObject(String value, Type type, JsonSerializerSettings settings)
   위치: Newtonsoft.Json.JsonConvert.DeserializeObject[T](String value, JsonSerializerSettings settings)
   위치: Vision_Align.JsonConvertor.JsonToClass[T](String _path) 파일 D:\1.Program\wonik_sd_vision_align_260104\Vision_Align\Utill\JsonConvertor.cs:줄 10
   위치: Vision_Align.Global.IsLoad_List[T](Boolean isLoad, T obj, String strFullPaht) 파일 D:\1.Program\wonik_sd_vision_align_260104\Vision_Align\Global.cs:줄 233
[ 2026-01-05 15:29:26:872 ] IsLoad_List<NCC_List> : Newtonsoft.Json.JsonReaderException: Unexpected character encountered while parsing value: [. Path 'dRow', line 2, position 11.
   위치: Newtonsoft.Json.JsonTextReader.ReadNumberValue(ReadType readType)
   위치: Newtonsoft.Json.JsonTextReader.ReadAsDouble()
   위치: Newtonsoft.Json.JsonReader.ReadForType(JsonContract contract, Boolean hasConverter)
   위치: Newtonsoft.Json.Serialization.JsonSerializerInternalReader.PopulateObject(Object newObject, JsonReader reader, JsonObjectContract contract, JsonProperty member, String id)
   위치: Newtonsoft.Json.Serialization.JsonSerializerInternalReader.CreateObject(JsonReader reader, Type objectType, JsonContract contract, JsonProperty member, JsonContainerContract containerContract, JsonProperty containerMember, Object existingValue)
   위치: Newtonsoft.Json.Serialization.JsonSerializerInternalReader.CreateValueInternal(JsonReader reader, Type objectType, JsonContract contract, JsonProperty member, JsonContainerContract containerContract, JsonProperty containerMember, Object existingValue)
   위치: Newtonsoft.Json.Serialization.JsonSerializerInternalReader.Deserialize(JsonReader reader, Type objectType, Boolean checkAdditionalContent)
   위치: Newtonsoft.Json.JsonSerializer.DeserializeInternal(JsonReader reader, Type objectType)
   위치: Newtonsoft.Json.JsonConvert.DeserializeObject(String value, Type type, JsonSerializerSettings settings)
   위치: Newtonsoft.Json.JsonConvert.DeserializeObject[T](String value, JsonSerializerSettings settings)
   위치: Vision_Align.JsonConvertor.JsonToClass[T](String _path) 파일 D:\1.Program\wonik_sd_vision_align_260104\Vision_Align\Utill\JsonConvertor.cs:줄 10
   위치: Vision_Align.Global.IsLoad_List[T](Boolean isLoad, T obj, String strFullPaht) 파일 D:\1.Program\wonik_sd_vision_align_260104\Vision_Align\Global.cs:줄 233
[ 2026-01-05 15:29:27:998 ] IsLoad_List<NCC_List> : Newtonsoft.Json.JsonReaderException: Unexpected character encountered while parsing value: [. Path 'dRow', line 2, position 11.
   위치: Newtonsoft.Json.JsonTextReader.ReadNumberValue(ReadType readType)
   위치: Newtonsoft.Json.JsonTextReader.ReadAsDouble()
   위치: Newtonsoft.Json.JsonReader.ReadForType(JsonContract contract, Boolean hasConverter)
   위치: Newtonsoft.Json.Serialization.JsonSerializerInternalReader.PopulateObject(Object newObject, JsonReader reader, JsonObjectContract contract, JsonProperty member, String id)
   위치: Newtonsoft.Json.Serialization.JsonSerializerInternalReader.CreateObject(JsonReader reader, Type objectType, JsonContract contract, JsonProperty member, JsonContainerContract containerContract, JsonProperty containerMember, Object existingValue)
   위치: Newtonsoft.Json.Serialization.JsonSerializerInternalReader.CreateValueInternal(JsonReader reader, Type objectType, JsonContract contract, JsonProperty member, JsonContainerContract containerContract, JsonProperty containerMember, Object existingValue)
   위치: Newtonsoft.Json.Serialization.JsonSerializerInternalReader.Deserialize(JsonReader reader, Type objectType, Boolean checkAdditionalContent)
   위치: Newtonsoft.Json.JsonSerializer.DeserializeInternal(JsonReader reader, Type objectType)
   위치: Newtonsoft.Json.JsonConvert.DeserializeObject(String value, Type type, JsonSerializerSettings settings)
   위치: Newtonsoft.Json.JsonConvert.DeserializeObject[T](String value, JsonSerializerSettings settings)
   위치: Vision_Align.JsonConvertor.JsonToClass[T](String _path) 파일 D:\1.Program\wonik_sd_vision_align_260104\Vision_Align\Utill\JsonConvertor.cs:줄 10
   위치: Vision_Align.Global.IsLoad_List[T](Boolean isLoad, T obj, String strFullPaht) 파일 D:\1.Program\wonik_sd_vision_align_260104\Vision_Align\Global.cs:줄 233
[ 2026-01-05 15:51:17:063 ] 
2026/01/05 15:51:17.061
Exception Found:
Type: System.InvalidCastException
Message: 지정한 캐스트가 잘못되었습니다.
Source: Vision_Align
Stacktrace:    위치: Vision_Align.ClsOmron.UpdateAI()
   위치: Vision_Align.ClsOmron.UpdateIO()
   위치: Vision_Align.ClsOmronThread.MainThreadRunAsync()
   위치: System.Threading.ExecutionContext.RunInternal(ExecutionContext executionContext, ContextCallback callback, Object state, Boolean preserveSyncCtx)
   위치: System.Threading.ExecutionContext.Run(ExecutionContext executionContext, ContextCallback callback, Object state, Boolean preserveSyncCtx)
   위치: System.Threading.ExecutionContext.Run(ExecutionContext executionContext, ContextCallback callback, Object state)
   위치: System.Threading.ThreadHelper.ThreadStart()
[ 2026-01-05 16:31:15:479 ] IsLoad_List<NCC_List> : Newtonsoft.Json.JsonReaderException: Unexpected character encountered while parsing value: [. Path 'dRow', line 2, position 11.
   위치: Newtonsoft.Json.JsonTextReader.ReadNumberValue(ReadType readType)
   위치: Newtonsoft.Json.JsonTextReader.ReadAsDouble()
   위치: Newtonsoft.Json.JsonReader.ReadForType(JsonContract contract, Boolean hasConverter)
   위치: Newtonsoft.Json.Serialization.JsonSerializerInternalReader.PopulateObject(Object newObject, JsonReader reader, JsonObjectContract contract, JsonProperty member, String id)
   위치: Newtonsoft.Json.Serialization.JsonSerializerInternalReader.CreateObject(JsonReader reader, Type objectType, JsonContract contract, JsonProperty member, JsonContainerContract containerContract, JsonProperty containerMember, Object existingValue)
   위치: Newtonsoft.Json.Serialization.JsonSerializerInternalReader.CreateValueInternal(JsonReader reader, Type objectType, JsonContract contract, JsonProperty member, JsonContainerContract containerContract, JsonProperty containerMember, Object existingValue)
   위치: Newtonsoft.Json.Serialization.JsonSerializerInternalReader.Deserialize(JsonReader reader, Type objectType, Boolean checkAdditionalContent)
   위치: Newtonsoft.Json.JsonSerializer.DeserializeInternal(JsonReader reader, Type objectType)
   위치: Newtonsoft.Json.JsonConvert.DeserializeObject(String value, Type type, JsonSerializerSettings settings)
   위치: Newtonsoft.Json.JsonConvert.DeserializeObject[T](String value, JsonSerializerSettings settings)
   위치: Vision_Align.JsonConvertor.JsonToClass[T](String _path) 파일 D:\1.Program\wonik_sd_vision_align_260104\Vision_Align\Utill\JsonConvertor.cs:줄 10
   위치: Vision_Align.Global.IsLoad_List[T](Boolean isLoad, T obj, String strFullPaht) 파일 D:\1.Program\wonik_sd_vision_align_260104\Vision_Align\Global.cs:줄 233
[ 2026-01-05 16:31:16:601 ] IsLoad_List<NCC_List> : Newtonsoft.Json.JsonReaderException: Unexpected character encountered while parsing value: [. Path 'dRow', line 2, position 11.
   위치: Newtonsoft.Json.JsonTextReader.ReadNumberValue(ReadType readType)
   위치: Newtonsoft.Json.JsonTextReader.ReadAsDouble()
   위치: Newtonsoft.Json.JsonReader.ReadForType(JsonContract contract, Boolean hasConverter)
   위치: Newtonsoft.Json.Serialization.JsonSerializerInternalReader.PopulateObject(Object newObject, JsonReader reader, JsonObjectContract contract, JsonProperty member, String id)
   위치: Newtonsoft.Json.Serialization.JsonSerializerInternalReader.CreateObject(JsonReader reader, Type objectType, JsonContract contract, JsonProperty member, JsonContainerContract containerContract, JsonProperty containerMember, Object existingValue)
   위치: Newtonsoft.Json.Serialization.JsonSerializerInternalReader.CreateValueInternal(JsonReader reader, Type objectType, JsonContract contract, JsonProperty member, JsonContainerContract containerContract, JsonProperty containerMember, Object existingValue)
   위치: Newtonsoft.Json.Serialization.JsonSerializerInternalReader.Deserialize(JsonReader reader, Type objectType, Boolean checkAdditionalContent)
   위치: Newtonsoft.Json.JsonSerializer.DeserializeInternal(JsonReader reader, Type objectType)
   위치: Newtonsoft.Json.JsonConvert.DeserializeObject(String value, Type type, JsonSerializerSettings settings)
   위치: Newtonsoft.Json.JsonConvert.DeserializeObject[T](String value, JsonSerializerSettings settings)
   위치: Vision_Align.JsonConvertor.JsonToClass[T](String _path) 파일 D:\1.Program\wonik_sd_vision_align_260104\Vision_Align\Utill\JsonConvertor.cs:줄 10
   위치: Vision_Align.Global.IsLoad_List[T](Boolean isLoad, T obj, String strFullPaht) 파일 D:\1.Program\wonik_sd_vision_align_260104\Vision_Align\Global.cs:줄 233
[ 2026-01-05 16:40:02:780 ] IsLoad_List<NCC_List> : Newtonsoft.Json.JsonReaderException: Unexpected character encountered while parsing value: [. Path 'dRow', line 2, position 11.
   위치: Newtonsoft.Json.JsonTextReader.ReadNumberValue(ReadType readType)
   위치: Newtonsoft.Json.JsonTextReader.ReadAsDouble()
   위치: Newtonsoft.Json.JsonReader.ReadForType(JsonContract contract, Boolean hasConverter)
   위치: Newtonsoft.Json.Serialization.JsonSerializerInternalReader.PopulateObject(Object newObject, JsonReader reader, JsonObjectContract contract, JsonProperty member, String id)
   위치: Newtonsoft.Json.Serialization.JsonSerializerInternalReader.CreateObject(JsonReader reader, Type objectType, JsonContract contract, JsonProperty member, JsonContainerContract containerContract, JsonProperty containerMember, Object existingValue)
   위치: Newtonsoft.Json.Serialization.JsonSerializerInternalReader.CreateValueInternal(JsonReader reader, Type objectType, JsonContract contract, JsonProperty member, JsonContainerContract containerContract, JsonProperty containerMember, Object existingValue)
   위치: Newtonsoft.Json.Serialization.JsonSerializerInternalReader.Deserialize(JsonReader reader, Type objectType, Boolean checkAdditionalContent)
   위치: Newtonsoft.Json.JsonSerializer.DeserializeInternal(JsonReader reader, Type objectType)
   위치: Newtonsoft.Json.JsonConvert.DeserializeObject(String value, Type type, JsonSerializerSettings settings)
   위치: Newtonsoft.Json.JsonConvert.DeserializeObject[T](String value, JsonSerializerSettings settings)
   위치: Vision_Align.JsonConvertor.JsonToClass[T](String _path) 파일 D:\1.Program\wonik_sd_vision_align_260104\Vision_Align\Utill\JsonConvertor.cs:줄 10
   위치: Vision_Align.Global.IsLoad_List[T](Boolean isLoad, T obj, String strFullPaht) 파일 D:\1.Program\wonik_sd_vision_align_260104\Vision_Align\Global.cs:줄 233
[ 2026-01-05 16:40:03:901 ] IsLoad_List<NCC_List> : Newtonsoft.Json.JsonReaderException: Unexpected character encountered while parsing value: [. Path 'dRow', line 2, position 11.
   위치: Newtonsoft.Json.JsonTextReader.ReadNumberValue(ReadType readType)
   위치: Newtonsoft.Json.JsonTextReader.ReadAsDouble()
   위치: Newtonsoft.Json.JsonReader.ReadForType(JsonContract contract, Boolean hasConverter)
   위치: Newtonsoft.Json.Serialization.JsonSerializerInternalReader.PopulateObject(Object newObject, JsonReader reader, JsonObjectContract contract, JsonProperty member, String id)
   위치: Newtonsoft.Json.Serialization.JsonSerializerInternalReader.CreateObject(JsonReader reader, Type objectType, JsonContract contract, JsonProperty member, JsonContainerContract containerContract, JsonProperty containerMember, Object existingValue)
   위치: Newtonsoft.Json.Serialization.JsonSerializerInternalReader.CreateValueInternal(JsonReader reader, Type objectType, JsonContract contract, JsonProperty member, JsonContainerContract containerContract, JsonProperty containerMember, Object existingValue)
   위치: Newtonsoft.Json.Serialization.JsonSerializerInternalReader.Deserialize(JsonReader reader, Type objectType, Boolean checkAdditionalContent)
   위치: Newtonsoft.Json.JsonSerializer.DeserializeInternal(JsonReader reader, Type objectType)
   위치: Newtonsoft.Json.JsonConvert.DeserializeObject(String value, Type type, JsonSerializerSettings settings)
   위치: Newtonsoft.Json.JsonConvert.DeserializeObject[T](String value, JsonSerializerSettings settings)
   위치: Vision_Align.JsonConvertor.JsonToClass[T](String _path) 파일 D:\1.Program\wonik_sd_vision_align_260104\Vision_Align\Utill\JsonConvertor.cs:줄 10
   위치: Vision_Align.Global.IsLoad_List[T](Boolean isLoad, T obj, String strFullPaht) 파일 D:\1.Program\wonik_sd_vision_align_260104\Vision_Align\Global.cs:줄 233
[ 2026-01-05 17:01:26:217 ] IsLoad_List<NCC_List> : Newtonsoft.Json.JsonReaderException: Unexpected character encountered while parsing value: [. Path 'dRow', line 2, position 11.
   위치: Newtonsoft.Json.JsonTextReader.ReadNumberValue(ReadType readType)
   위치: Newtonsoft.Json.JsonTextReader.ReadAsDouble()
   위치: Newtonsoft.Json.JsonReader.ReadForType(JsonContract contract, Boolean hasConverter)
   위치: Newtonsoft.Json.Serialization.JsonSerializerInternalReader.PopulateObject(Object newObject, JsonReader reader, JsonObjectContract contract, JsonProperty member, String id)
   위치: Newtonsoft.Json.Serialization.JsonSerializerInternalReader.CreateObject(JsonReader reader, Type objectType, JsonContract contract, JsonProperty member, JsonContainerContract containerContract, JsonProperty containerMember, Object existingValue)
   위치: Newtonsoft.Json.Serialization.JsonSerializerInternalReader.CreateValueInternal(JsonReader reader, Type objectType, JsonContract contract, JsonProperty member, JsonContainerContract containerContract, JsonProperty containerMember, Object existingValue)
   위치: Newtonsoft.Json.Serialization.JsonSerializerInternalReader.Deserialize(JsonReader reader, Type objectType, Boolean checkAdditionalContent)
   위치: Newtonsoft.Json.JsonSerializer.DeserializeInternal(JsonReader reader, Type objectType)
   위치: Newtonsoft.Json.JsonConvert.DeserializeObject(String value, Type type, JsonSerializerSettings settings)
   위치: Newtonsoft.Json.JsonConvert.DeserializeObject[T](String value, JsonSerializerSettings settings)
   위치: Vision_Align.JsonConvertor.JsonToClass[T](String _path) 파일 D:\1.Program\wonik_sd_vision_align_260104\Vision_Align\Utill\JsonConvertor.cs:줄 10
   위치: Vision_Align.Global.IsLoad_List[T](Boolean isLoad, T obj, String strFullPaht) 파일 D:\1.Program\wonik_sd_vision_align_260104\Vision_Align\Global.cs:줄 233
[ 2026-01-05 17:01:27:334 ] IsLoad_List<NCC_List> : Newtonsoft.Json.JsonReaderException: Unexpected character encountered while parsing value: [. Path 'dRow', line 2, position 11.
   위치: Newtonsoft.Json.JsonTextReader.ReadNumberValue(ReadType readType)
   위치: Newtonsoft.Json.JsonTextReader.ReadAsDouble()
   위치: Newtonsoft.Json.JsonReader.ReadForType(JsonContract contract, Boolean hasConverter)
   위치: Newtonsoft.Json.Serialization.JsonSerializerInternalReader.PopulateObject(Object newObject, JsonReader reader, JsonObjectContract contract, JsonProperty member, String id)
   위치: Newtonsoft.Json.Serialization.JsonSerializerInternalReader.CreateObject(JsonReader reader, Type objectType, JsonContract contract, JsonProperty member, JsonContainerContract containerContract, JsonProperty containerMember, Object existingValue)
   위치: Newtonsoft.Json.Serialization.JsonSerializerInternalReader.CreateValueInternal(JsonReader reader, Type objectType, JsonContract contract, JsonProperty member, JsonContainerContract containerContract, JsonProperty containerMember, Object existingValue)
   위치: Newtonsoft.Json.Serialization.JsonSerializerInternalReader.Deserialize(JsonReader reader, Type objectType, Boolean checkAdditionalContent)
   위치: Newtonsoft.Json.JsonSerializer.DeserializeInternal(JsonReader reader, Type objectType)
   위치: Newtonsoft.Json.JsonConvert.DeserializeObject(String value, Type type, JsonSerializerSettings settings)
   위치: Newtonsoft.Json.JsonConvert.DeserializeObject[T](String value, JsonSerializerSettings settings)
   위치: Vision_Align.JsonConvertor.JsonToClass[T](String _path) 파일 D:\1.Program\wonik_sd_vision_align_260104\Vision_Align\Utill\JsonConvertor.cs:줄 10
   위치: Vision_Align.Global.IsLoad_List[T](Boolean isLoad, T obj, String strFullPaht) 파일 D:\1.Program\wonik_sd_vision_align_260104\Vision_Align\Global.cs:줄 233
[ 2026-01-05 17:37:21:017 ] IsLoad_List<NCC_List> : Newtonsoft.Json.JsonReaderException: Unexpected character encountered while parsing value: [. Path 'dRow', line 2, position 11.
   위치: Newtonsoft.Json.JsonTextReader.ReadNumberValue(ReadType readType)
   위치: Newtonsoft.Json.JsonTextReader.ReadAsDouble()
   위치: Newtonsoft.Json.JsonReader.ReadForType(JsonContract contract, Boolean hasConverter)
   위치: Newtonsoft.Json.Serialization.JsonSerializerInternalReader.PopulateObject(Object newObject, JsonReader reader, JsonObjectContract contract, JsonProperty member, String id)
   위치: Newtonsoft.Json.Serialization.JsonSerializerInternalReader.CreateObject(JsonReader reader, Type objectType, JsonContract contract, JsonProperty member, JsonContainerContract containerContract, JsonProperty containerMember, Object existingValue)
   위치: Newtonsoft.Json.Serialization.JsonSerializerInternalReader.CreateValueInternal(JsonReader reader, Type objectType, JsonContract contract, JsonProperty member, JsonContainerContract containerContract, JsonProperty containerMember, Object existingValue)
   위치: Newtonsoft.Json.Serialization.JsonSerializerInternalReader.Deserialize(JsonReader reader, Type objectType, Boolean checkAdditionalContent)
   위치: Newtonsoft.Json.JsonSerializer.DeserializeInternal(JsonReader reader, Type objectType)
   위치: Newtonsoft.Json.JsonConvert.DeserializeObject(String value, Type type, JsonSerializerSettings settings)
   위치: Newtonsoft.Json.JsonConvert.DeserializeObject[T](String value, JsonSerializerSettings settings)
   위치: Vision_Align.JsonConvertor.JsonToClass[T](String _path) 파일 D:\1.Program\wonik_sd_vision_align_260104\Vision_Align\Utill\JsonConvertor.cs:줄 10
   위치: Vision_Align.Global.IsLoad_List[T](Boolean isLoad, T obj, String strFullPaht) 파일 D:\1.Program\wonik_sd_vision_align_260104\Vision_Align\Global.cs:줄 233
[ 2026-01-05 17:37:22:144 ] IsLoad_List<NCC_List> : Newtonsoft.Json.JsonReaderException: Unexpected character encountered while parsing value: [. Path 'dRow', line 2, position 11.
   위치: Newtonsoft.Json.JsonTextReader.ReadNumberValue(ReadType readType)
   위치: Newtonsoft.Json.JsonTextReader.ReadAsDouble()
   위치: Newtonsoft.Json.JsonReader.ReadForType(JsonContract contract, Boolean hasConverter)
   위치: Newtonsoft.Json.Serialization.JsonSerializerInternalReader.PopulateObject(Object newObject, JsonReader reader, JsonObjectContract contract, JsonProperty member, String id)
   위치: Newtonsoft.Json.Serialization.JsonSerializerInternalReader.CreateObject(JsonReader reader, Type objectType, JsonContract contract, JsonProperty member, JsonContainerContract containerContract, JsonProperty containerMember, Object existingValue)
   위치: Newtonsoft.Json.Serialization.JsonSerializerInternalReader.CreateValueInternal(JsonReader reader, Type objectType, JsonContract contract, JsonProperty member, JsonContainerContract containerContract, JsonProperty containerMember, Object existingValue)
   위치: Newtonsoft.Json.Serialization.JsonSerializerInternalReader.Deserialize(JsonReader reader, Type objectType, Boolean checkAdditionalContent)
   위치: Newtonsoft.Json.JsonSerializer.DeserializeInternal(JsonReader reader, Type objectType)
   위치: Newtonsoft.Json.JsonConvert.DeserializeObject(String value, Type type, JsonSerializerSettings settings)
   위치: Newtonsoft.Json.JsonConvert.DeserializeObject[T](String value, JsonSerializerSettings settings)
   위치: Vision_Align.JsonConvertor.JsonToClass[T](String _path) 파일 D:\1.Program\wonik_sd_vision_align_260104\Vision_Align\Utill\JsonConvertor.cs:줄 10
   위치: Vision_Align.Global.IsLoad_List[T](Boolean isLoad, T obj, String strFullPaht) 파일 D:\1.Program\wonik_sd_vision_align_260104\Vision_Align\Global.cs:줄 233
[ 2026-01-05 17:58:03:403 ] IsLoad_List<NCC_List> : Newtonsoft.Json.JsonReaderException: Unexpected character encountered while parsing value: [. Path 'dRow', line 2, position 11.
   위치: Newtonsoft.Json.JsonTextReader.ReadNumberValue(ReadType readType)
   위치: Newtonsoft.Json.JsonTextReader.ReadAsDouble()
   위치: Newtonsoft.Json.JsonReader.ReadForType(JsonContract contract, Boolean hasConverter)
   위치: Newtonsoft.Json.Serialization.JsonSerializerInternalReader.PopulateObject(Object newObject, JsonReader reader, JsonObjectContract contract, JsonProperty member, String id)
   위치: Newtonsoft.Json.Serialization.JsonSerializerInternalReader.CreateObject(JsonReader reader, Type objectType, JsonContract contract, JsonProperty member, JsonContainerContract containerContract, JsonProperty containerMember, Object existingValue)
   위치: Newtonsoft.Json.Serialization.JsonSerializerInternalReader.CreateValueInternal(JsonReader reader, Type objectType, JsonContract contract, JsonProperty member, JsonContainerContract containerContract, JsonProperty containerMember, Object existingValue)
   위치: Newtonsoft.Json.Serialization.JsonSerializerInternalReader.Deserialize(JsonReader reader, Type objectType, Boolean checkAdditionalContent)
   위치: Newtonsoft.Json.JsonSerializer.DeserializeInternal(JsonReader reader, Type objectType)
   위치: Newtonsoft.Json.JsonConvert.DeserializeObject(String value, Type type, JsonSerializerSettings settings)
   위치: Newtonsoft.Json.JsonConvert.DeserializeObject[T](String value, JsonSerializerSettings settings)
   위치: Vision_Align.JsonConvertor.JsonToClass[T](String _path) 파일 D:\1.Program\wonik_sd_vision_align_260104\Vision_Align\Utill\JsonConvertor.cs:줄 10
   위치: Vision_Align.Global.IsLoad_List[T](Boolean isLoad, T obj, String strFullPaht) 파일 D:\1.Program\wonik_sd_vision_align_260104\Vision_Align\Global.cs:줄 233
[ 2026-01-05 17:58:04:533 ] IsLoad_List<NCC_List> : Newtonsoft.Json.JsonReaderException: Unexpected character encountered while parsing value: [. Path 'dRow', line 2, position 11.
   위치: Newtonsoft.Json.JsonTextReader.ReadNumberValue(ReadType readType)
   위치: Newtonsoft.Json.JsonTextReader.ReadAsDouble()
   위치: Newtonsoft.Json.JsonReader.ReadForType(JsonContract contract, Boolean hasConverter)
   위치: Newtonsoft.Json.Serialization.JsonSerializerInternalReader.PopulateObject(Object newObject, JsonReader reader, JsonObjectContract contract, JsonProperty member, String id)
   위치: Newtonsoft.Json.Serialization.JsonSerializerInternalReader.CreateObject(JsonReader reader, Type objectType, JsonContract contract, JsonProperty member, JsonContainerContract containerContract, JsonProperty containerMember, Object existingValue)
   위치: Newtonsoft.Json.Serialization.JsonSerializerInternalReader.CreateValueInternal(JsonReader reader, Type objectType, JsonContract contract, JsonProperty member, JsonContainerContract containerContract, JsonProperty containerMember, Object existingValue)
   위치: Newtonsoft.Json.Serialization.JsonSerializerInternalReader.Deserialize(JsonReader reader, Type objectType, Boolean checkAdditionalContent)
   위치: Newtonsoft.Json.JsonSerializer.DeserializeInternal(JsonReader reader, Type objectType)
   위치: Newtonsoft.Json.JsonConvert.DeserializeObject(String value, Type type, JsonSerializerSettings settings)
   위치: Newtonsoft.Json.JsonConvert.DeserializeObject[T](String value, JsonSerializerSettings settings)
   위치: Vision_Align.JsonConvertor.JsonToClass[T](String _path) 파일 D:\1.Program\wonik_sd_vision_align_260104\Vision_Align\Utill\JsonConvertor.cs:줄 10
   위치: Vision_Align.Global.IsLoad_List[T](Boolean isLoad, T obj, String strFullPaht) 파일 D:\1.Program\wonik_sd_vision_align_260104\Vision_Align\Global.cs:줄 233
[ 2026-01-05 18:05:57:223 ] IsLoad_List<NCC_List> : Newtonsoft.Json.JsonReaderException: Unexpected character encountered while parsing value: [. Path 'dRow', line 2, position 11.
   위치: Newtonsoft.Json.JsonTextReader.ReadNumberValue(ReadType readType)
   위치: Newtonsoft.Json.JsonTextReader.ReadAsDouble()
   위치: Newtonsoft.Json.JsonReader.ReadForType(JsonContract contract, Boolean hasConverter)
   위치: Newtonsoft.Json.Serialization.JsonSerializerInternalReader.PopulateObject(Object newObject, JsonReader reader, JsonObjectContract contract, JsonProperty member, String id)
   위치: Newtonsoft.Json.Serialization.JsonSerializerInternalReader.CreateObject(JsonReader reader, Type objectType, JsonContract contract, JsonProperty member, JsonContainerContract containerContract, JsonProperty containerMember, Object existingValue)
   위치: Newtonsoft.Json.Serialization.JsonSerializerInternalReader.CreateValueInternal(JsonReader reader, Type objectType, JsonContract contract, JsonProperty member, JsonContainerContract containerContract, JsonProperty containerMember, Object existingValue)
   위치: Newtonsoft.Json.Serialization.JsonSerializerInternalReader.Deserialize(JsonReader reader, Type objectType, Boolean checkAdditionalContent)
   위치: Newtonsoft.Json.JsonSerializer.DeserializeInternal(JsonReader reader, Type objectType)
   위치: Newtonsoft.Json.JsonConvert.DeserializeObject(String value, Type type, JsonSerializerSettings settings)
   위치: Newtonsoft.Json.JsonConvert.DeserializeObject[T](String value, JsonSerializerSettings settings)
   위치: Vision_Align.JsonConvertor.JsonToClass[T](String _path) 파일 D:\1.Program\wonik_sd_vision_align_260104\Vision_Align\Utill\JsonConvertor.cs:줄 10
   위치: Vision_Align.Global.IsLoad_List[T](Boolean isLoad, T obj, String strFullPaht) 파일 D:\1.Program\wonik_sd_vision_align_260104\Vision_Align\Global.cs:줄 233
[ 2026-01-05 18:05:58:329 ] IsLoad_List<NCC_List> : Newtonsoft.Json.JsonReaderException: Unexpected character encountered while parsing value: [. Path 'dRow', line 2, position 11.
   위치: Newtonsoft.Json.JsonTextReader.ReadNumberValue(ReadType readType)
   위치: Newtonsoft.Json.JsonTextReader.ReadAsDouble()
   위치: Newtonsoft.Json.JsonReader.ReadForType(JsonContract contract, Boolean hasConverter)
   위치: Newtonsoft.Json.Serialization.JsonSerializerInternalReader.PopulateObject(Object newObject, JsonReader reader, JsonObjectContract contract, JsonProperty member, String id)
   위치: Newtonsoft.Json.Serialization.JsonSerializerInternalReader.CreateObject(JsonReader reader, Type objectType, JsonContract contract, JsonProperty member, JsonContainerContract containerContract, JsonProperty containerMember, Object existingValue)
   위치: Newtonsoft.Json.Serialization.JsonSerializerInternalReader.CreateValueInternal(JsonReader reader, Type objectType, JsonContract contract, JsonProperty member, JsonContainerContract containerContract, JsonProperty containerMember, Object existingValue)
   위치: Newtonsoft.Json.Serialization.JsonSerializerInternalReader.Deserialize(JsonReader reader, Type objectType, Boolean checkAdditionalContent)
   위치: Newtonsoft.Json.JsonSerializer.DeserializeInternal(JsonReader reader, Type objectType)
   위치: Newtonsoft.Json.JsonConvert.DeserializeObject(String value, Type type, JsonSerializerSettings settings)
   위치: Newtonsoft.Json.JsonConvert.DeserializeObject[T](String value, JsonSerializerSettings settings)
   위치: Vision_Align.JsonConvertor.JsonToClass[T](String _path) 파일 D:\1.Program\wonik_sd_vision_align_260104\Vision_Align\Utill\JsonConvertor.cs:줄 10
   위치: Vision_Align.Global.IsLoad_List[T](Boolean isLoad, T obj, String strFullPaht) 파일 D:\1.Program\wonik_sd_vision_align_260104\Vision_Align\Global.cs:줄 233
