[ 2026-01-13 11:24:01:420 ] 
2026/01/13 11:24:01.409
Exception Found:
Type: System.ArgumentException
Message: 버퍼 크기가 이미지 크기보다 작습니다.
Source: Vision_Align
Stacktrace:    위치: Vision_Align.ClsAlgorithm.SetImage(HTuple hWindow, Byte[] img, Int32 nWidth, Int32 nHeight)
   위치: Vision_Align.ClsCamera.Grab()
   위치: Vision_Align.ClsAutoThread.GrabAllCamera()
   위치: Vision_Align.ClsAutoThread.MainThreadRunAsync()
   위치: System.Threading.ExecutionContext.RunInternal(ExecutionContext executionContext, ContextCallback callback, Object state, Boolean preserveSyncCtx)
   위치: System.Threading.ExecutionContext.Run(ExecutionContext executionContext, ContextCallback callback, Object state, Boolean preserveSyncCtx)
   위치: System.Threading.ExecutionContext.Run(ExecutionContext executionContext, ContextCallback callback, Object state)
   위치: System.Threading.ThreadHelper.ThreadStart()
[ 2026-01-13 11:24:12:603 ] 
2026/01/13 11:24:12.603
Exception Found:
Type: System.ArgumentException
Message: 버퍼 크기가 이미지 크기보다 작습니다.
Source: Vision_Align
Stacktrace:    위치: Vision_Align.ClsAlgorithm.SetImage(HTuple hWindow, Byte[] img, Int32 nWidth, Int32 nHeight)
   위치: Vision_Align.ClsCamera.Grab()
   위치: Vision_Align.ClsAutoThread.GrabAllCamera()
   위치: Vision_Align.ClsAutoThread.MainThreadRunAsync()
   위치: System.Threading.ExecutionContext.RunInternal(ExecutionContext executionContext, ContextCallback callback, Object state, Boolean preserveSyncCtx)
   위치: System.Threading.ExecutionContext.Run(ExecutionContext executionContext, ContextCallback callback, Object state, Boolean preserveSyncCtx)
   위치: System.Threading.ExecutionContext.Run(ExecutionContext executionContext, ContextCallback callback, Object state)
   위치: System.Threading.ThreadHelper.ThreadStart()
[ 2026-01-13 11:44:00:850 ] 
2026/01/13 11:44:00.831
Exception Found:
Type: System.ArgumentException
Message: 버퍼 크기가 이미지 크기보다 작습니다.
Source: Vision_Align
Stacktrace:    위치: Vision_Align.ClsAlgorithm.SetImage(HTuple hWindow, Byte[] img, Int32 nWidth, Int32 nHeight) 파일 D:\1.Program\wonik_sd_vision_align_250107\Vision_Align\Utill\ClsAlgorithm.cs:줄 775
   위치: Vision_Align.ClsCamera.Grab() 파일 D:\1.Program\wonik_sd_vision_align_250107\Vision_Align\Utill\ClsCamera.cs:줄 110
   위치: Vision_Align.ClsAutoThread.GrabAllCamera() 파일 D:\1.Program\wonik_sd_vision_align_250107\Vision_Align\7.Thread\ClsAutoThread.cs:줄 50
   위치: Vision_Align.ClsAutoThread.MainThreadRunAsync() 파일 D:\1.Program\wonik_sd_vision_align_250107\Vision_Align\7.Thread\ClsAutoThread.cs:줄 300
   위치: System.Threading.ExecutionContext.RunInternal(ExecutionContext executionContext, ContextCallback callback, Object state, Boolean preserveSyncCtx)
   위치: System.Threading.ExecutionContext.Run(ExecutionContext executionContext, ContextCallback callback, Object state, Boolean preserveSyncCtx)
   위치: System.Threading.ExecutionContext.Run(ExecutionContext executionContext, ContextCallback callback, Object state)
   위치: System.Threading.ThreadHelper.ThreadStart()
[ 2026-01-13 11:44:07:537 ] 
2026/01/13 11:44:07.537
Exception Found:
Type: System.ArgumentException
Message: 버퍼 크기가 이미지 크기보다 작습니다.
Source: Vision_Align
Stacktrace:    위치: Vision_Align.ClsAlgorithm.SetImage(HTuple hWindow, Byte[] img, Int32 nWidth, Int32 nHeight) 파일 D:\1.Program\wonik_sd_vision_align_250107\Vision_Align\Utill\ClsAlgorithm.cs:줄 775
   위치: Vision_Align.ClsCamera.Grab() 파일 D:\1.Program\wonik_sd_vision_align_250107\Vision_Align\Utill\ClsCamera.cs:줄 110
   위치: Vision_Align.ClsAutoThread.GrabAllCamera() 파일 D:\1.Program\wonik_sd_vision_align_250107\Vision_Align\7.Thread\ClsAutoThread.cs:줄 50
   위치: Vision_Align.ClsAutoThread.MainThreadRunAsync() 파일 D:\1.Program\wonik_sd_vision_align_250107\Vision_Align\7.Thread\ClsAutoThread.cs:줄 300
   위치: System.Threading.ExecutionContext.RunInternal(ExecutionContext executionContext, ContextCallback callback, Object state, Boolean preserveSyncCtx)
   위치: System.Threading.ExecutionContext.Run(ExecutionContext executionContext, ContextCallback callback, Object state, Boolean preserveSyncCtx)
   위치: System.Threading.ExecutionContext.Run(ExecutionContext executionContext, ContextCallback callback, Object state)
   위치: System.Threading.ThreadHelper.ThreadStart()
[ 2026-01-13 20:28:55:331 ] 
2026/01/13 20:28:55.324
Exception Found:
Type: System.ArgumentException
Message: 버퍼 크기가 이미지 크기보다 작습니다.
Source: Vision_Align
Stacktrace:    위치: Vision_Align.ClsAlgorithm.SetImage(HTuple hWindow, Byte[] img, Int32 nWidth, Int32 nHeight)
   위치: Vision_Align.ClsCamera.Grab()
   위치: Vision_Align.ClsAutoThread.GrabAllCamera()
   위치: Vision_Align.ClsAutoThread.MainThreadRunAsync()
   위치: System.Threading.ExecutionContext.RunInternal(ExecutionContext executionContext, ContextCallback callback, Object state, Boolean preserveSyncCtx)
   위치: System.Threading.ExecutionContext.Run(ExecutionContext executionContext, ContextCallback callback, Object state, Boolean preserveSyncCtx)
   위치: System.Threading.ExecutionContext.Run(ExecutionContext executionContext, ContextCallback callback, Object state)
   위치: System.Threading.ThreadHelper.ThreadStart()
[ 2026-01-13 20:29:07:707 ] 
2026/01/13 20:29:07.707
Exception Found:
Type: System.ArgumentException
Message: 버퍼 크기가 이미지 크기보다 작습니다.
Source: Vision_Align
Stacktrace:    위치: Vision_Align.ClsAlgorithm.SetImage(HTuple hWindow, Byte[] img, Int32 nWidth, Int32 nHeight)
   위치: Vision_Align.ClsCamera.Grab()
   위치: Vision_Align.ClsAutoThread.GrabAllCamera()
   위치: Vision_Align.ClsAutoThread.MainThreadRunAsync()
   위치: System.Threading.ExecutionContext.RunInternal(ExecutionContext executionContext, ContextCallback callback, Object state, Boolean preserveSyncCtx)
   위치: System.Threading.ExecutionContext.Run(ExecutionContext executionContext, ContextCallback callback, Object state, Boolean preserveSyncCtx)
   위치: System.Threading.ExecutionContext.Run(ExecutionContext executionContext, ContextCallback callback, Object state)
   위치: System.Threading.ThreadHelper.ThreadStart()
[ 2026-01-13 21:41:45:371 ] ClsUvwStage.Move Exception: System.Threading.ThreadAbortException: 스레드가 중단되었습니다.
   위치: System.Threading.Thread.SleepInternal(Int32 millisecondsTimeout)
   위치: System.Threading.Thread.Sleep(Int32 millisecondsTimeout)
   위치: Vision_Align.ClsUvwStage.WaitMoveDoneAndInPos(Double targetU, Double targetV, Double targetW, Int32 inPosGap, Int32 timeoutMs)
   위치: Vision_Align.ClsUvwStage.Move(Double x, Double y, Double t)
[ 2026-01-13 21:43:18:064 ] ClsUvwStage.Move Exception: System.Threading.ThreadAbortException: 스레드가 중단되었습니다.
   위치: Microsoft.Win32.SafeNativeMethods.QueryPerformanceCounter(Int64& value)
   위치: System.Diagnostics.Stopwatch.GetTimestamp()
   위치: System.Diagnostics.Stopwatch.GetElapsedDateTimeTicks()
   위치: System.Diagnostics.Stopwatch.get_ElapsedMilliseconds()
   위치: Vision_Align.ClsUvwStage.WaitMoveDoneAndInPos(Double targetU, Double targetV, Double targetW, Int32 inPosGap, Int32 timeoutMs) 파일 D:\1.Program\wonik_sd_vision_align_250107\Vision_Align\Utill\ClsUvwStage.cs:줄 71
   위치: Vision_Align.ClsUvwStage.Move(Double x, Double y, Double t)
