[ 2026-01-27 09:33:25:827 ] ------========= Program End =========------
[ 2026-01-27 09:33:41:126 ] ========= Program Start =========
[ 2026-01-27 09:41:54:328 ] [WAIT] Start
[ 2026-01-27 09:42:22:726 ] [WAIT] End
[ 2026-01-27 09:42:22:726 ] [CALIBRATION_MODE] Start
[ 2026-01-27 09:42:22:747 ] [CALIBRATION_MODE]     CAM_1 Z Axis Move Start
[ 2026-01-27 09:42:22:747 ] [CALIBRATION_MODE]     CAM_1 Z Axis Move End
[ 2026-01-27 09:42:22:757 ] [CALIBRATION_MODE]     CAM_2 Z Axis Move Start
[ 2026-01-27 09:42:22:757 ] [CALIBRATION_MODE]     CAM_2 Z Axis Move End
[ 2026-01-27 09:42:22:980 ] [CALIBRATION_MODE]     CAM_1 Camera Parameter Set
[ 2026-01-27 09:42:23:205 ] [CALIBRATION_MODE]     CAM_2 Camera Parameter Set
[ 2026-01-27 09:42:23:226 ] [CALIBRATION_MODE]     CAM_1 Light Controller Set
[ 2026-01-27 09:42:24:988 ] [CALIBRATION_MODE]     CAM_2 Light Controller Set
[ 2026-01-27 09:42:24:988 ] [CALIBRATION_MODE] 9-Point Camera Calibration Start
[ 2026-01-27 09:42:24:988 ] [CALIBRATION_MODE]     UVW Stage Move 0 Start
[ 2026-01-27 09:42:33:796 ] [CALIBRATION_MODE]     UVW Stage Move 0 End
[ 2026-01-27 09:42:33:796 ] [CALIBRATION_MODE]     Find Cal Index 0 Point Start
[ 2026-01-27 09:42:36:222 ] [CALIBRATION_MODE]     Find Cal Index 0 Point End
[ 2026-01-27 09:42:36:222 ] [CALIBRATION_MODE]     UVW Stage Move 1 Start
[ 2026-01-27 09:42:40:466 ] [CALIBRATION_MODE]     UVW Stage Move 1 End
[ 2026-01-27 09:42:40:466 ] [CALIBRATION_MODE]     Find Cal Index 1 Point Start
[ 2026-01-27 09:42:42:813 ] [CALIBRATION_MODE]     Find Cal Index 1 Point End
[ 2026-01-27 09:42:42:813 ] [CALIBRATION_MODE]     UVW Stage Move 2 Start
[ 2026-01-27 09:42:47:193 ] [CALIBRATION_MODE]     UVW Stage Move 2 End
[ 2026-01-27 09:42:47:193 ] [CALIBRATION_MODE]     Find Cal Index 2 Point Start
[ 2026-01-27 09:42:49:732 ] [CALIBRATION_MODE]     Find Cal Index 2 Point End
[ 2026-01-27 09:42:49:732 ] [CALIBRATION_MODE]     UVW Stage Move 3 Start
[ 2026-01-27 09:42:57:189 ] [CALIBRATION_MODE]     UVW Stage Move 3 End
[ 2026-01-27 09:42:57:189 ] [CALIBRATION_MODE]     Find Cal Index 3 Point Start
[ 2026-01-27 09:42:59:566 ] [CALIBRATION_MODE]     Find Cal Index 3 Point End
[ 2026-01-27 09:42:59:566 ] [CALIBRATION_MODE]     UVW Stage Move 4 Start
[ 2026-01-27 09:43:03:898 ] [CALIBRATION_MODE]     UVW Stage Move 4 End
[ 2026-01-27 09:43:03:898 ] [CALIBRATION_MODE]     Find Cal Index 4 Point Start
[ 2026-01-27 09:43:06:215 ] [CALIBRATION_MODE]     Find Cal Index 4 Point End
[ 2026-01-27 09:43:06:215 ] [CALIBRATION_MODE]     UVW Stage Move 5 Start
[ 2026-01-27 09:43:10:481 ] [CALIBRATION_MODE]     UVW Stage Move 5 End
[ 2026-01-27 09:43:10:481 ] [CALIBRATION_MODE]     Find Cal Index 5 Point Start
[ 2026-01-27 09:43:12:914 ] [CALIBRATION_MODE]     Find Cal Index 5 Point End
[ 2026-01-27 09:43:12:914 ] [CALIBRATION_MODE]     UVW Stage Move 6 Start
[ 2026-01-27 09:43:20:407 ] [CALIBRATION_MODE]     UVW Stage Move 6 End
[ 2026-01-27 09:43:20:407 ] [CALIBRATION_MODE]     Find Cal Index 6 Point Start
[ 2026-01-27 09:43:22:691 ] [CALIBRATION_MODE]     Find Cal Index 6 Point End
[ 2026-01-27 09:43:22:691 ] [CALIBRATION_MODE]     UVW Stage Move 7 Start
[ 2026-01-27 09:43:27:095 ] [CALIBRATION_MODE]     UVW Stage Move 7 End
[ 2026-01-27 09:43:27:095 ] [CALIBRATION_MODE]     Find Cal Index 7 Point Start
[ 2026-01-27 09:43:29:504 ] [CALIBRATION_MODE]     Find Cal Index 7 Point End
[ 2026-01-27 09:43:29:504 ] [CALIBRATION_MODE]     UVW Stage Move 8 Start
[ 2026-01-27 09:43:33:818 ] [CALIBRATION_MODE]     UVW Stage Move 8 End
[ 2026-01-27 09:43:33:819 ] [CALIBRATION_MODE]     Find Cal Index 8 Point Start
[ 2026-01-27 09:43:37:188 ] [CALIBRATION_MODE]     Find Cal Index 8 Point End
[ 2026-01-27 09:43:41:225 ] [CALIBRATION_MODE] 9-Point Camera Calibration End
[ 2026-01-27 09:43:41:225 ] [CALIBRATION_MODE] UVW Stage Calibration Start
[ 2026-01-27 09:43:41:225 ] [CALIBRATION_MODE]     UVW Stage Move 0 Start
[ 2026-01-27 09:43:45:998 ] [CALIBRATION_MODE]     UVW Stage Move 0 End
[ 2026-01-27 09:43:45:998 ] [CALIBRATION_MODE]     Find Cal Index 0 Point Start
[ 2026-01-27 09:43:48:416 ] [CALIBRATION_MODE]     Find Cal Index 0 Point End
[ 2026-01-27 09:43:48:416 ] [CALIBRATION_MODE]     UVW Stage Move 1 Start
[ 2026-01-27 09:43:49:964 ] [CALIBRATION_MODE]     UVW Stage Move 1 End
[ 2026-01-27 09:43:49:964 ] [CALIBRATION_MODE]     Find Cal Index 1 Point Start
[ 2026-01-27 09:43:52:520 ] [CALIBRATION_MODE]     Find Cal Index 1 Point End
[ 2026-01-27 09:43:52:520 ] [CALIBRATION_MODE]     UVW Stage Move 2 Start
[ 2026-01-27 09:43:54:193 ] [CALIBRATION_MODE]     UVW Stage Move 2 End
[ 2026-01-27 09:43:54:193 ] [CALIBRATION_MODE]     Find Cal Index 2 Point Start
[ 2026-01-27 09:43:56:470 ] [CALIBRATION_MODE]     Find Cal Index 2 Point End
[ 2026-01-27 09:43:56:470 ] [CALIBRATION_MODE] UVW Stage Calibration End
[ 2026-01-27 09:43:56:470 ] [CALIBRATION_MODE] Mask Move to Camera Center Start
[ 2026-01-27 09:43:56:731 ] [CALIBRATION_MODE]     UVW Stage Move Start
[ 2026-01-27 09:44:00:624 ] [CALIBRATION_MODE]     UVW Stage Move 3 Start
[ 2026-01-27 09:44:01:731 ] [CALIBRATION_MODE]     UVW Stage Move 3 End
[ 2026-01-27 09:44:01:946 ] [CALIBRATION_MODE] Mask Move to Camera Center End
[ 2026-01-27 09:44:02:445 ] [CALIBRATION_MODE] End
[ 2026-01-27 09:44:02:445 ] [WAIT] Start
[ 2026-01-27 10:17:04:176 ] [WAIT] End
[ 2026-01-27 10:17:04:190 ] [CALIBRATION_MODE] Start
[ 2026-01-27 10:17:04:204 ] [CALIBRATION_MODE]     CAM_1 Z Axis Move Start
[ 2026-01-27 10:17:04:204 ] [CALIBRATION_MODE]     CAM_1 Z Axis Move End
[ 2026-01-27 10:17:04:214 ] [CALIBRATION_MODE]     CAM_2 Z Axis Move Start
[ 2026-01-27 10:17:04:214 ] [CALIBRATION_MODE]     CAM_2 Z Axis Move End
[ 2026-01-27 10:17:04:438 ] [CALIBRATION_MODE]     CAM_1 Camera Parameter Set
[ 2026-01-27 10:17:04:661 ] [CALIBRATION_MODE]     CAM_2 Camera Parameter Set
[ 2026-01-27 10:17:04:683 ] [CALIBRATION_MODE]     CAM_1 Light Controller Set
[ 2026-01-27 10:17:04:716 ] [CALIBRATION_MODE]     CAM_2 Light Controller Set
[ 2026-01-27 10:17:04:716 ] [CALIBRATION_MODE] 9-Point Camera Calibration Start
[ 2026-01-27 10:17:04:771 ] [CALIBRATION_MODE]     UVW Stage Move 0 Start
[ 2026-01-27 10:17:09:119 ] [CALIBRATION_MODE]     UVW Stage Move 0 End
[ 2026-01-27 10:17:09:119 ] [CALIBRATION_MODE]     Find Cal Index 0 Point Start
[ 2026-01-27 10:17:11:880 ] [CALIBRATION_MODE]     Find Cal Index 0 Point End
[ 2026-01-27 10:17:11:901 ] [CALIBRATION_MODE]     UVW Stage Move 1 Start
[ 2026-01-27 10:17:16:288 ] [CALIBRATION_MODE]     UVW Stage Move 1 End
[ 2026-01-27 10:17:16:288 ] [CALIBRATION_MODE]     Find Cal Index 1 Point Start
[ 2026-01-27 10:17:19:017 ] [CALIBRATION_MODE]     Find Cal Index 1 Point End
[ 2026-01-27 10:17:19:047 ] [CALIBRATION_MODE]     UVW Stage Move 2 Start
[ 2026-01-27 10:17:23:442 ] [CALIBRATION_MODE]     UVW Stage Move 2 End
[ 2026-01-27 10:17:23:447 ] [CALIBRATION_MODE]     Find Cal Index 2 Point Start
[ 2026-01-27 10:17:26:139 ] [CALIBRATION_MODE]     Find Cal Index 2 Point End
[ 2026-01-27 10:17:26:181 ] [CALIBRATION_MODE]     UVW Stage Move 3 Start
[ 2026-01-27 10:17:33:714 ] [CALIBRATION_MODE]     UVW Stage Move 3 End
[ 2026-01-27 10:17:33:714 ] [CALIBRATION_MODE]     Find Cal Index 3 Point Start
[ 2026-01-27 10:17:36:413 ] [CALIBRATION_MODE]     Find Cal Index 3 Point End
[ 2026-01-27 10:17:36:456 ] [CALIBRATION_MODE]     UVW Stage Move 4 Start
[ 2026-01-27 10:17:40:716 ] [CALIBRATION_MODE]     UVW Stage Move 4 End
[ 2026-01-27 10:17:40:716 ] [CALIBRATION_MODE]     Find Cal Index 4 Point Start
[ 2026-01-27 10:17:43:438 ] [CALIBRATION_MODE]     Find Cal Index 4 Point End
[ 2026-01-27 10:17:43:489 ] [CALIBRATION_MODE]     UVW Stage Move 5 Start
[ 2026-01-27 10:17:47:790 ] [CALIBRATION_MODE]     UVW Stage Move 5 End
[ 2026-01-27 10:17:47:790 ] [CALIBRATION_MODE]     Find Cal Index 5 Point Start
[ 2026-01-27 10:17:50:561 ] [CALIBRATION_MODE]     Find Cal Index 5 Point End
[ 2026-01-27 10:17:50:619 ] [CALIBRATION_MODE]     UVW Stage Move 6 Start
[ 2026-01-27 10:17:58:151 ] [CALIBRATION_MODE]     UVW Stage Move 6 End
[ 2026-01-27 10:17:58:151 ] [CALIBRATION_MODE]     Find Cal Index 6 Point Start
[ 2026-01-27 10:18:00:889 ] [CALIBRATION_MODE]     Find Cal Index 6 Point End
[ 2026-01-27 10:18:00:950 ] [CALIBRATION_MODE]     UVW Stage Move 7 Start
[ 2026-01-27 10:18:05:187 ] [CALIBRATION_MODE]     UVW Stage Move 7 End
[ 2026-01-27 10:18:05:187 ] [CALIBRATION_MODE]     Find Cal Index 7 Point Start
[ 2026-01-27 10:18:07:969 ] [CALIBRATION_MODE]     Find Cal Index 7 Point End
[ 2026-01-27 10:18:08:033 ] [CALIBRATION_MODE]     UVW Stage Move 8 Start
[ 2026-01-27 10:18:12:335 ] [CALIBRATION_MODE]     UVW Stage Move 8 End
[ 2026-01-27 10:18:12:335 ] [CALIBRATION_MODE]     Find Cal Index 8 Point Start
[ 2026-01-27 10:18:15:042 ] [CALIBRATION_MODE]     Find Cal Index 8 Point End
[ 2026-01-27 10:18:15:225 ] [CALIBRATION_MODE] 9-Point Camera Calibration End
[ 2026-01-27 10:18:15:230 ] [CALIBRATION_MODE] UVW Stage Calibration Start
[ 2026-01-27 10:18:15:230 ] [CALIBRATION_MODE]     UVW Stage Move 0 Start
[ 2026-01-27 10:18:21:553 ] [CALIBRATION_MODE]     UVW Stage Move 0 End
[ 2026-01-27 10:18:21:556 ] [CALIBRATION_MODE]     Find Cal Index 0 Point Start
[ 2026-01-27 10:18:24:283 ] [CALIBRATION_MODE]     Find Cal Index 0 Point End
[ 2026-01-27 10:18:24:361 ] [CALIBRATION_MODE]     UVW Stage Move 1 Start
[ 2026-01-27 10:18:27:429 ] [CALIBRATION_MODE]     UVW Stage Move 1 End
[ 2026-01-27 10:18:27:429 ] [CALIBRATION_MODE]     Find Cal Index 1 Point Start
[ 2026-01-27 10:18:30:173 ] [CALIBRATION_MODE]     Find Cal Index 1 Point End
[ 2026-01-27 10:18:30:258 ] [CALIBRATION_MODE]     UVW Stage Move 2 Start
[ 2026-01-27 10:18:33:311 ] [CALIBRATION_MODE]     UVW Stage Move 2 End
[ 2026-01-27 10:18:33:311 ] [CALIBRATION_MODE]     Find Cal Index 2 Point Start
[ 2026-01-27 10:18:36:016 ] [CALIBRATION_MODE]     Find Cal Index 2 Point End
[ 2026-01-27 10:18:36:123 ] [CALIBRATION_MODE] UVW Stage Calibration End
[ 2026-01-27 10:18:36:123 ] [CALIBRATION_MODE] Mask Move to Camera Center Start
[ 2026-01-27 10:18:36:360 ] [CALIBRATION_MODE]     UVW Stage Move Start
[ 2026-01-27 10:18:39:410 ] [CALIBRATION_MODE]     UVW Stage Move 3 Start
[ 2026-01-27 10:18:40:537 ] [CALIBRATION_MODE]     UVW Stage Move 3 End
[ 2026-01-27 10:18:40:761 ] [CALIBRATION_MODE] Mask Move to Camera Center End
[ 2026-01-27 10:18:41:301 ] [CALIBRATION_MODE] End
[ 2026-01-27 10:18:41:333 ] [WAIT] Start
[ 2026-01-27 10:41:38:652 ] [WAIT] End
[ 2026-01-27 10:41:38:666 ] [PRE_ALIGN] Start
[ 2026-01-27 10:41:38:679 ] [PRE_ALIGN]     CAM_1 Z Axis Move Start
[ 2026-01-27 10:41:39:963 ] [PRE_ALIGN]     CAM_1 Z Axis Move End
[ 2026-01-27 10:41:39:963 ] [PRE_ALIGN]     CAM_2 Z Axis Move Start
[ 2026-01-27 10:41:40:961 ] [PRE_ALIGN]     CAM_2 Z Axis Move End
[ 2026-01-27 10:41:41:184 ] [PRE_ALIGN]     CAM_1 Camera Parameter Set
[ 2026-01-27 10:41:41:408 ] [PRE_ALIGN]     CAM_2 Camera Parameter Set
[ 2026-01-27 10:41:41:430 ] [PRE_ALIGN]     CAM_1 Light Controller Set
[ 2026-01-27 10:41:41:484 ] [PRE_ALIGN]     CAM_2 Light Controller Set
[ 2026-01-27 10:41:41:490 ] [PRE_ALIGN]     Image Grab && Measurement
[ 2026-01-27 10:41:49:036 ] [PRE_ALIGN]     Measurement Result : XY Align NG
[ 2026-01-27 10:41:49:041 ] [PRE_ALIGN]     Result Saved
[ 2026-01-27 10:41:49:332 ] [PRE_ALIGN]     UVW Stage Move Start
[ 2026-01-27 10:41:49:358 ] [PRE_ALIGN]     X=-3223.264, Y=-2837.206, T=0.304
[ 2026-01-27 10:41:49:358 ] [ALARM]     UVW Stage Move Failed : X2 Software Limit Failed
[ 2026-01-27 10:41:49:380 ] [ALARM] Start
[ 2026-01-27 10:41:49:391 ] [ALARM] End
[ 2026-01-27 10:41:49:413 ] [WAIT] Start
[ 2026-01-27 10:43:33:146 ] [WAIT] End
[ 2026-01-27 10:43:33:164 ] [CLEAR] Start
[ 2026-01-27 10:43:33:164 ] [CLEAR] End
[ 2026-01-27 10:43:33:195 ] [WAIT] Start
[ 2026-01-27 10:43:50:470 ] [WAIT] End
[ 2026-01-27 10:43:50:490 ] [PRE_ALIGN] Start
[ 2026-01-27 10:43:50:503 ] [PRE_ALIGN]     CAM_1 Z Axis Move Start
[ 2026-01-27 10:43:50:503 ] [PRE_ALIGN]     CAM_1 Z Axis Move End
[ 2026-01-27 10:43:50:512 ] [PRE_ALIGN]     CAM_2 Z Axis Move Start
[ 2026-01-27 10:43:50:512 ] [PRE_ALIGN]     CAM_2 Z Axis Move End
[ 2026-01-27 10:43:50:737 ] [PRE_ALIGN]     CAM_1 Camera Parameter Set
[ 2026-01-27 10:43:50:960 ] [PRE_ALIGN]     CAM_2 Camera Parameter Set
[ 2026-01-27 10:43:50:982 ] [PRE_ALIGN]     CAM_1 Light Controller Set
[ 2026-01-27 10:43:51:015 ] [PRE_ALIGN]     CAM_2 Light Controller Set
[ 2026-01-27 10:43:51:015 ] [PRE_ALIGN]     Image Grab && Measurement
[ 2026-01-27 10:43:58:255 ] [PRE_ALIGN]     Measurement Result : XY Align NG
[ 2026-01-27 10:43:58:259 ] [PRE_ALIGN]     Result Saved
[ 2026-01-27 10:43:58:461 ] [PRE_ALIGN]     UVW Stage Move Start
[ 2026-01-27 10:43:58:461 ] [PRE_ALIGN]     X=-3223.204, Y=-2832.430, T=0.303
[ 2026-01-27 10:43:58:461 ] [ALARM]     UVW Stage Move Failed : X2 Software Limit Failed
[ 2026-01-27 10:43:58:488 ] [ALARM] Start
[ 2026-01-27 10:43:58:498 ] [ALARM] End
[ 2026-01-27 10:43:58:518 ] [WAIT] Start
[ 2026-01-27 10:45:46:783 ] [WAIT] End
[ 2026-01-27 10:45:46:796 ] [CLEAR] Start
[ 2026-01-27 10:45:46:805 ] [CLEAR] End
[ 2026-01-27 10:45:46:824 ] [WAIT] Start
[ 2026-01-27 11:04:04:258 ] [WAIT] End
[ 2026-01-27 11:04:04:277 ] [PRE_ALIGN] Start
[ 2026-01-27 11:04:04:291 ] [PRE_ALIGN]     CAM_1 Z Axis Move Start
[ 2026-01-27 11:04:04:291 ] [PRE_ALIGN]     CAM_1 Z Axis Move End
[ 2026-01-27 11:04:04:291 ] [PRE_ALIGN]     CAM_2 Z Axis Move Start
[ 2026-01-27 11:04:04:291 ] [PRE_ALIGN]     CAM_2 Z Axis Move End
[ 2026-01-27 11:04:04:523 ] [PRE_ALIGN]     CAM_1 Camera Parameter Set
[ 2026-01-27 11:04:04:747 ] [PRE_ALIGN]     CAM_2 Camera Parameter Set
[ 2026-01-27 11:04:04:769 ] [PRE_ALIGN]     CAM_1 Light Controller Set
[ 2026-01-27 11:04:04:802 ] [PRE_ALIGN]     CAM_2 Light Controller Set
[ 2026-01-27 11:04:04:806 ] [PRE_ALIGN]     Image Grab && Measurement
[ 2026-01-27 11:04:11:976 ] [PRE_ALIGN]     Measurement Result : XY Align NG
[ 2026-01-27 11:04:11:976 ] [PRE_ALIGN]     Result Saved
[ 2026-01-27 11:04:12:211 ] [PRE_ALIGN]     UVW Stage Move Start
[ 2026-01-27 11:04:12:211 ] [PRE_ALIGN]     X=-3212.078, Y=-2863.407, T=0.283
[ 2026-01-27 11:04:21:045 ] [PRE_ALIGN]     UVW Stage Move End
[ 2026-01-27 11:04:21:045 ] [PRE_ALIGN] End
[ 2026-01-27 11:04:21:069 ] [WAIT] Start
[ 2026-01-27 11:04:21:517 ] [WAIT] End
[ 2026-01-27 11:04:21:535 ] [PRE_ALIGN] Start
[ 2026-01-27 11:04:21:549 ] [PRE_ALIGN]     CAM_1 Z Axis Move Start
[ 2026-01-27 11:04:21:549 ] [PRE_ALIGN]     CAM_1 Z Axis Move End
[ 2026-01-27 11:04:21:560 ] [PRE_ALIGN]     CAM_2 Z Axis Move Start
[ 2026-01-27 11:04:21:560 ] [PRE_ALIGN]     CAM_2 Z Axis Move End
[ 2026-01-27 11:04:21:783 ] [PRE_ALIGN]     CAM_1 Camera Parameter Set
[ 2026-01-27 11:04:22:006 ] [PRE_ALIGN]     CAM_2 Camera Parameter Set
[ 2026-01-27 11:04:22:027 ] [PRE_ALIGN]     CAM_1 Light Controller Set
[ 2026-01-27 11:04:22:059 ] [PRE_ALIGN]     CAM_2 Light Controller Set
[ 2026-01-27 11:04:22:059 ] [PRE_ALIGN]     Image Grab && Measurement
[ 2026-01-27 11:04:29:233 ] [PRE_ALIGN]     Measurement Result : OK
[ 2026-01-27 11:04:29:233 ] [PRE_ALIGN]     Result Saved
[ 2026-01-27 11:04:29:486 ] [PRE_ALIGN] End
[ 2026-01-27 11:04:29:504 ] [WAIT] Start
[ 2026-01-27 11:04:34:507 ] [WAIT] End
[ 2026-01-27 11:04:34:526 ] [CONTACT_ALIGN] Start
[ 2026-01-27 11:04:34:539 ] [CONTACT_ALIGN]     CAM_1 Z Axis Move Start
[ 2026-01-27 11:04:35:829 ] [CONTACT_ALIGN]     CAM_1 Z Axis Move End
[ 2026-01-27 11:04:35:839 ] [CONTACT_ALIGN]     CAM_2 Z Axis Move Start
[ 2026-01-27 11:04:36:828 ] [CONTACT_ALIGN]     CAM_2 Z Axis Move End
[ 2026-01-27 11:04:37:050 ] [CONTACT_ALIGN]     CAM_1 Camera Parameter Set
[ 2026-01-27 11:04:37:274 ] [CONTACT_ALIGN]     CAM_2 Camera Parameter Set
[ 2026-01-27 11:04:37:296 ] [CONTACT_ALIGN]     CAM_1 Light Controller Set
[ 2026-01-27 11:04:37:326 ] [CONTACT_ALIGN]     CAM_2 Light Controller Set
[ 2026-01-27 11:04:37:560 ] [CONTACT_ALIGN]     Image Grab
[ 2026-01-27 11:04:37:560 ] [CONTACT_ALIGN]     Measurement...
[ 2026-01-27 11:04:38:018 ] [CONTACT_ALIGN]     Measurement Result : OK (X=-3154.603, Y=-2903.138, T=0.285
[ 2026-01-27 11:04:38:022 ] [CONTACT_ALIGN]     Result Saved
[ 2026-01-27 11:04:38:242 ] [CONTACT_ALIGN] End
[ 2026-01-27 11:04:38:260 ] [WAIT] Start
[ 2026-01-27 11:59:32:461 ] [WAIT] End
[ 2026-01-27 11:59:32:476 ] [PRE_ALIGN] Start
[ 2026-01-27 11:59:32:476 ] [PRE_ALIGN]     CAM_1 Z Axis Move Start
[ 2026-01-27 11:59:33:775 ] [PRE_ALIGN]     CAM_1 Z Axis Move End
[ 2026-01-27 11:59:33:775 ] [PRE_ALIGN]     CAM_2 Z Axis Move Start
[ 2026-01-27 11:59:34:777 ] [PRE_ALIGN]     CAM_2 Z Axis Move End
[ 2026-01-27 11:59:34:999 ] [PRE_ALIGN]     CAM_1 Camera Parameter Set
[ 2026-01-27 11:59:35:224 ] [PRE_ALIGN]     CAM_2 Camera Parameter Set
[ 2026-01-27 11:59:35:245 ] [PRE_ALIGN]     CAM_1 Light Controller Set
[ 2026-01-27 11:59:35:277 ] [PRE_ALIGN]     CAM_2 Light Controller Set
[ 2026-01-27 11:59:35:277 ] [PRE_ALIGN]     Image Grab && Measurement
[ 2026-01-27 11:59:42:397 ] [PRE_ALIGN]     Measurement Result : XY Align NG
[ 2026-01-27 11:59:42:397 ] [PRE_ALIGN]     Result Saved
[ 2026-01-27 11:59:42:655 ] [PRE_ALIGN]     UVW Stage Move Start
[ 2026-01-27 11:59:42:655 ] [PRE_ALIGN]     X=-3256.496, Y=-2998.828, T=0.320
[ 2026-01-27 11:59:42:655 ] [ALARM]     UVW Stage Move Failed : X2 Software Limit Failed
[ 2026-01-27 11:59:42:679 ] [ALARM] Start
[ 2026-01-27 11:59:42:679 ] [ALARM] End
[ 2026-01-27 11:59:42:710 ] [WAIT] Start
[ 2026-01-27 12:02:16:247 ] [WAIT] End
[ 2026-01-27 12:02:16:260 ] [CLEAR] Start
[ 2026-01-27 12:02:16:260 ] [CLEAR] End
[ 2026-01-27 12:02:16:288 ] [WAIT] Start
[ 2026-01-27 12:13:11:713 ] [WAIT] End
[ 2026-01-27 12:13:11:728 ] [PRE_ALIGN] Start
[ 2026-01-27 12:13:11:745 ] [PRE_ALIGN]     CAM_1 Z Axis Move Start
[ 2026-01-27 12:13:11:745 ] [PRE_ALIGN]     CAM_1 Z Axis Move End
[ 2026-01-27 12:13:11:745 ] [PRE_ALIGN]     CAM_2 Z Axis Move Start
[ 2026-01-27 12:13:11:745 ] [PRE_ALIGN]     CAM_2 Z Axis Move End
[ 2026-01-27 12:13:11:978 ] [PRE_ALIGN]     CAM_1 Camera Parameter Set
[ 2026-01-27 12:13:12:202 ] [PRE_ALIGN]     CAM_2 Camera Parameter Set
[ 2026-01-27 12:13:12:224 ] [PRE_ALIGN]     CAM_1 Light Controller Set
[ 2026-01-27 12:13:12:256 ] [PRE_ALIGN]     CAM_2 Light Controller Set
[ 2026-01-27 12:13:12:256 ] [PRE_ALIGN]     Image Grab && Measurement
[ 2026-01-27 12:13:19:333 ] [PRE_ALIGN]     Measurement Result : XY Align NG
[ 2026-01-27 12:13:19:338 ] [PRE_ALIGN]     Result Saved
[ 2026-01-27 12:13:19:561 ] [PRE_ALIGN]     UVW Stage Move Start
[ 2026-01-27 12:13:19:561 ] [PRE_ALIGN]     X=-3217.464, Y=-2724.498, T=0.302
[ 2026-01-27 12:13:19:561 ] [ALARM]     UVW Stage Move Failed : X2 Software Limit Failed
[ 2026-01-27 12:13:19:585 ] [ALARM] Start
[ 2026-01-27 12:13:19:585 ] [ALARM] End
[ 2026-01-27 12:13:19:617 ] [WAIT] Start
[ 2026-01-27 12:14:12:391 ] [WAIT] End
[ 2026-01-27 12:14:12:405 ] [CLEAR] Start
[ 2026-01-27 12:14:12:413 ] [CLEAR] End
[ 2026-01-27 12:14:12:432 ] [WAIT] Start
[ 2026-01-27 12:14:18:144 ] [WAIT] End
[ 2026-01-27 12:14:18:163 ] [PRE_ALIGN] Start
[ 2026-01-27 12:14:18:163 ] [PRE_ALIGN]     CAM_1 Z Axis Move Start
[ 2026-01-27 12:14:18:178 ] [PRE_ALIGN]     CAM_1 Z Axis Move End
[ 2026-01-27 12:14:18:178 ] [PRE_ALIGN]     CAM_2 Z Axis Move Start
[ 2026-01-27 12:14:18:178 ] [PRE_ALIGN]     CAM_2 Z Axis Move End
[ 2026-01-27 12:14:18:412 ] [PRE_ALIGN]     CAM_1 Camera Parameter Set
[ 2026-01-27 12:14:18:634 ] [PRE_ALIGN]     CAM_2 Camera Parameter Set
[ 2026-01-27 12:14:18:656 ] [PRE_ALIGN]     CAM_1 Light Controller Set
[ 2026-01-27 12:14:18:688 ] [PRE_ALIGN]     CAM_2 Light Controller Set
[ 2026-01-27 12:14:18:688 ] [PRE_ALIGN]     Image Grab && Measurement
[ 2026-01-27 12:14:25:758 ] [PRE_ALIGN]     Measurement Result : XY Align NG
[ 2026-01-27 12:14:25:758 ] [PRE_ALIGN]     Result Saved
[ 2026-01-27 12:14:26:003 ] [PRE_ALIGN]     UVW Stage Move Start
[ 2026-01-27 12:14:26:003 ] [PRE_ALIGN]     X=-3216.255, Y=-2722.877, T=0.302
[ 2026-01-27 12:14:56:519 ] [PRE_ALIGN]     UVW Stage Move End
[ 2026-01-27 12:14:56:519 ] [PRE_ALIGN] End
[ 2026-01-27 12:14:56:535 ] [WAIT] Start
[ 2026-01-27 12:54:19:771 ] [WAIT] End
[ 2026-01-27 12:54:19:788 ] [PRE_ALIGN] Start
[ 2026-01-27 12:54:19:788 ] [PRE_ALIGN]     CAM_1 Z Axis Move Start
[ 2026-01-27 12:54:19:803 ] [PRE_ALIGN]     CAM_1 Z Axis Move End
[ 2026-01-27 12:54:19:803 ] [PRE_ALIGN]     CAM_2 Z Axis Move Start
[ 2026-01-27 12:54:19:803 ] [PRE_ALIGN]     CAM_2 Z Axis Move End
[ 2026-01-27 12:54:20:036 ] [PRE_ALIGN]     CAM_1 Camera Parameter Set
[ 2026-01-27 12:54:20:260 ] [PRE_ALIGN]     CAM_2 Camera Parameter Set
[ 2026-01-27 12:54:20:282 ] [PRE_ALIGN]     CAM_1 Light Controller Set
[ 2026-01-27 12:54:20:314 ] [PRE_ALIGN]     CAM_2 Light Controller Set
[ 2026-01-27 12:54:20:319 ] [PRE_ALIGN]     Image Grab && Measurement
[ 2026-01-27 12:54:27:667 ] [PRE_ALIGN]     Measurement Result : XY Align NG
[ 2026-01-27 12:54:27:667 ] [PRE_ALIGN]     Result Saved
[ 2026-01-27 12:54:27:952 ] [PRE_ALIGN]     UVW Stage Move Start
[ 2026-01-27 12:54:27:952 ] [PRE_ALIGN]     X=-3169.333, Y=-3103.257, T=0.337
[ 2026-01-27 12:54:58:488 ] [PRE_ALIGN]     UVW Stage Move End
[ 2026-01-27 12:54:58:488 ] [PRE_ALIGN] End
[ 2026-01-27 12:54:58:526 ] [WAIT] Start
[ 2026-01-27 13:04:04:950 ] [WAIT] End
[ 2026-01-27 13:04:04:964 ] [PRE_ALIGN] Start
[ 2026-01-27 13:04:04:978 ] [PRE_ALIGN]     CAM_1 Z Axis Move Start
[ 2026-01-27 13:04:04:978 ] [PRE_ALIGN]     CAM_1 Z Axis Move End
[ 2026-01-27 13:04:04:978 ] [PRE_ALIGN]     CAM_2 Z Axis Move Start
[ 2026-01-27 13:04:04:978 ] [PRE_ALIGN]     CAM_2 Z Axis Move End
[ 2026-01-27 13:04:05:212 ] [PRE_ALIGN]     CAM_1 Camera Parameter Set
[ 2026-01-27 13:04:05:435 ] [PRE_ALIGN]     CAM_2 Camera Parameter Set
[ 2026-01-27 13:04:05:457 ] [PRE_ALIGN]     CAM_1 Light Controller Set
[ 2026-01-27 13:04:05:490 ] [PRE_ALIGN]     CAM_2 Light Controller Set
[ 2026-01-27 13:04:05:494 ] [PRE_ALIGN]     Image Grab && Measurement
[ 2026-01-27 13:04:12:676 ] [PRE_ALIGN]     Measurement Result : XY Align NG
[ 2026-01-27 13:04:12:681 ] [PRE_ALIGN]     Result Saved
[ 2026-01-27 13:04:12:885 ] [PRE_ALIGN]     UVW Stage Move Start
[ 2026-01-27 13:04:12:885 ] [PRE_ALIGN]     X=-3117.767, Y=-2837.888, T=0.301
[ 2026-01-27 13:04:21:007 ] [PRE_ALIGN]     UVW Stage Move End
[ 2026-01-27 13:04:21:007 ] [PRE_ALIGN] End
[ 2026-01-27 13:04:21:030 ] [WAIT] Start
[ 2026-01-27 13:04:21:506 ] [WAIT] End
[ 2026-01-27 13:04:21:523 ] [PRE_ALIGN] Start
[ 2026-01-27 13:04:21:538 ] [PRE_ALIGN]     CAM_1 Z Axis Move Start
[ 2026-01-27 13:04:21:538 ] [PRE_ALIGN]     CAM_1 Z Axis Move End
[ 2026-01-27 13:04:21:538 ] [PRE_ALIGN]     CAM_2 Z Axis Move Start
[ 2026-01-27 13:04:21:538 ] [PRE_ALIGN]     CAM_2 Z Axis Move End
[ 2026-01-27 13:04:21:772 ] [PRE_ALIGN]     CAM_1 Camera Parameter Set
[ 2026-01-27 13:04:21:995 ] [PRE_ALIGN]     CAM_2 Camera Parameter Set
[ 2026-01-27 13:04:22:016 ] [PRE_ALIGN]     CAM_1 Light Controller Set
[ 2026-01-27 13:04:22:049 ] [PRE_ALIGN]     CAM_2 Light Controller Set
[ 2026-01-27 13:04:22:053 ] [PRE_ALIGN]     Image Grab && Measurement
[ 2026-01-27 13:04:29:117 ] [PRE_ALIGN]     Measurement Result : OK
[ 2026-01-27 13:04:29:117 ] [PRE_ALIGN]     Result Saved
[ 2026-01-27 13:04:29:367 ] [PRE_ALIGN] End
[ 2026-01-27 13:04:29:384 ] [WAIT] Start
[ 2026-01-27 13:04:34:449 ] [WAIT] End
[ 2026-01-27 13:04:34:469 ] [CONTACT_ALIGN] Start
[ 2026-01-27 13:04:34:482 ] [CONTACT_ALIGN]     CAM_1 Z Axis Move Start
[ 2026-01-27 13:04:35:769 ] [CONTACT_ALIGN]     CAM_1 Z Axis Move End
[ 2026-01-27 13:04:35:780 ] [CONTACT_ALIGN]     CAM_2 Z Axis Move Start
[ 2026-01-27 13:04:36:771 ] [CONTACT_ALIGN]     CAM_2 Z Axis Move End
[ 2026-01-27 13:04:36:993 ] [CONTACT_ALIGN]     CAM_1 Camera Parameter Set
[ 2026-01-27 13:04:37:217 ] [CONTACT_ALIGN]     CAM_2 Camera Parameter Set
[ 2026-01-27 13:04:37:238 ] [CONTACT_ALIGN]     CAM_1 Light Controller Set
[ 2026-01-27 13:04:37:268 ] [CONTACT_ALIGN]     CAM_2 Light Controller Set
[ 2026-01-27 13:04:37:504 ] [CONTACT_ALIGN]     Image Grab
[ 2026-01-27 13:04:37:508 ] [CONTACT_ALIGN]     Measurement...
[ 2026-01-27 13:04:37:965 ] [CONTACT_ALIGN]     Measurement Result : NG (X=-3082.095, Y=-2886.424, T=0.299
[ 2026-01-27 13:04:37:965 ] [CONTACT_ALIGN]     Result Saved
[ 2026-01-27 13:04:38:217 ] [CONTACT_ALIGN] End
[ 2026-01-27 13:04:38:236 ] [WAIT] Start
[ 2026-01-27 13:39:41:726 ] [WAIT] End
[ 2026-01-27 13:39:41:741 ] [PRE_ALIGN] Start
[ 2026-01-27 13:39:41:757 ] [PRE_ALIGN]     CAM_1 Z Axis Move Start
[ 2026-01-27 13:39:43:036 ] [PRE_ALIGN]     CAM_1 Z Axis Move End
[ 2026-01-27 13:39:43:047 ] [PRE_ALIGN]     CAM_2 Z Axis Move Start
[ 2026-01-27 13:39:44:029 ] [PRE_ALIGN]     CAM_2 Z Axis Move End
[ 2026-01-27 13:39:44:253 ] [PRE_ALIGN]     CAM_1 Camera Parameter Set
[ 2026-01-27 13:39:44:476 ] [PRE_ALIGN]     CAM_2 Camera Parameter Set
[ 2026-01-27 13:39:44:498 ] [PRE_ALIGN]     CAM_1 Light Controller Set
[ 2026-01-27 13:39:44:536 ] [PRE_ALIGN]     CAM_2 Light Controller Set
[ 2026-01-27 13:39:44:540 ] [PRE_ALIGN]     Image Grab && Measurement
[ 2026-01-27 13:39:51:618 ] [PRE_ALIGN]     Measurement Result : XY Align NG
[ 2026-01-27 13:39:51:618 ] [PRE_ALIGN]     Result Saved
[ 2026-01-27 13:39:51:871 ] [PRE_ALIGN]     UVW Stage Move Start
[ 2026-01-27 13:39:51:871 ] [PRE_ALIGN]     X=-3189.750, Y=-3187.423, T=0.341
[ 2026-01-27 13:40:22:405 ] [PRE_ALIGN]     UVW Stage Move End
[ 2026-01-27 13:40:22:405 ] [PRE_ALIGN] End
[ 2026-01-27 13:40:22:423 ] [WAIT] Start
[ 2026-01-27 13:48:33:017 ] [WAIT] End
[ 2026-01-27 13:48:33:030 ] [PRE_ALIGN] Start
[ 2026-01-27 13:48:33:042 ] [PRE_ALIGN]     CAM_1 Z Axis Move Start
[ 2026-01-27 13:48:33:042 ] [PRE_ALIGN]     CAM_1 Z Axis Move End
[ 2026-01-27 13:48:33:054 ] [PRE_ALIGN]     CAM_2 Z Axis Move Start
[ 2026-01-27 13:48:33:054 ] [PRE_ALIGN]     CAM_2 Z Axis Move End
[ 2026-01-27 13:48:33:278 ] [PRE_ALIGN]     CAM_1 Camera Parameter Set
[ 2026-01-27 13:48:33:499 ] [PRE_ALIGN]     CAM_2 Camera Parameter Set
[ 2026-01-27 13:48:33:521 ] [PRE_ALIGN]     CAM_1 Light Controller Set
[ 2026-01-27 13:48:33:554 ] [PRE_ALIGN]     CAM_2 Light Controller Set
[ 2026-01-27 13:48:33:554 ] [PRE_ALIGN]     Image Grab && Measurement
[ 2026-01-27 13:48:40:727 ] [PRE_ALIGN]     Measurement Result : XY Align NG
[ 2026-01-27 13:48:40:727 ] [PRE_ALIGN]     Result Saved
[ 2026-01-27 13:48:40:961 ] [PRE_ALIGN]     UVW Stage Move Start
[ 2026-01-27 13:48:40:961 ] [PRE_ALIGN]     X=-2385.282, Y=-2779.689, T=0.167
[ 2026-01-27 13:48:47:011 ] [PRE_ALIGN]     UVW Stage Move End
[ 2026-01-27 13:48:47:011 ] [PRE_ALIGN] End
[ 2026-01-27 13:48:47:036 ] [WAIT] Start
[ 2026-01-27 13:48:47:675 ] [WAIT] End
[ 2026-01-27 13:48:47:695 ] [PRE_ALIGN] Start
[ 2026-01-27 13:48:47:695 ] [PRE_ALIGN]     CAM_1 Z Axis Move Start
[ 2026-01-27 13:48:47:695 ] [PRE_ALIGN]     CAM_1 Z Axis Move End
[ 2026-01-27 13:48:47:717 ] [PRE_ALIGN]     CAM_2 Z Axis Move Start
[ 2026-01-27 13:48:47:717 ] [PRE_ALIGN]     CAM_2 Z Axis Move End
[ 2026-01-27 13:48:47:942 ] [PRE_ALIGN]     CAM_1 Camera Parameter Set
[ 2026-01-27 13:48:48:165 ] [PRE_ALIGN]     CAM_2 Camera Parameter Set
[ 2026-01-27 13:48:48:187 ] [PRE_ALIGN]     CAM_1 Light Controller Set
[ 2026-01-27 13:48:48:218 ] [PRE_ALIGN]     CAM_2 Light Controller Set
[ 2026-01-27 13:48:48:218 ] [PRE_ALIGN]     Image Grab && Measurement
[ 2026-01-27 13:48:55:285 ] [PRE_ALIGN]     Measurement Result : XY Align NG
[ 2026-01-27 13:48:55:290 ] [PRE_ALIGN]     Result Saved
[ 2026-01-27 13:48:55:539 ] [PRE_ALIGN]     UVW Stage Move Start
[ 2026-01-27 13:48:55:539 ] [PRE_ALIGN]     X=-3008.390, Y=-2894.795, T=0.264
[ 2026-01-27 13:49:01:552 ] [PRE_ALIGN]     UVW Stage Move End
[ 2026-01-27 13:49:01:555 ] [PRE_ALIGN] End
[ 2026-01-27 13:49:01:575 ] [WAIT] Start
[ 2026-01-27 13:49:02:075 ] [WAIT] End
[ 2026-01-27 13:49:02:096 ] [PRE_ALIGN] Start
[ 2026-01-27 13:49:02:110 ] [PRE_ALIGN]     CAM_1 Z Axis Move Start
[ 2026-01-27 13:49:02:110 ] [PRE_ALIGN]     CAM_1 Z Axis Move End
[ 2026-01-27 13:49:02:121 ] [PRE_ALIGN]     CAM_2 Z Axis Move Start
[ 2026-01-27 13:49:02:121 ] [PRE_ALIGN]     CAM_2 Z Axis Move End
[ 2026-01-27 13:49:02:345 ] [PRE_ALIGN]     CAM_1 Camera Parameter Set
[ 2026-01-27 13:49:02:568 ] [PRE_ALIGN]     CAM_2 Camera Parameter Set
[ 2026-01-27 13:49:02:589 ] [PRE_ALIGN]     CAM_1 Light Controller Set
[ 2026-01-27 13:49:02:621 ] [PRE_ALIGN]     CAM_2 Light Controller Set
[ 2026-01-27 13:49:02:621 ] [PRE_ALIGN]     Image Grab && Measurement
[ 2026-01-27 13:49:09:688 ] [PRE_ALIGN]     Measurement Result : OK
[ 2026-01-27 13:49:09:688 ] [PRE_ALIGN]     Result Saved
[ 2026-01-27 13:49:09:935 ] [PRE_ALIGN] End
[ 2026-01-27 13:49:09:956 ] [WAIT] Start
[ 2026-01-27 13:49:15:182 ] [WAIT] End
[ 2026-01-27 13:49:15:202 ] [CONTACT_ALIGN] Start
[ 2026-01-27 13:49:15:215 ] [CONTACT_ALIGN]     CAM_1 Z Axis Move Start
[ 2026-01-27 13:49:16:502 ] [CONTACT_ALIGN]     CAM_1 Z Axis Move End
[ 2026-01-27 13:49:16:512 ] [CONTACT_ALIGN]     CAM_2 Z Axis Move Start
[ 2026-01-27 13:49:17:500 ] [CONTACT_ALIGN]     CAM_2 Z Axis Move End
[ 2026-01-27 13:49:17:724 ] [CONTACT_ALIGN]     CAM_1 Camera Parameter Set
[ 2026-01-27 13:49:17:947 ] [CONTACT_ALIGN]     CAM_2 Camera Parameter Set
[ 2026-01-27 13:49:17:969 ] [CONTACT_ALIGN]     CAM_1 Light Controller Set
[ 2026-01-27 13:49:17:999 ] [CONTACT_ALIGN]     CAM_2 Light Controller Set
[ 2026-01-27 13:49:18:242 ] [CONTACT_ALIGN]     Image Grab
[ 2026-01-27 13:49:18:242 ] [CONTACT_ALIGN]     Measurement...
[ 2026-01-27 13:49:18:698 ] [CONTACT_ALIGN]     Measurement Result : OK (X=-3007.501, Y=-2911.536, T=0.264
[ 2026-01-27 13:49:18:698 ] [CONTACT_ALIGN]     Result Saved
[ 2026-01-27 13:49:18:942 ] [CONTACT_ALIGN] End
[ 2026-01-27 13:49:18:962 ] [WAIT] Start
[ 2026-01-27 15:05:04:530 ] ------========= Program End =========------
[ 2026-01-27 15:10:47:864 ] ========= Program Start =========
[ 2026-01-27 15:14:21:067 ] ------========= Program End =========------
