[ 2026-01-26 14:41:31:114 ] ------========= Program End =========------
[ 2026-01-26 14:41:51:636 ] ========= Program Start =========
[ 2026-01-26 14:54:07:095 ] ------========= Program End =========------
[ 2026-01-26 14:54:35:708 ] ========= Program Start =========
[ 2026-01-26 15:38:15:780 ] [WAIT] Start
[ 2026-01-26 15:38:54:001 ] [WAIT] End
[ 2026-01-26 15:38:54:010 ] [CALIBRATION_MODE] Start
[ 2026-01-26 15:38:54:010 ] [CALIBRATION_MODE]     CAM_1 Z Axis Move Start
[ 2026-01-26 15:38:58:041 ] [CALIBRATION_MODE]     CAM_1 Z Axis Move End
[ 2026-01-26 15:38:58:041 ] [CALIBRATION_MODE]     CAM_2 Z Axis Move Start
[ 2026-01-26 15:39:02:168 ] [CALIBRATION_MODE]     CAM_2 Z Axis Move End
[ 2026-01-26 15:39:02:393 ] [CALIBRATION_MODE]     CAM_1 Camera Parameter Set
[ 2026-01-26 15:39:02:615 ] [CALIBRATION_MODE]     CAM_2 Camera Parameter Set
[ 2026-01-26 15:39:02:638 ] [CALIBRATION_MODE]     CAM_1 Light Controller Set
[ 2026-01-26 15:39:02:732 ] [CALIBRATION_MODE]     CAM_2 Light Controller Set
[ 2026-01-26 15:39:02:732 ] [CALIBRATION_MODE] 9-Point Camera Calibration Start
[ 2026-01-26 15:39:02:732 ] [CALIBRATION_MODE]     UVW Stage Move 0 Start
[ 2026-01-26 15:39:02:732 ] [CALIBRATION_MODE]     UVW Stage Move 0 Failed
[ 2026-01-26 15:39:02:732 ] [ALARM] 9-Point Camera Calibration Failed
[ 2026-01-26 15:39:02:732 ] [ALARM]     UVW Stage Move 0 Start
[ 2026-01-26 15:39:02:732 ] [ALARM] UVW Stage Calibration Start
[ 2026-01-26 15:39:10:882 ] [ALARM]     UVW Stage Move 0 End
[ 2026-01-26 15:39:10:882 ] [ALARM]     Find Cal Index 0 Point Start
[ 2026-01-26 15:39:32:597 ] [ALARM]     Find Cal Index 0 Point End
[ 2026-01-26 15:39:32:597 ] [ALARM]     UVW Stage Move 1 Start
[ 2026-01-26 15:39:34:163 ] [ALARM]     UVW Stage Move 1 End
[ 2026-01-26 15:39:34:163 ] [ALARM]     Find Cal Index 1 Point Start
[ 2026-01-26 15:39:55:778 ] [ALARM]     Find Cal Index 1 Point End
[ 2026-01-26 15:39:55:778 ] [ALARM]     UVW Stage Move 2 Start
[ 2026-01-26 15:39:57:367 ] [ALARM]     UVW Stage Move 2 End
[ 2026-01-26 15:39:57:367 ] [ALARM]     Find Cal Index 2 Point Start
[ 2026-01-26 15:40:19:068 ] [ALARM]     Find Cal Index 2 Point End
[ 2026-01-26 15:40:19:068 ] [ALARM]     UVW Stage Move 3 Start
[ 2026-01-26 15:40:20:680 ] [ALARM]     UVW Stage Move 3 End
[ 2026-01-26 15:40:20:680 ] [ALARM]     Find Cal Index 3 Point Start
[ 2026-01-26 15:40:42:360 ] [ALARM]     Find Cal Index 3 Point End
[ 2026-01-26 15:40:42:381 ] [ALARM]     UVW Stage Move 4 Start
[ 2026-01-26 15:40:43:998 ] [ALARM]     UVW Stage Move 4 End
[ 2026-01-26 15:40:43:998 ] [ALARM]     Find Cal Index 4 Point Start
[ 2026-01-26 15:41:05:885 ] [ALARM]     UVW Stage Move 5 Start
[ 2026-01-26 15:41:05:885 ] [ALARM]     Find Cal Index 4 Point End
[ 2026-01-26 15:41:07:474 ] [ALARM]     UVW Stage Move 5 End
[ 2026-01-26 15:41:07:474 ] [ALARM]     Find Cal Index 5 Point Start
[ 2026-01-26 15:41:29:204 ] [ALARM]     Find Cal Index 5 Point End
[ 2026-01-26 15:41:29:204 ] [ALARM]     UVW Stage Move 6 Start
[ 2026-01-26 15:41:30:774 ] [ALARM]     UVW Stage Move 6 End
[ 2026-01-26 15:41:30:774 ] [ALARM]     Find Cal Index 6 Point Start
[ 2026-01-26 15:41:52:437 ] [ALARM]     Find Cal Index 6 Point End
[ 2026-01-26 15:41:52:437 ] [ALARM]     UVW Stage Move 7 Start
[ 2026-01-26 15:41:54:124 ] [ALARM]     UVW Stage Move 7 End
[ 2026-01-26 15:41:54:124 ] [ALARM]     Find Cal Index 7 Point Start
[ 2026-01-26 15:42:15:728 ] [ALARM]     Find Cal Index 7 Point End
[ 2026-01-26 15:42:15:728 ] [ALARM]     UVW Stage Move 8 Start
[ 2026-01-26 15:42:17:340 ] [ALARM]     UVW Stage Move 8 End
[ 2026-01-26 15:42:17:340 ] [ALARM]     Find Cal Index 8 Point Start
[ 2026-01-26 15:42:38:962 ] [ALARM]     Find Cal Index 8 Point End
[ 2026-01-26 15:42:38:962 ] [ALARM]     UVW Stage Move 9 Start
[ 2026-01-26 15:42:40:534 ] [ALARM]     UVW Stage Move 9 End
[ 2026-01-26 15:42:40:534 ] [ALARM]     Find Cal Index 9 Point Start
[ 2026-01-26 15:43:02:252 ] [ALARM]     Find Cal Index 9 Point End
[ 2026-01-26 15:43:02:252 ] [ALARM]     UVW Stage Move 10 Start
[ 2026-01-26 15:43:03:886 ] [ALARM]     UVW Stage Move 10 End
[ 2026-01-26 15:43:03:886 ] [ALARM]     Find Cal Index 10 Point Start
[ 2026-01-26 15:43:25:596 ] [ALARM]     Find Cal Index 10 Point End
[ 2026-01-26 15:43:25:596 ] [ALARM]     UVW Stage Move 11 Start
[ 2026-01-26 15:43:27:232 ] [ALARM]     UVW Stage Move 11 End
[ 2026-01-26 15:43:27:232 ] [ALARM]     Find Cal Index 11 Point Start
[ 2026-01-26 15:43:48:938 ] [ALARM]     Find Cal Index 11 Point End
[ 2026-01-26 15:43:48:938 ] [ALARM]     UVW Stage Move 12 Start
[ 2026-01-26 15:43:48:938 ] [ALARM]     UVW Stage Move 12 Failed
[ 2026-01-26 15:43:48:938 ] [ALARM] UVW Stage Calibration Failed
[ 2026-01-26 15:43:49:440 ] [CALIBRATION_MODE] End
[ 2026-01-26 15:43:49:452 ] [WAIT] Start
[ 2026-01-26 15:43:49:452 ] [WAIT] End
[ 2026-01-26 15:43:49:463 ] [ALARM] Start
[ 2026-01-26 15:43:49:463 ] [ALARM] End
[ 2026-01-26 15:43:49:463 ] [WAIT] Start
[ 2026-01-26 15:45:38:826 ] [WAIT] End
[ 2026-01-26 15:45:38:836 ] [CLEAR] Start
[ 2026-01-26 15:45:38:836 ] [CLEAR] End
[ 2026-01-26 15:45:38:836 ] [WAIT] Start
[ 2026-01-26 15:45:39:029 ] [WAIT] End
[ 2026-01-26 15:45:39:040 ] [CALIBRATION_MODE] Start
[ 2026-01-26 15:45:39:040 ] [CALIBRATION_MODE]     CAM_1 Z Axis Move Start
[ 2026-01-26 15:45:39:059 ] [CALIBRATION_MODE]     CAM_1 Z Axis Move End
[ 2026-01-26 15:45:39:059 ] [CALIBRATION_MODE]     CAM_2 Z Axis Move Start
[ 2026-01-26 15:45:39:059 ] [CALIBRATION_MODE]     CAM_2 Z Axis Move End
[ 2026-01-26 15:45:39:285 ] [CALIBRATION_MODE]     CAM_1 Camera Parameter Set
[ 2026-01-26 15:45:39:509 ] [CALIBRATION_MODE]     CAM_2 Camera Parameter Set
[ 2026-01-26 15:45:39:531 ] [CALIBRATION_MODE]     CAM_1 Light Controller Set
[ 2026-01-26 15:45:44:545 ] [CALIBRATION_MODE]     CAM_2 Light Controller Set
[ 2026-01-26 15:45:45:183 ] [CALIBRATION_MODE] 9-Point Camera Calibration Start
[ 2026-01-26 15:45:51:719 ] [CALIBRATION_MODE]     UVW Stage Move 0 Start
[ 2026-01-26 15:47:03:204 ] [CALIBRATION_MODE]     UVW Stage Move 0 Failed
[ 2026-01-26 15:47:03:204 ] [ALARM] 9-Point Camera Calibration Failed
[ 2026-01-26 15:47:03:204 ] [ALARM] UVW Stage Calibration Start
[ 2026-01-26 15:47:03:204 ] [ALARM]     UVW Stage Move 0 Start
[ 2026-01-26 15:47:09:658 ] [ALARM]     UVW Stage Move 0 End
[ 2026-01-26 15:47:09:658 ] [ALARM]     Find Cal Index 0 Point Start
[ 2026-01-26 15:47:31:354 ] [ALARM]     Find Cal Index 0 Point End
[ 2026-01-26 15:47:31:354 ] [ALARM]     UVW Stage Move 1 Start
[ 2026-01-26 15:47:32:967 ] [ALARM]     UVW Stage Move 1 End
[ 2026-01-26 15:47:32:967 ] [ALARM]     Find Cal Index 1 Point Start
[ 2026-01-26 15:47:54:750 ] [ALARM]     Find Cal Index 1 Point End
[ 2026-01-26 15:47:54:750 ] [ALARM]     UVW Stage Move 2 Start
[ 2026-01-26 15:47:56:322 ] [ALARM]     UVW Stage Move 2 End
[ 2026-01-26 15:47:56:322 ] [ALARM]     Find Cal Index 2 Point Start
[ 2026-01-26 15:48:02:326 ] [ALARM]     Find Cal Index 2 Point End
[ 2026-01-26 15:48:03:373 ] [ALARM] UVW Stage Calibration Failed
[ 2026-01-26 15:48:03:873 ] [CALIBRATION_MODE] End
[ 2026-01-26 15:48:03:885 ] [WAIT] Start
[ 2026-01-26 15:48:03:885 ] [WAIT] End
[ 2026-01-26 15:48:03:885 ] [ALARM] Start
[ 2026-01-26 15:48:03:885 ] [ALARM] End
[ 2026-01-26 15:48:03:907 ] [WAIT] Start
[ 2026-01-26 15:50:50:287 ] [WAIT] End
[ 2026-01-26 15:50:50:298 ] [CLEAR] Start
[ 2026-01-26 15:50:50:298 ] [CLEAR] End
[ 2026-01-26 15:50:50:309 ] [WAIT] Start
[ 2026-01-26 16:01:36:052 ] [WAIT] End
[ 2026-01-26 16:01:36:061 ] [CALIBRATION_MODE] Start
[ 2026-01-26 16:01:36:074 ] [CALIBRATION_MODE]     CAM_1 Z Axis Move Start
[ 2026-01-26 16:01:36:074 ] [CALIBRATION_MODE]     CAM_1 Z Axis Move End
[ 2026-01-26 16:01:36:074 ] [CALIBRATION_MODE]     CAM_2 Z Axis Move Start
[ 2026-01-26 16:01:36:074 ] [CALIBRATION_MODE]     CAM_2 Z Axis Move End
[ 2026-01-26 16:01:36:306 ] [CALIBRATION_MODE]     CAM_1 Camera Parameter Set
[ 2026-01-26 16:01:36:529 ] [CALIBRATION_MODE]     CAM_2 Camera Parameter Set
[ 2026-01-26 16:01:36:551 ] [CALIBRATION_MODE]     CAM_1 Light Controller Set
[ 2026-01-26 16:01:41:431 ] [CALIBRATION_MODE]     CAM_2 Light Controller Set
[ 2026-01-26 16:01:41:431 ] [CALIBRATION_MODE] 9-Point Camera Calibration Start
[ 2026-01-26 16:01:41:431 ] [CALIBRATION_MODE]     UVW Stage Move 0 Start
[ 2026-01-26 16:01:53:798 ] [CALIBRATION_MODE]     UVW Stage Move 0 End
[ 2026-01-26 16:01:53:798 ] [CALIBRATION_MODE]     Find Cal Index 0 Point Start
[ 2026-01-26 16:02:15:697 ] [CALIBRATION_MODE]     Find Cal Index 0 Point End
[ 2026-01-26 16:02:15:697 ] [CALIBRATION_MODE]     UVW Stage Move 1 Start
[ 2026-01-26 16:02:20:074 ] [CALIBRATION_MODE]     UVW Stage Move 1 End
[ 2026-01-26 16:02:20:074 ] [CALIBRATION_MODE]     Find Cal Index 1 Point Start
[ 2026-01-26 16:02:36:443 ] [CALIBRATION_MODE]     Find Cal Index 1 Point End
[ 2026-01-26 16:02:36:443 ] [CALIBRATION_MODE]     UVW Stage Move 2 Start
[ 2026-01-26 16:02:42:320 ] [CALIBRATION_MODE]     UVW Stage Move 2 End
[ 2026-01-26 16:02:42:320 ] [CALIBRATION_MODE]     Find Cal Index 2 Point Start
[ 2026-01-26 16:02:44:548 ] [CALIBRATION_MODE]     Find Cal Index 2 Point End
[ 2026-01-26 16:02:44:548 ] [CALIBRATION_MODE]     UVW Stage Move 3 Start
[ 2026-01-26 16:02:51:984 ] [CALIBRATION_MODE]     UVW Stage Move 3 End
[ 2026-01-26 16:02:51:984 ] [CALIBRATION_MODE]     Find Cal Index 3 Point Start
[ 2026-01-26 16:02:54:165 ] [CALIBRATION_MODE]     Find Cal Index 3 Point End
[ 2026-01-26 16:02:54:165 ] [CALIBRATION_MODE]     UVW Stage Move 4 Start
[ 2026-01-26 16:02:58:398 ] [CALIBRATION_MODE]     UVW Stage Move 4 End
[ 2026-01-26 16:02:58:398 ] [CALIBRATION_MODE]     Find Cal Index 4 Point Start
[ 2026-01-26 16:03:00:600 ] [CALIBRATION_MODE]     Find Cal Index 4 Point End
[ 2026-01-26 16:03:00:600 ] [CALIBRATION_MODE]     UVW Stage Move 5 Start
[ 2026-01-26 16:03:04:957 ] [CALIBRATION_MODE]     UVW Stage Move 5 End
[ 2026-01-26 16:03:04:957 ] [CALIBRATION_MODE]     Find Cal Index 5 Point Start
[ 2026-01-26 16:03:07:193 ] [CALIBRATION_MODE]     Find Cal Index 5 Point End
[ 2026-01-26 16:03:07:193 ] [CALIBRATION_MODE]     UVW Stage Move 6 Start
[ 2026-01-26 16:03:14:676 ] [CALIBRATION_MODE]     UVW Stage Move 6 End
[ 2026-01-26 16:03:14:676 ] [CALIBRATION_MODE]     Find Cal Index 6 Point Start
[ 2026-01-26 16:03:16:866 ] [CALIBRATION_MODE]     Find Cal Index 6 Point End
[ 2026-01-26 16:03:16:866 ] [CALIBRATION_MODE]     UVW Stage Move 7 Start
[ 2026-01-26 16:03:21:157 ] [CALIBRATION_MODE]     UVW Stage Move 7 End
[ 2026-01-26 16:03:21:157 ] [CALIBRATION_MODE]     Find Cal Index 7 Point Start
[ 2026-01-26 16:03:23:346 ] [CALIBRATION_MODE]     Find Cal Index 7 Point End
[ 2026-01-26 16:03:23:346 ] [CALIBRATION_MODE]     UVW Stage Move 8 Start
[ 2026-01-26 16:03:27:610 ] [CALIBRATION_MODE]     UVW Stage Move 8 End
[ 2026-01-26 16:03:27:610 ] [CALIBRATION_MODE]     Find Cal Index 8 Point Start
[ 2026-01-26 16:03:29:833 ] [CALIBRATION_MODE]     Find Cal Index 8 Point End
[ 2026-01-26 16:03:54:044 ] [CALIBRATION_MODE] 9-Point Camera Calibration End
[ 2026-01-26 16:03:54:844 ] [CALIBRATION_MODE] 9-Point Camera Calibration Start
[ 2026-01-26 16:03:59:158 ] [CALIBRATION_MODE]     UVW Stage Move 0 Start
[ 2026-01-26 16:04:06:693 ] [CALIBRATION_MODE]     UVW Stage Move 0 End
[ 2026-01-26 16:04:06:694 ] [CALIBRATION_MODE]     Find Cal Index 0 Point Start
[ 2026-01-26 16:04:08:902 ] [CALIBRATION_MODE]     Find Cal Index 0 Point End
[ 2026-01-26 16:04:08:902 ] [CALIBRATION_MODE]     UVW Stage Move 1 Start
[ 2026-01-26 16:04:13:197 ] [CALIBRATION_MODE]     UVW Stage Move 1 End
[ 2026-01-26 16:04:13:197 ] [CALIBRATION_MODE]     Find Cal Index 1 Point Start
[ 2026-01-26 16:04:15:384 ] [CALIBRATION_MODE]     Find Cal Index 1 Point End
[ 2026-01-26 16:04:15:384 ] [CALIBRATION_MODE]     UVW Stage Move 2 Start
[ 2026-01-26 16:04:19:658 ] [CALIBRATION_MODE]     UVW Stage Move 2 End
[ 2026-01-26 16:04:19:658 ] [CALIBRATION_MODE]     Find Cal Index 2 Point Start
[ 2026-01-26 16:04:21:868 ] [CALIBRATION_MODE]     Find Cal Index 2 Point End
[ 2026-01-26 16:04:21:868 ] [CALIBRATION_MODE]     UVW Stage Move 3 Start
[ 2026-01-26 16:04:29:392 ] [CALIBRATION_MODE]     UVW Stage Move 3 End
[ 2026-01-26 16:04:29:392 ] [CALIBRATION_MODE]     Find Cal Index 3 Point Start
[ 2026-01-26 16:04:31:591 ] [CALIBRATION_MODE]     Find Cal Index 3 Point End
[ 2026-01-26 16:04:31:591 ] [CALIBRATION_MODE]     UVW Stage Move 4 Start
[ 2026-01-26 16:04:35:951 ] [CALIBRATION_MODE]     UVW Stage Move 4 End
[ 2026-01-26 16:04:35:951 ] [CALIBRATION_MODE]     Find Cal Index 4 Point Start
[ 2026-01-26 16:04:38:185 ] [CALIBRATION_MODE]     Find Cal Index 4 Point End
[ 2026-01-26 16:04:38:185 ] [CALIBRATION_MODE]     UVW Stage Move 5 Start
[ 2026-01-26 16:04:42:574 ] [CALIBRATION_MODE]     UVW Stage Move 5 End
[ 2026-01-26 16:04:42:574 ] [CALIBRATION_MODE]     Find Cal Index 5 Point Start
[ 2026-01-26 16:04:44:833 ] [CALIBRATION_MODE]     Find Cal Index 5 Point End
[ 2026-01-26 16:04:44:833 ] [CALIBRATION_MODE]     UVW Stage Move 6 Start
[ 2026-01-26 16:04:52:347 ] [CALIBRATION_MODE]     UVW Stage Move 6 End
[ 2026-01-26 16:04:52:347 ] [CALIBRATION_MODE]     Find Cal Index 6 Point Start
[ 2026-01-26 16:04:54:556 ] [CALIBRATION_MODE]     Find Cal Index 6 Point End
[ 2026-01-26 16:04:54:556 ] [CALIBRATION_MODE]     UVW Stage Move 7 Start
[ 2026-01-26 16:04:58:789 ] [CALIBRATION_MODE]     UVW Stage Move 7 End
[ 2026-01-26 16:04:58:789 ] [CALIBRATION_MODE]     Find Cal Index 7 Point Start
[ 2026-01-26 16:05:00:987 ] [CALIBRATION_MODE]     Find Cal Index 7 Point End
[ 2026-01-26 16:05:00:987 ] [CALIBRATION_MODE]     UVW Stage Move 8 Start
[ 2026-01-26 16:05:05:377 ] [CALIBRATION_MODE]     UVW Stage Move 8 End
[ 2026-01-26 16:05:05:377 ] [CALIBRATION_MODE]     Find Cal Index 8 Point Start
[ 2026-01-26 16:05:07:581 ] [CALIBRATION_MODE]     Find Cal Index 8 Point End
[ 2026-01-26 16:05:40:735 ] ========= Program Start =========
[ 2026-01-26 16:06:34:401 ] [WAIT] Start
[ 2026-01-26 16:06:34:596 ] [WAIT] End
[ 2026-01-26 16:06:34:605 ] [CALIBRATION_MODE] Start
[ 2026-01-26 16:06:34:617 ] [CALIBRATION_MODE]     CAM_1 Z Axis Move Start
[ 2026-01-26 16:06:39:539 ] [CALIBRATION_MODE]     CAM_1 Z Axis Move End
[ 2026-01-26 16:06:39:539 ] [CALIBRATION_MODE]     CAM_2 Z Axis Move Start
[ 2026-01-26 16:06:43:670 ] [CALIBRATION_MODE]     CAM_2 Z Axis Move End
[ 2026-01-26 16:06:43:894 ] [CALIBRATION_MODE]     CAM_1 Camera Parameter Set
[ 2026-01-26 16:06:44:116 ] [CALIBRATION_MODE]     CAM_2 Camera Parameter Set
[ 2026-01-26 16:06:44:138 ] [CALIBRATION_MODE]     CAM_1 Light Controller Set
[ 2026-01-26 16:06:58:704 ] [CALIBRATION_MODE]     CAM_2 Light Controller Set
[ 2026-01-26 16:06:58:709 ] [CALIBRATION_MODE] 9-Point Camera Calibration Start
[ 2026-01-26 16:06:58:709 ] [CALIBRATION_MODE]     UVW Stage Move 0 Start
[ 2026-01-26 16:07:06:225 ] [CALIBRATION_MODE]     UVW Stage Move 0 End
[ 2026-01-26 16:07:06:225 ] [CALIBRATION_MODE]     Find Cal Index 0 Point Start
[ 2026-01-26 16:07:08:585 ] [CALIBRATION_MODE]     Find Cal Index 0 Point End
[ 2026-01-26 16:07:08:585 ] [CALIBRATION_MODE]     UVW Stage Move 1 Start
[ 2026-01-26 16:07:12:873 ] [CALIBRATION_MODE]     UVW Stage Move 1 End
[ 2026-01-26 16:07:12:873 ] [CALIBRATION_MODE]     Find Cal Index 1 Point Start
[ 2026-01-26 16:07:15:179 ] [CALIBRATION_MODE]     Find Cal Index 1 Point End
[ 2026-01-26 16:07:15:179 ] [CALIBRATION_MODE]     UVW Stage Move 2 Start
[ 2026-01-26 16:07:19:390 ] [CALIBRATION_MODE]     UVW Stage Move 2 End
[ 2026-01-26 16:07:19:390 ] [CALIBRATION_MODE]     Find Cal Index 2 Point Start
[ 2026-01-26 16:07:21:571 ] [CALIBRATION_MODE]     Find Cal Index 2 Point End
[ 2026-01-26 16:07:21:571 ] [CALIBRATION_MODE]     UVW Stage Move 3 Start
[ 2026-01-26 16:07:29:025 ] [CALIBRATION_MODE]     UVW Stage Move 3 End
[ 2026-01-26 16:07:29:025 ] [CALIBRATION_MODE]     Find Cal Index 3 Point Start
[ 2026-01-26 16:07:31:279 ] [CALIBRATION_MODE]     Find Cal Index 3 Point End
[ 2026-01-26 16:07:31:279 ] [CALIBRATION_MODE]     UVW Stage Move 4 Start
[ 2026-01-26 16:07:35:558 ] [CALIBRATION_MODE]     UVW Stage Move 4 End
[ 2026-01-26 16:07:35:558 ] [CALIBRATION_MODE]     Find Cal Index 4 Point Start
[ 2026-01-26 16:07:38:200 ] [CALIBRATION_MODE]     Find Cal Index 4 Point End
[ 2026-01-26 16:07:38:200 ] [CALIBRATION_MODE]     UVW Stage Move 5 Start
[ 2026-01-26 16:07:42:460 ] [CALIBRATION_MODE]     UVW Stage Move 5 End
[ 2026-01-26 16:07:42:460 ] [CALIBRATION_MODE]     Find Cal Index 5 Point Start
[ 2026-01-26 16:07:44:630 ] [CALIBRATION_MODE]     Find Cal Index 5 Point End
[ 2026-01-26 16:07:44:630 ] [CALIBRATION_MODE]     UVW Stage Move 6 Start
[ 2026-01-26 16:07:52:191 ] [CALIBRATION_MODE]     UVW Stage Move 6 End
[ 2026-01-26 16:07:52:194 ] [CALIBRATION_MODE]     Find Cal Index 6 Point Start
[ 2026-01-26 16:07:54:359 ] [CALIBRATION_MODE]     Find Cal Index 6 Point End
[ 2026-01-26 16:07:54:359 ] [CALIBRATION_MODE]     UVW Stage Move 7 Start
[ 2026-01-26 16:07:58:607 ] [CALIBRATION_MODE]     UVW Stage Move 7 End
[ 2026-01-26 16:07:58:607 ] [CALIBRATION_MODE]     Find Cal Index 7 Point Start
[ 2026-01-26 16:08:00:839 ] [CALIBRATION_MODE]     Find Cal Index 7 Point End
[ 2026-01-26 16:08:00:839 ] [CALIBRATION_MODE]     UVW Stage Move 8 Start
[ 2026-01-26 16:08:05:215 ] [CALIBRATION_MODE]     UVW Stage Move 8 End
[ 2026-01-26 16:08:05:215 ] [CALIBRATION_MODE]     Find Cal Index 8 Point Start
[ 2026-01-26 16:08:09:865 ] [CALIBRATION_MODE]     Find Cal Index 8 Point End
[ 2026-01-26 16:08:34:798 ] [CALIBRATION_MODE] 9-Point Camera Calibration End
[ 2026-01-26 16:08:34:805 ] [CALIBRATION_MODE] UVW Stage Calibration Start
[ 2026-01-26 16:08:34:805 ] [CALIBRATION_MODE]     UVW Stage Move 0 Start
[ 2026-01-26 16:08:39:584 ] [CALIBRATION_MODE]     UVW Stage Move 0 End
[ 2026-01-26 16:08:39:584 ] [CALIBRATION_MODE]     Find Cal Index 0 Point Start
[ 2026-01-26 16:08:41:741 ] [CALIBRATION_MODE]     Find Cal Index 0 Point End
[ 2026-01-26 16:08:41:741 ] [CALIBRATION_MODE]     UVW Stage Move 1 Start
[ 2026-01-26 16:08:43:311 ] [CALIBRATION_MODE]     UVW Stage Move 1 End
[ 2026-01-26 16:08:43:311 ] [CALIBRATION_MODE]     Find Cal Index 1 Point Start
[ 2026-01-26 16:08:45:471 ] [CALIBRATION_MODE]     Find Cal Index 1 Point End
[ 2026-01-26 16:08:45:471 ] [CALIBRATION_MODE]     UVW Stage Move 2 Start
[ 2026-01-26 16:08:47:082 ] [CALIBRATION_MODE]     UVW Stage Move 2 End
[ 2026-01-26 16:08:47:082 ] [CALIBRATION_MODE]     Find Cal Index 2 Point Start
[ 2026-01-26 16:08:49:254 ] [CALIBRATION_MODE]     Find Cal Index 2 Point End
[ 2026-01-26 16:08:49:259 ] [CALIBRATION_MODE] UVW Stage Calibration End
[ 2026-01-26 16:08:49:259 ] [CALIBRATION_MODE] Mask Move to Camera Center Start
[ 2026-01-26 16:08:49:470 ] [CALIBRATION_MODE]     UVW Stage Move Start
[ 2026-01-26 16:08:53:636 ] [CALIBRATION_MODE]     UVW Stage Move End
[ 2026-01-26 16:08:53:636 ] [CALIBRATION_MODE] Mask Move to Camera Center End
[ 2026-01-26 16:08:54:137 ] [CALIBRATION_MODE] End
[ 2026-01-26 16:08:54:148 ] [WAIT] Start
[ 2026-01-26 16:10:15:464 ] [WAIT] End
[ 2026-01-26 16:10:15:464 ] [PRE_ALIGN] Start
[ 2026-01-26 16:10:15:484 ] [PRE_ALIGN]     CAM_1 Z Axis Move Start
[ 2026-01-26 16:10:18:306 ] [PRE_ALIGN]     CAM_1 Z Axis Move End
[ 2026-01-26 16:10:18:306 ] [PRE_ALIGN]     CAM_2 Z Axis Move Start
[ 2026-01-26 16:10:21:038 ] [PRE_ALIGN]     CAM_2 Z Axis Move End
[ 2026-01-26 16:10:21:262 ] [PRE_ALIGN]     CAM_1 Camera Parameter Set
[ 2026-01-26 16:10:21:485 ] [PRE_ALIGN]     CAM_2 Camera Parameter Set
[ 2026-01-26 16:10:21:507 ] [PRE_ALIGN]     CAM_1 Light Controller Set
[ 2026-01-26 16:10:21:537 ] [PRE_ALIGN]     CAM_2 Light Controller Set
[ 2026-01-26 16:10:21:538 ] [PRE_ALIGN]     Image Grab && Measurement
[ 2026-01-26 16:10:29:659 ] [PRE_ALIGN]     Measurement Result : XY Align NG
[ 2026-01-26 16:10:29:659 ] [PRE_ALIGN]     Result Saved
[ 2026-01-26 16:10:29:838 ] [PRE_ALIGN]     UVW Stage Move Start
[ 2026-01-26 16:10:29:838 ] [PRE_ALIGN]     X=-2869.846, Y=-2017.135, T=0.179
[ 2026-01-26 16:10:37:638 ] [PRE_ALIGN]     UVW Stage Move End
[ 2026-01-26 16:10:37:638 ] [PRE_ALIGN] End
[ 2026-01-26 16:10:37:650 ] [WAIT] Start
[ 2026-01-26 16:10:38:092 ] [WAIT] End
[ 2026-01-26 16:10:38:101 ] [PRE_ALIGN] Start
[ 2026-01-26 16:10:38:101 ] [PRE_ALIGN]     CAM_1 Z Axis Move Start
[ 2026-01-26 16:10:38:101 ] [PRE_ALIGN]     CAM_1 Z Axis Move End
[ 2026-01-26 16:10:38:123 ] [PRE_ALIGN]     CAM_2 Z Axis Move Start
[ 2026-01-26 16:10:38:123 ] [PRE_ALIGN]     CAM_2 Z Axis Move End
[ 2026-01-26 16:10:38:347 ] [PRE_ALIGN]     CAM_1 Camera Parameter Set
[ 2026-01-26 16:10:38:570 ] [PRE_ALIGN]     CAM_2 Camera Parameter Set
[ 2026-01-26 16:10:38:591 ] [PRE_ALIGN]     CAM_1 Light Controller Set
[ 2026-01-26 16:10:38:620 ] [PRE_ALIGN]     CAM_2 Light Controller Set
[ 2026-01-26 16:10:38:620 ] [PRE_ALIGN]     Image Grab && Measurement
[ 2026-01-26 16:10:46:732 ] [PRE_ALIGN]     Measurement Result : XY Align NG
[ 2026-01-26 16:10:46:732 ] [PRE_ALIGN]     Result Saved
[ 2026-01-26 16:10:46:902 ] [PRE_ALIGN]     UVW Stage Move Start
[ 2026-01-26 16:10:46:902 ] [PRE_ALIGN]     X=-2873.378, Y=-2045.417, T=0.181
[ 2026-01-26 16:10:49:394 ] [PRE_ALIGN]     UVW Stage Move End
[ 2026-01-26 16:10:49:394 ] [PRE_ALIGN] End
[ 2026-01-26 16:10:49:405 ] [WAIT] Start
[ 2026-01-26 16:10:49:825 ] [WAIT] End
[ 2026-01-26 16:10:49:834 ] [PRE_ALIGN] Start
[ 2026-01-26 16:10:49:834 ] [PRE_ALIGN]     CAM_1 Z Axis Move Start
[ 2026-01-26 16:10:49:834 ] [PRE_ALIGN]     CAM_1 Z Axis Move End
[ 2026-01-26 16:10:49:857 ] [PRE_ALIGN]     CAM_2 Z Axis Move Start
[ 2026-01-26 16:10:49:857 ] [PRE_ALIGN]     CAM_2 Z Axis Move End
[ 2026-01-26 16:10:50:081 ] [PRE_ALIGN]     CAM_1 Camera Parameter Set
[ 2026-01-26 16:10:50:304 ] [PRE_ALIGN]     CAM_2 Camera Parameter Set
[ 2026-01-26 16:10:50:326 ] [PRE_ALIGN]     CAM_1 Light Controller Set
[ 2026-01-26 16:10:50:362 ] [PRE_ALIGN]     CAM_2 Light Controller Set
[ 2026-01-26 16:10:50:362 ] [PRE_ALIGN]     Image Grab && Measurement
[ 2026-01-26 16:10:58:435 ] [PRE_ALIGN]     Measurement Result : OK
[ 2026-01-26 16:10:58:435 ] [PRE_ALIGN]     Result Saved
[ 2026-01-26 16:10:58:636 ] [PRE_ALIGN] End
[ 2026-01-26 16:10:58:647 ] [WAIT] Start
[ 2026-01-26 16:11:05:557 ] [WAIT] End
[ 2026-01-26 16:11:05:557 ] [CONTACT_ALIGN] Start
[ 2026-01-26 16:11:05:578 ] [CONTACT_ALIGN]     CAM_1 Z Axis Move Start
[ 2026-01-26 16:11:07:104 ] [CONTACT_ALIGN]     CAM_1 Z Axis Move End
[ 2026-01-26 16:11:07:104 ] [CONTACT_ALIGN]     CAM_2 Z Axis Move Start
[ 2026-01-26 16:11:08:840 ] [CONTACT_ALIGN]     CAM_2 Z Axis Move End
[ 2026-01-26 16:11:09:063 ] [CONTACT_ALIGN]     CAM_1 Camera Parameter Set
[ 2026-01-26 16:11:09:286 ] [CONTACT_ALIGN]     CAM_2 Camera Parameter Set
[ 2026-01-26 16:11:09:308 ] [CONTACT_ALIGN]     CAM_1 Light Controller Set
[ 2026-01-26 16:11:09:337 ] [CONTACT_ALIGN]     CAM_2 Light Controller Set
[ 2026-01-26 16:11:09:574 ] [CONTACT_ALIGN]     Image Grab
[ 2026-01-26 16:11:09:574 ] [CONTACT_ALIGN]     Measurement...
[ 2026-01-26 16:11:10:068 ] [CONTACT_ALIGN]     Measurement Result : NG (X=-2883.777, Y=-2047.234, T=0.175
[ 2026-01-26 16:11:10:069 ] [CONTACT_ALIGN]     Result Saved
[ 2026-01-26 16:11:10:295 ] [CONTACT_ALIGN] End
[ 2026-01-26 16:11:10:306 ] [WAIT] Start
[ 2026-01-26 16:18:45:953 ] ------========= Program End =========------
[ 2026-01-26 16:19:52:712 ] ========= Program Start =========
[ 2026-01-26 16:35:30:349 ] [MAX] Start
[ 2026-01-26 16:35:43:843 ] [WAIT] End
[ 2026-01-26 16:35:43:863 ] [WAIT] Start
[ 2026-01-26 16:35:43:879 ] [PRE_ALIGN]     CAM_1 Z Axis Move Start
[ 2026-01-26 16:35:46:301 ] [PRE_ALIGN]     CAM_1 Z Axis Move End
[ 2026-01-26 16:35:46:312 ] [PRE_ALIGN]     CAM_2 Z Axis Move Start
[ 2026-01-26 16:35:48:037 ] [PRE_ALIGN]     CAM_2 Z Axis Move End
[ 2026-01-26 16:35:48:263 ] [PRE_ALIGN]     CAM_1 Camera Parameter Set
[ 2026-01-26 16:35:48:485 ] [PRE_ALIGN]     CAM_2 Camera Parameter Set
[ 2026-01-26 16:35:48:508 ] [PRE_ALIGN]     CAM_1 Light Controller Set
[ 2026-01-26 16:35:48:539 ] [PRE_ALIGN]     CAM_2 Light Controller Set
[ 2026-01-26 16:35:48:539 ] [PRE_ALIGN]     Image Grab && Measurement
[ 2026-01-26 16:35:56:494 ] [PRE_ALIGN]     Measurement Result : XY Align NG
[ 2026-01-26 16:35:56:494 ] [PRE_ALIGN]     Result Saved
[ 2026-01-26 16:35:56:753 ] [PRE_ALIGN]     UVW Stage Move Start
[ 2026-01-26 16:35:56:753 ] [PRE_ALIGN]     X=-2921.707, Y=-2627.334, T=0.288
[ 2026-01-26 16:35:56:760 ] [PRE_ALIGN]     UVW Stage Move Failed : X2 Software Limit Failed
[ 2026-01-26 16:35:56:779 ] [PRE_ALIGN] Start
[ 2026-01-26 16:35:56:792 ] [ALARM] End
[ 2026-01-26 16:35:56:810 ] [ALARM] Start
[ 2026-01-26 16:43:50:717 ] [WAIT] End
[ 2026-01-26 16:43:50:734 ] [PRE_ALIGN] Start
[ 2026-01-26 16:43:50:751 ] [PRE_ALIGN]     CAM_1 Z Axis Move Start
[ 2026-01-26 16:43:50:751 ] [PRE_ALIGN]     CAM_1 Z Axis Move End
[ 2026-01-26 16:43:50:763 ] [PRE_ALIGN]     CAM_2 Z Axis Move Start
[ 2026-01-26 16:43:50:763 ] [PRE_ALIGN]     CAM_2 Z Axis Move End
[ 2026-01-26 16:43:50:985 ] [PRE_ALIGN]     CAM_1 Camera Parameter Set
[ 2026-01-26 16:43:51:208 ] [PRE_ALIGN]     CAM_2 Camera Parameter Set
[ 2026-01-26 16:43:51:230 ] [PRE_ALIGN]     CAM_1 Light Controller Set
[ 2026-01-26 16:43:51:263 ] [PRE_ALIGN]     CAM_2 Light Controller Set
[ 2026-01-26 16:43:51:263 ] [PRE_ALIGN]     Image Grab && Measurement
[ 2026-01-26 16:43:59:324 ] [PRE_ALIGN]     Measurement Result : XY Align NG
[ 2026-01-26 16:43:59:324 ] [PRE_ALIGN]     Result Saved
[ 2026-01-26 16:43:59:533 ] [PRE_ALIGN]     UVW Stage Move Start
[ 2026-01-26 16:43:59:533 ] [PRE_ALIGN]     X=-2914.743, Y=-2630.913, T=0.289
[ 2026-01-26 16:44:05:030 ] [PRE_ALIGN]     UVW Stage Move End
[ 2026-01-26 16:44:05:037 ] [PRE_ALIGN] End
[ 2026-01-26 16:44:05:063 ] [WAIT] Start
[ 2026-01-26 16:44:05:493 ] [WAIT] End
[ 2026-01-26 16:44:05:513 ] [PRE_ALIGN] Start
[ 2026-01-26 16:44:05:525 ] [PRE_ALIGN]     CAM_1 Z Axis Move Start
[ 2026-01-26 16:44:05:525 ] [PRE_ALIGN]     CAM_1 Z Axis Move End
[ 2026-01-26 16:44:05:525 ] [PRE_ALIGN]     CAM_2 Z Axis Move Start
[ 2026-01-26 16:44:05:525 ] [PRE_ALIGN]     CAM_2 Z Axis Move End
[ 2026-01-26 16:44:05:762 ] [PRE_ALIGN]     CAM_1 Camera Parameter Set
[ 2026-01-26 16:44:05:985 ] [PRE_ALIGN]     CAM_2 Camera Parameter Set
[ 2026-01-26 16:44:06:007 ] [PRE_ALIGN]     CAM_1 Light Controller Set
[ 2026-01-26 16:44:06:040 ] [PRE_ALIGN]     CAM_2 Light Controller Set
[ 2026-01-26 16:44:06:040 ] [PRE_ALIGN]     Image Grab && Measurement
[ 2026-01-26 16:44:14:151 ] [PRE_ALIGN]     Measurement Result : XY Align NG
[ 2026-01-26 16:44:14:151 ] [PRE_ALIGN]     Result Saved
[ 2026-01-26 16:44:14:418 ] [PRE_ALIGN]     UVW Stage Move Start
[ 2026-01-26 16:44:14:418 ] [PRE_ALIGN]     X=-2890.272, Y=-2647.229, T=0.292
[ 2026-01-26 16:44:16:274 ] [PRE_ALIGN]     UVW Stage Move End
[ 2026-01-26 16:44:16:274 ] [PRE_ALIGN] End
[ 2026-01-26 16:44:16:299 ] [WAIT] Start
[ 2026-01-26 16:44:16:757 ] [WAIT] End
[ 2026-01-26 16:44:16:776 ] [PRE_ALIGN] Start
[ 2026-01-26 16:44:16:791 ] [PRE_ALIGN]     CAM_1 Z Axis Move Start
[ 2026-01-26 16:44:16:791 ] [PRE_ALIGN]     CAM_1 Z Axis Move End
[ 2026-01-26 16:44:16:791 ] [PRE_ALIGN]     CAM_2 Z Axis Move Start
[ 2026-01-26 16:44:16:791 ] [PRE_ALIGN]     CAM_2 Z Axis Move End
[ 2026-01-26 16:44:17:024 ] [PRE_ALIGN]     CAM_1 Camera Parameter Set
[ 2026-01-26 16:44:17:248 ] [PRE_ALIGN]     CAM_2 Camera Parameter Set
[ 2026-01-26 16:44:17:270 ] [PRE_ALIGN]     CAM_1 Light Controller Set
[ 2026-01-26 16:44:17:303 ] [PRE_ALIGN]     CAM_2 Light Controller Set
[ 2026-01-26 16:44:17:307 ] [PRE_ALIGN]     Image Grab && Measurement
[ 2026-01-26 16:44:25:301 ] [PRE_ALIGN]     Measurement Result : OK
[ 2026-01-26 16:44:25:304 ] [PRE_ALIGN]     Result Saved
[ 2026-01-26 16:44:25:507 ] [PRE_ALIGN] End
[ 2026-01-26 16:44:25:526 ] [WAIT] Start
[ 2026-01-26 16:44:32:674 ] [WAIT] End
[ 2026-01-26 16:44:32:693 ] [CONTACT_ALIGN] Start
[ 2026-01-26 16:44:32:707 ] [CONTACT_ALIGN]     CAM_1 Z Axis Move Start
[ 2026-01-26 16:44:34:234 ] [CONTACT_ALIGN]     CAM_1 Z Axis Move End
[ 2026-01-26 16:44:34:246 ] [CONTACT_ALIGN]     CAM_2 Z Axis Move Start
[ 2026-01-26 16:44:35:970 ] [CONTACT_ALIGN]     CAM_2 Z Axis Move End
[ 2026-01-26 16:44:36:193 ] [CONTACT_ALIGN]     CAM_1 Camera Parameter Set
[ 2026-01-26 16:44:36:416 ] [CONTACT_ALIGN]     CAM_2 Camera Parameter Set
[ 2026-01-26 16:44:36:438 ] [CONTACT_ALIGN]     CAM_1 Light Controller Set
[ 2026-01-26 16:44:36:468 ] [CONTACT_ALIGN]     CAM_2 Light Controller Set
[ 2026-01-26 16:44:36:703 ] [CONTACT_ALIGN]     Image Grab
[ 2026-01-26 16:44:36:703 ] [CONTACT_ALIGN]     Measurement...
[ 2026-01-26 16:44:37:208 ] [CONTACT_ALIGN]     Measurement Result : NG (X=-2886.132, Y=-2655.347, T=0.289
[ 2026-01-26 16:44:37:212 ] [CONTACT_ALIGN]     Result Saved
[ 2026-01-26 16:44:37:434 ] [CONTACT_ALIGN] End
[ 2026-01-26 16:44:37:453 ] [WAIT] Start
[ 2026-01-26 16:50:01:849 ] [WAIT] End
[ 2026-01-26 16:50:01:864 ] [CONTACT_ALIGN] Start
[ 2026-01-26 16:50:01:878 ] [CONTACT_ALIGN]     CAM_1 Z Axis Move Start
[ 2026-01-26 16:50:01:878 ] [CONTACT_ALIGN]     CAM_1 Z Axis Move End
[ 2026-01-26 16:50:01:888 ] [CONTACT_ALIGN]     CAM_2 Z Axis Move Start
[ 2026-01-26 16:50:01:888 ] [CONTACT_ALIGN]     CAM_2 Z Axis Move End
[ 2026-01-26 16:50:02:112 ] [CONTACT_ALIGN]     CAM_1 Camera Parameter Set
[ 2026-01-26 16:50:02:335 ] [CONTACT_ALIGN]     CAM_2 Camera Parameter Set
[ 2026-01-26 16:50:02:357 ] [CONTACT_ALIGN]     CAM_1 Light Controller Set
[ 2026-01-26 16:50:02:387 ] [CONTACT_ALIGN]     CAM_2 Light Controller Set
[ 2026-01-26 16:50:02:630 ] [CONTACT_ALIGN]     Image Grab
[ 2026-01-26 16:50:02:632 ] [CONTACT_ALIGN]     Measurement...
[ 2026-01-26 16:50:03:140 ] [CONTACT_ALIGN]     Measurement Result : NG (X=2551.366, Y=2202.713, T=0.218
[ 2026-01-26 16:50:03:140 ] [CONTACT_ALIGN]     Result Saved
[ 2026-01-26 16:50:03:152 ] [CONTACT_ALIGN] End
[ 2026-01-26 16:50:03:172 ] [WAIT] Start
[ 2026-01-26 16:51:05:640 ] [WAIT] End
[ 2026-01-26 16:51:05:651 ] [PRE_ALIGN] Start
[ 2026-01-26 16:51:05:668 ] [PRE_ALIGN]     CAM_1 Z Axis Move Start
[ 2026-01-26 16:51:07:185 ] [PRE_ALIGN]     CAM_1 Z Axis Move End
[ 2026-01-26 16:51:07:196 ] [PRE_ALIGN]     CAM_2 Z Axis Move Start
[ 2026-01-26 16:51:08:913 ] [PRE_ALIGN]     CAM_2 Z Axis Move End
[ 2026-01-26 16:51:09:141 ] [PRE_ALIGN]     CAM_1 Camera Parameter Set
[ 2026-01-26 16:51:09:363 ] [PRE_ALIGN]     CAM_2 Camera Parameter Set
[ 2026-01-26 16:51:09:384 ] [PRE_ALIGN]     CAM_1 Light Controller Set
[ 2026-01-26 16:51:09:419 ] [PRE_ALIGN]     CAM_2 Light Controller Set
[ 2026-01-26 16:51:09:428 ] [PRE_ALIGN]     Image Grab && Measurement
[ 2026-01-26 16:51:17:534 ] [PRE_ALIGN]     Measurement Result : Cam1 Mask Score NG
[ 2026-01-26 16:51:17:534 ] [PRE_ALIGN]     Result Saved
[ 2026-01-26 16:51:17:741 ] [PRE_ALIGN]     UVW Stage Move Start (Calibration Start Pos)
[ 2026-01-26 16:51:17:741 ] [PRE_ALIGN]     X=-2468.693, Y=-2038.117, T=-0.029
[ 2026-01-26 16:51:29:414 ] [PRE_ALIGN]     UVW Stage Move End
[ 2026-01-26 16:51:29:414 ] [PRE_ALIGN] End
[ 2026-01-26 16:51:29:437 ] [WAIT] Start
[ 2026-01-26 16:51:29:915 ] [WAIT] End
[ 2026-01-26 16:51:29:936 ] [PRE_ALIGN] Start
[ 2026-01-26 16:51:29:948 ] [PRE_ALIGN]     CAM_1 Z Axis Move Start
[ 2026-01-26 16:51:29:948 ] [PRE_ALIGN]     CAM_1 Z Axis Move End
[ 2026-01-26 16:51:29:959 ] [PRE_ALIGN]     CAM_2 Z Axis Move Start
[ 2026-01-26 16:51:29:959 ] [PRE_ALIGN]     CAM_2 Z Axis Move End
[ 2026-01-26 16:51:30:183 ] [PRE_ALIGN]     CAM_1 Camera Parameter Set
[ 2026-01-26 16:51:30:407 ] [PRE_ALIGN]     CAM_2 Camera Parameter Set
[ 2026-01-26 16:51:30:429 ] [PRE_ALIGN]     CAM_1 Light Controller Set
[ 2026-01-26 16:51:30:468 ] [PRE_ALIGN]     CAM_2 Light Controller Set
[ 2026-01-26 16:51:30:468 ] [PRE_ALIGN]     Image Grab && Measurement
[ 2026-01-26 16:51:38:561 ] [PRE_ALIGN]     Measurement Result : XY Align NG
[ 2026-01-26 16:51:38:561 ] [PRE_ALIGN]     Result Saved
[ 2026-01-26 16:51:38:776 ] [PRE_ALIGN]     UVW Stage Move Start
[ 2026-01-26 16:51:38:776 ] [PRE_ALIGN]     X=-2739.888, Y=-2200.932, T=0.233
[ 2026-01-26 16:51:47:324 ] [PRE_ALIGN]     UVW Stage Move End
[ 2026-01-26 16:51:47:324 ] [PRE_ALIGN] End
[ 2026-01-26 16:51:47:352 ] [WAIT] Start
[ 2026-01-26 16:51:47:778 ] [WAIT] End
[ 2026-01-26 16:51:47:797 ] [PRE_ALIGN] Start
[ 2026-01-26 16:51:47:811 ] [PRE_ALIGN]     CAM_1 Z Axis Move Start
[ 2026-01-26 16:51:47:811 ] [PRE_ALIGN]     CAM_1 Z Axis Move End
[ 2026-01-26 16:51:47:822 ] [PRE_ALIGN]     CAM_2 Z Axis Move Start
[ 2026-01-26 16:51:47:822 ] [PRE_ALIGN]     CAM_2 Z Axis Move End
[ 2026-01-26 16:51:48:046 ] [PRE_ALIGN]     CAM_1 Camera Parameter Set
[ 2026-01-26 16:51:48:269 ] [PRE_ALIGN]     CAM_2 Camera Parameter Set
[ 2026-01-26 16:51:48:290 ] [PRE_ALIGN]     CAM_1 Light Controller Set
[ 2026-01-26 16:51:48:323 ] [PRE_ALIGN]     CAM_2 Light Controller Set
[ 2026-01-26 16:51:48:323 ] [PRE_ALIGN]     Image Grab && Measurement
[ 2026-01-26 16:51:56:373 ] [PRE_ALIGN]     Measurement Result : XY Align NG
[ 2026-01-26 16:51:56:373 ] [PRE_ALIGN]     Result Saved
[ 2026-01-26 16:51:56:571 ] [PRE_ALIGN]     UVW Stage Move Start
[ 2026-01-26 16:51:56:571 ] [PRE_ALIGN]     X=-2706.629, Y=-2221.614, T=0.240
[ 2026-01-26 16:51:57:948 ] [PRE_ALIGN]     UVW Stage Move End
[ 2026-01-26 16:51:57:948 ] [PRE_ALIGN] End
[ 2026-01-26 16:51:57:978 ] [WAIT] Start
[ 2026-01-26 16:51:58:519 ] [WAIT] End
[ 2026-01-26 16:51:58:537 ] [PRE_ALIGN] Start
[ 2026-01-26 16:51:58:551 ] [PRE_ALIGN]     CAM_1 Z Axis Move Start
[ 2026-01-26 16:51:58:551 ] [PRE_ALIGN]     CAM_1 Z Axis Move End
[ 2026-01-26 16:51:58:562 ] [PRE_ALIGN]     CAM_2 Z Axis Move Start
[ 2026-01-26 16:51:58:562 ] [PRE_ALIGN]     CAM_2 Z Axis Move End
[ 2026-01-26 16:51:58:790 ] [PRE_ALIGN]     CAM_1 Camera Parameter Set
[ 2026-01-26 16:51:59:011 ] [PRE_ALIGN]     CAM_2 Camera Parameter Set
[ 2026-01-26 16:51:59:033 ] [PRE_ALIGN]     CAM_1 Light Controller Set
[ 2026-01-26 16:51:59:065 ] [PRE_ALIGN]     CAM_2 Light Controller Set
[ 2026-01-26 16:51:59:071 ] [PRE_ALIGN]     Image Grab && Measurement
[ 2026-01-26 16:52:07:119 ] [PRE_ALIGN]     Measurement Result : OK
[ 2026-01-26 16:52:07:119 ] [PRE_ALIGN]     Result Saved
[ 2026-01-26 16:52:07:318 ] [PRE_ALIGN] End
[ 2026-01-26 16:52:07:337 ] [WAIT] Start
[ 2026-01-26 16:52:14:214 ] [WAIT] End
[ 2026-01-26 16:52:14:232 ] [CONTACT_ALIGN] Start
[ 2026-01-26 16:52:14:246 ] [CONTACT_ALIGN]     CAM_1 Z Axis Move Start
[ 2026-01-26 16:52:15:766 ] [CONTACT_ALIGN]     CAM_1 Z Axis Move End
[ 2026-01-26 16:52:15:777 ] [CONTACT_ALIGN]     CAM_2 Z Axis Move Start
[ 2026-01-26 16:52:17:493 ] [CONTACT_ALIGN]     CAM_2 Z Axis Move End
[ 2026-01-26 16:52:17:717 ] [CONTACT_ALIGN]     CAM_1 Camera Parameter Set
[ 2026-01-26 16:52:17:940 ] [CONTACT_ALIGN]     CAM_2 Camera Parameter Set
[ 2026-01-26 16:52:17:962 ] [CONTACT_ALIGN]     CAM_1 Light Controller Set
[ 2026-01-26 16:52:17:992 ] [CONTACT_ALIGN]     CAM_2 Light Controller Set
[ 2026-01-26 16:52:18:231 ] [CONTACT_ALIGN]     Image Grab
[ 2026-01-26 16:52:18:231 ] [CONTACT_ALIGN]     Measurement...
[ 2026-01-26 16:52:18:737 ] [CONTACT_ALIGN]     Measurement Result : NG (X=-2703.722, Y=-2195.504, T=0.240
[ 2026-01-26 16:52:18:741 ] [CONTACT_ALIGN]     Result Saved
[ 2026-01-26 16:52:18:999 ] [CONTACT_ALIGN] End
[ 2026-01-26 16:52:19:018 ] [WAIT] Start
[ 2026-01-26 17:19:23:389 ] ------========= Program End =========------
[ 2026-01-26 17:19:42:672 ] ========= Program Start =========
[ 2026-01-26 17:19:58:129 ] [WAIT] Start
[ 2026-01-26 17:30:21:927 ] ------========= Program End =========------
[ 2026-01-26 17:31:02:755 ] ========= Program Start =========
[ 2026-01-26 17:31:26:521 ] [WAIT] Start
[ 2026-01-26 17:31:48:287 ] [WAIT] End
[ 2026-01-26 17:31:49:829 ] [CALIBRATION_MODE] Start
[ 2026-01-26 17:31:54:835 ] [CALIBRATION_MODE]     CAM_1 Z Axis Move Start
[ 2026-01-26 17:31:54:835 ] [CALIBRATION_MODE]     CAM_1 Z Axis Move End
[ 2026-01-26 17:31:54:835 ] [CALIBRATION_MODE]     CAM_2 Z Axis Move Start
[ 2026-01-26 17:31:54:835 ] [CALIBRATION_MODE]     CAM_2 Z Axis Move End
[ 2026-01-26 17:31:55:069 ] [CALIBRATION_MODE]     CAM_1 Camera Parameter Set
[ 2026-01-26 17:31:55:292 ] [CALIBRATION_MODE]     CAM_2 Camera Parameter Set
[ 2026-01-26 17:31:55:315 ] [CALIBRATION_MODE]     CAM_1 Light Controller Set
[ 2026-01-26 17:31:56:893 ] [CALIBRATION_MODE]     CAM_2 Light Controller Set
[ 2026-01-26 17:32:01:399 ] [CALIBRATION_MODE] 9-Point Camera Calibration Start
[ 2026-01-26 17:44:48:133 ] ========= Program Start =========
[ 2026-01-26 17:44:50:354 ] [WAIT] Start
[ 2026-01-26 17:45:20:351 ] [WAIT] End
[ 2026-01-26 17:45:20:351 ] [CALIBRATION_MODE] Start
[ 2026-01-26 17:45:20:371 ] [CALIBRATION_MODE]     CAM_1 Z Axis Move Start
[ 2026-01-26 17:45:25:295 ] [CALIBRATION_MODE]     CAM_1 Z Axis Move End
[ 2026-01-26 17:45:25:306 ] [CALIBRATION_MODE]     CAM_2 Z Axis Move Start
[ 2026-01-26 17:45:29:432 ] [CALIBRATION_MODE]     CAM_2 Z Axis Move End
[ 2026-01-26 17:45:29:656 ] [CALIBRATION_MODE]     CAM_1 Camera Parameter Set
[ 2026-01-26 17:45:29:878 ] [CALIBRATION_MODE]     CAM_2 Camera Parameter Set
[ 2026-01-26 17:45:29:901 ] [CALIBRATION_MODE]     CAM_1 Light Controller Set
[ 2026-01-26 17:45:59:613 ] [CALIBRATION_MODE]     CAM_2 Light Controller Set
[ 2026-01-26 17:45:59:620 ] [CALIBRATION_MODE] 9-Point Camera Calibration Start
[ 2026-01-26 17:49:15:701 ] [CALIBRATION_MODE] 9-Point Camera Calibration End
[ 2026-01-26 17:49:15:701 ] [CALIBRATION_MODE]     UVW Stage Move 0 Start
[ 2026-01-26 17:49:15:701 ] [CALIBRATION_MODE] UVW Stage Calibration Start
[ 2026-01-26 17:49:46:213 ] [CALIBRATION_MODE]     UVW Stage Move 0 End
[ 2026-01-26 17:49:46:213 ] [CALIBRATION_MODE]     Find Cal Index 0 Point Start
[ 2026-01-26 17:49:48:432 ] [CALIBRATION_MODE]     Find Cal Index 0 Point End
[ 2026-01-26 17:49:48:432 ] [CALIBRATION_MODE]     UVW Stage Move 1 Start
[ 2026-01-26 17:50:18:940 ] [CALIBRATION_MODE]     UVW Stage Move 1 End
[ 2026-01-26 17:50:18:940 ] [CALIBRATION_MODE]     Find Cal Index 1 Point Start
[ 2026-01-26 17:50:21:118 ] [CALIBRATION_MODE]     Find Cal Index 1 Point End
[ 2026-01-26 17:50:21:118 ] [CALIBRATION_MODE]     UVW Stage Move 2 Start
[ 2026-01-26 17:50:51:632 ] [CALIBRATION_MODE]     UVW Stage Move 2 End
[ 2026-01-26 17:50:51:632 ] [CALIBRATION_MODE]     Find Cal Index 2 Point Start
[ 2026-01-26 17:50:53:813 ] [CALIBRATION_MODE]     Find Cal Index 2 Point End
[ 2026-01-26 17:50:53:813 ] [CALIBRATION_MODE] Mask Move to Camera Center Start
[ 2026-01-26 17:50:53:813 ] [CALIBRATION_MODE] UVW Stage Calibration End
[ 2026-01-26 17:50:54:085 ] [CALIBRATION_MODE]     UVW Stage Move Start
[ 2026-01-26 17:51:24:589 ] [CALIBRATION_MODE]     UVW Stage Move 3 Start
[ 2026-01-26 17:51:55:105 ] [CALIBRATION_MODE]     UVW Stage Move 3 End
[ 2026-01-26 17:51:55:327 ] [CALIBRATION_MODE] Mask Move to Camera Center End
[ 2026-01-26 17:51:55:826 ] [CALIBRATION_MODE] End
[ 2026-01-26 17:52:02:899 ] [WAIT] Start
[ 2026-01-26 17:54:54:019 ] [WAIT] End
[ 2026-01-26 17:54:54:029 ] [CONTACT_ALIGN] Start
[ 2026-01-26 17:54:54:039 ] [CONTACT_ALIGN]     CAM_1 Z Axis Move Start
[ 2026-01-26 17:54:58:062 ] [CONTACT_ALIGN]     CAM_1 Z Axis Move End
[ 2026-01-26 17:54:58:073 ] [CONTACT_ALIGN]     CAM_2 Z Axis Move Start
[ 2026-01-26 17:55:02:194 ] [CONTACT_ALIGN]     CAM_2 Z Axis Move End
[ 2026-01-26 17:55:02:418 ] [CONTACT_ALIGN]     CAM_1 Camera Parameter Set
[ 2026-01-26 17:55:02:639 ] [CONTACT_ALIGN]     CAM_2 Camera Parameter Set
[ 2026-01-26 17:55:02:661 ] [CONTACT_ALIGN]     CAM_1 Light Controller Set
[ 2026-01-26 17:55:02:691 ] [CONTACT_ALIGN]     CAM_2 Light Controller Set
[ 2026-01-26 17:55:02:927 ] [CONTACT_ALIGN]     Image Grab
[ 2026-01-26 17:55:02:930 ] [CONTACT_ALIGN]     Measurement...
[ 2026-01-26 17:55:03:024 ] [CONTACT_ALIGN]     Measurement Result : NG (X=-2707.062, Y=-2205.451, T=0.239
[ 2026-01-26 17:55:03:024 ] [CONTACT_ALIGN]     Result Saved
[ 2026-01-26 17:55:03:024 ] [CONTACT_ALIGN] End
[ 2026-01-26 17:55:03:024 ] [WAIT] Start
[ 2026-01-26 17:55:10:150 ] [WAIT] End
[ 2026-01-26 17:55:10:150 ] [CALIBRATION_MODE] Start
[ 2026-01-26 17:55:10:170 ] [CALIBRATION_MODE]     CAM_1 Z Axis Move Start
[ 2026-01-26 17:55:14:190 ] [CALIBRATION_MODE]     CAM_1 Z Axis Move End
[ 2026-01-26 17:55:14:201 ] [CALIBRATION_MODE]     CAM_2 Z Axis Move Start
[ 2026-01-26 17:55:18:327 ] [CALIBRATION_MODE]     CAM_2 Z Axis Move End
[ 2026-01-26 17:55:18:549 ] [CALIBRATION_MODE]     CAM_1 Camera Parameter Set
[ 2026-01-26 17:55:18:773 ] [CALIBRATION_MODE]     CAM_2 Camera Parameter Set
[ 2026-01-26 17:55:18:795 ] [CALIBRATION_MODE]     CAM_1 Light Controller Set
[ 2026-01-26 17:56:13:727 ] [CALIBRATION_MODE]     CAM_2 Light Controller Set
[ 2026-01-26 17:56:14:612 ] [CALIBRATION_MODE] 9-Point Camera Calibration Start
[ 2026-01-26 17:58:42:862 ] ========= Program Start =========
[ 2026-01-26 17:58:52:831 ] [WAIT] Start
[ 2026-01-26 17:58:53:045 ] [WAIT] End
[ 2026-01-26 17:58:53:054 ] [CALIBRATION_MODE] Start
[ 2026-01-26 17:58:53:054 ] [CALIBRATION_MODE]     CAM_1 Z Axis Move Start
[ 2026-01-26 17:58:57:986 ] [CALIBRATION_MODE]     CAM_1 Z Axis Move End
[ 2026-01-26 17:58:57:996 ] [CALIBRATION_MODE]     CAM_2 Z Axis Move Start
[ 2026-01-26 17:59:02:119 ] [CALIBRATION_MODE]     CAM_2 Z Axis Move End
[ 2026-01-26 17:59:02:344 ] [CALIBRATION_MODE]     CAM_1 Camera Parameter Set
[ 2026-01-26 17:59:02:567 ] [CALIBRATION_MODE]     CAM_2 Camera Parameter Set
[ 2026-01-26 17:59:02:590 ] [CALIBRATION_MODE]     CAM_1 Light Controller Set
[ 2026-01-26 17:59:12:058 ] [CALIBRATION_MODE]     CAM_2 Light Controller Set
[ 2026-01-26 17:59:12:058 ] [CALIBRATION_MODE] 9-Point Camera Calibration Start
[ 2026-01-26 18:00:52:794 ] [CALIBRATION_MODE] 9-Point Camera Calibration End
[ 2026-01-26 18:00:54:505 ] [CALIBRATION_MODE] End
[ 2026-01-26 18:00:54:505 ] [WAIT] Start
[ 2026-01-26 18:04:55:798 ] ------========= Program End =========------
[ 2026-01-26 18:05:08:865 ] ========= Program Start =========
[ 2026-01-26 18:05:11:043 ] [WAIT] Start
[ 2026-01-26 18:05:17:938 ] [WAIT] End
[ 2026-01-26 18:05:17:945 ] [CALIBRATION_MODE] Start
[ 2026-01-26 18:05:17:945 ] [CALIBRATION_MODE]     CAM_1 Z Axis Move Start
[ 2026-01-26 18:05:22:881 ] [CALIBRATION_MODE]     CAM_1 Z Axis Move End
[ 2026-01-26 18:05:22:881 ] [CALIBRATION_MODE]     CAM_2 Z Axis Move Start
[ 2026-01-26 18:05:27:014 ] [CALIBRATION_MODE]     CAM_2 Z Axis Move End
[ 2026-01-26 18:05:27:239 ] [CALIBRATION_MODE]     CAM_1 Camera Parameter Set
[ 2026-01-26 18:05:27:461 ] [CALIBRATION_MODE]     CAM_2 Camera Parameter Set
[ 2026-01-26 18:05:27:485 ] [CALIBRATION_MODE]     CAM_1 Light Controller Set
[ 2026-01-26 18:05:35:389 ] [CALIBRATION_MODE]     CAM_2 Light Controller Set
[ 2026-01-26 18:05:35:389 ] [CALIBRATION_MODE] 9-Point Camera Calibration Start
[ 2026-01-26 18:09:58:819 ] ========= Program Start =========
[ 2026-01-26 18:10:11:901 ] [WAIT] Start
[ 2026-01-26 18:10:12:112 ] [WAIT] End
[ 2026-01-26 18:10:12:122 ] [CALIBRATION_MODE] Start
[ 2026-01-26 18:10:12:134 ] [CALIBRATION_MODE]     CAM_1 Z Axis Move Start
[ 2026-01-26 18:10:12:134 ] [CALIBRATION_MODE]     CAM_1 Z Axis Move End
[ 2026-01-26 18:10:12:134 ] [CALIBRATION_MODE]     CAM_2 Z Axis Move Start
[ 2026-01-26 18:10:12:134 ] [CALIBRATION_MODE]     CAM_2 Z Axis Move End
[ 2026-01-26 18:10:12:369 ] [CALIBRATION_MODE]     CAM_1 Camera Parameter Set
[ 2026-01-26 18:10:12:592 ] [CALIBRATION_MODE]     CAM_2 Camera Parameter Set
[ 2026-01-26 18:10:12:615 ] [CALIBRATION_MODE]     CAM_1 Light Controller Set
[ 2026-01-26 18:10:22:859 ] [CALIBRATION_MODE]     CAM_2 Light Controller Set
[ 2026-01-26 18:10:22:859 ] [CALIBRATION_MODE] 9-Point Camera Calibration Start
[ 2026-01-26 18:11:57:950 ] ========= Program Start =========
[ 2026-01-26 18:12:36:044 ] [WAIT] Start
[ 2026-01-26 18:12:36:286 ] [WAIT] End
[ 2026-01-26 18:12:36:296 ] [CALIBRATION_MODE] Start
[ 2026-01-26 18:12:36:308 ] [CALIBRATION_MODE]     CAM_1 Z Axis Move Start
[ 2026-01-26 18:12:36:308 ] [CALIBRATION_MODE]     CAM_1 Z Axis Move End
[ 2026-01-26 18:12:36:320 ] [CALIBRATION_MODE]     CAM_2 Z Axis Move Start
[ 2026-01-26 18:12:36:320 ] [CALIBRATION_MODE]     CAM_2 Z Axis Move End
[ 2026-01-26 18:12:36:544 ] [CALIBRATION_MODE]     CAM_1 Camera Parameter Set
[ 2026-01-26 18:12:36:767 ] [CALIBRATION_MODE]     CAM_2 Camera Parameter Set
[ 2026-01-26 18:12:36:790 ] [CALIBRATION_MODE]     CAM_1 Light Controller Set
[ 2026-01-26 18:12:42:463 ] [CALIBRATION_MODE]     CAM_2 Light Controller Set
[ 2026-01-26 18:12:42:463 ] [CALIBRATION_MODE] 9-Point Camera Calibration Start
[ 2026-01-26 18:14:43:944 ] [CALIBRATION_MODE] End
[ 2026-01-26 18:14:43:944 ] [CALIBRATION_MODE] 9-Point Camera Calibration End
[ 2026-01-26 18:20:11:826 ] ========= Program Start =========
[ 2026-01-26 18:20:19:371 ] [WAIT] Start
[ 2026-01-26 18:20:19:569 ] [WAIT] End
[ 2026-01-26 18:20:19:580 ] [CALIBRATION_MODE] Start
[ 2026-01-26 18:20:19:591 ] [CALIBRATION_MODE]     CAM_1 Z Axis Move Start
[ 2026-01-26 18:20:19:591 ] [CALIBRATION_MODE]     CAM_1 Z Axis Move End
[ 2026-01-26 18:20:19:602 ] [CALIBRATION_MODE]     CAM_2 Z Axis Move Start
[ 2026-01-26 18:20:19:602 ] [CALIBRATION_MODE]     CAM_2 Z Axis Move End
[ 2026-01-26 18:20:19:826 ] [CALIBRATION_MODE]     CAM_1 Camera Parameter Set
[ 2026-01-26 18:20:20:049 ] [CALIBRATION_MODE]     CAM_2 Camera Parameter Set
[ 2026-01-26 18:20:20:072 ] [CALIBRATION_MODE]     CAM_1 Light Controller Set
[ 2026-01-26 18:20:26:515 ] [CALIBRATION_MODE]     CAM_2 Light Controller Set
[ 2026-01-26 18:20:26:515 ] [CALIBRATION_MODE] 9-Point Camera Calibration Start
[ 2026-01-26 18:20:40:132 ] [CALIBRATION_MODE] End
[ 2026-01-26 18:20:41:351 ] [WAIT] Start
[ 2026-01-26 18:23:28:412 ] ========= Program Start =========
