[ 2026-01-23 09:39:53:568 ] ========= Program Start =========
[ 2026-01-23 09:42:38:982 ] ------========= Program End =========------
[ 2026-01-23 09:42:41:359 ] ------========= Program End =========------
[ 2026-01-23 09:42:53:828 ] ========= Program Start =========
[ 2026-01-23 10:52:50:919 ] ------========= Program End =========------
[ 2026-01-23 10:53:29:403 ] ========= Program Start =========
[ 2026-01-23 11:03:03:903 ] ------========= Program End =========------
[ 2026-01-23 11:03:30:750 ] ========= Program Start =========
[ 2026-01-23 11:07:25:950 ] ------========= Program End =========------
[ 2026-01-23 11:07:59:630 ] ========= Program Start =========
[ 2026-01-23 11:11:27:414 ] ------========= Program End =========------
[ 2026-01-23 11:11:39:941 ] ========= Program Start =========
[ 2026-01-23 11:12:04:800 ] [260123-111204.791] [WAIT] Start
[ 2026-01-23 11:12:33:174 ] ------========= Program End =========------
[ 2026-01-23 11:12:50:278 ] ========= Program Start =========
[ 2026-01-23 11:12:54:689 ] [WAIT] Start
[ 2026-01-23 11:16:00:167 ] ------========= Program End =========------
[ 2026-01-23 11:16:18:393 ] ========= Program Start =========
[ 2026-01-23 11:39:16:194 ] ------========= Program End =========------
[ 2026-01-23 11:51:04:083 ] ========= Program Start =========
[ 2026-01-23 11:51:09:764 ] [WAIT] Start
[ 2026-01-23 14:15:40:416 ] ------========= Program End =========------
[ 2026-01-23 14:16:20:349 ] ========= Program Start =========
[ 2026-01-23 14:21:12:294 ] ------========= Program End =========------
[ 2026-01-23 14:23:24:869 ] ========= Program Start =========
[ 2026-01-23 14:24:46:457 ] [WAIT] Start
[ 2026-01-23 14:29:14:513 ] [WAIT] End
[ 2026-01-23 14:29:14:522 ] [PRE_ALIGN] Start
[ 2026-01-23 14:29:14:522 ] [PRE_ALIGN]     CAM_1 Z Axis Move Start
[ 2026-01-23 14:29:16:951 ] [PRE_ALIGN]     CAM_1 Z Axis Move End
[ 2026-01-23 14:29:16:962 ] [PRE_ALIGN]     CAM_2 Z Axis Move Start
[ 2026-01-23 14:29:18:684 ] [PRE_ALIGN]     CAM_2 Z Axis Move End
[ 2026-01-23 14:29:18:909 ] [PRE_ALIGN]     CAM_1 Camera Parameter Set
[ 2026-01-23 14:29:19:131 ] [PRE_ALIGN]     CAM_2 Camera Parameter Set
[ 2026-01-23 14:29:19:155 ] [PRE_ALIGN]     CAM_1 Light Controller Set
[ 2026-01-23 14:29:19:184 ] [PRE_ALIGN]     CAM_2 Light Controller Set
[ 2026-01-23 14:29:19:417 ] [PRE_ALIGN]     Image Grab
[ 2026-01-23 14:29:19:417 ] [PRE_ALIGN]     Measurement...
[ 2026-01-23 14:29:20:015 ] [PRE_ALIGN]     Measurement Result : XY Align NG
[ 2026-01-23 14:29:20:015 ] [PRE_ALIGN]     Result Saved
[ 2026-01-23 14:29:20:211 ] [PRE_ALIGN]     X=-2031.817, Y=-1085.700, T=0.363
[ 2026-01-23 14:29:20:211 ] [PRE_ALIGN]     UVW Stage Move Start
[ 2026-01-23 14:29:28:360 ] [PRE_ALIGN]     UVW Stage Move End
[ 2026-01-23 14:29:28:360 ] [PRE_ALIGN] End
[ 2026-01-23 14:29:28:371 ] [WAIT] Start
[ 2026-01-23 14:29:29:041 ] [WAIT] End
[ 2026-01-23 14:29:29:041 ] [PRE_ALIGN] Start
[ 2026-01-23 14:29:29:061 ] [PRE_ALIGN]     CAM_1 Z Axis Move Start
[ 2026-01-23 14:29:29:061 ] [PRE_ALIGN]     CAM_1 Z Axis Move End
[ 2026-01-23 14:29:29:072 ] [PRE_ALIGN]     CAM_2 Z Axis Move Start
[ 2026-01-23 14:29:29:072 ] [PRE_ALIGN]     CAM_2 Z Axis Move End
[ 2026-01-23 14:29:29:297 ] [PRE_ALIGN]     CAM_1 Camera Parameter Set
[ 2026-01-23 14:29:29:520 ] [PRE_ALIGN]     CAM_2 Camera Parameter Set
[ 2026-01-23 14:29:29:542 ] [PRE_ALIGN]     CAM_1 Light Controller Set
[ 2026-01-23 14:29:29:570 ] [PRE_ALIGN]     CAM_2 Light Controller Set
[ 2026-01-23 14:29:29:803 ] [PRE_ALIGN]     Measurement...
[ 2026-01-23 14:29:29:803 ] [PRE_ALIGN]     Image Grab
[ 2026-01-23 14:29:30:387 ] [PRE_ALIGN]     Measurement Result : XY Align NG
[ 2026-01-23 14:29:30:387 ] [PRE_ALIGN]     Result Saved
[ 2026-01-23 14:29:30:644 ] [PRE_ALIGN]     UVW Stage Move Start
[ 2026-01-23 14:29:30:648 ] [PRE_ALIGN]     X=-2054.673, Y=-1084.034, T=0.362
[ 2026-01-23 14:29:31:900 ] [PRE_ALIGN]     UVW Stage Move End
[ 2026-01-23 14:29:31:900 ] [PRE_ALIGN] End
[ 2026-01-23 14:29:31:900 ] [WAIT] Start
[ 2026-01-23 14:29:32:343 ] [WAIT] End
[ 2026-01-23 14:29:32:353 ] [PRE_ALIGN] Start
[ 2026-01-23 14:29:32:353 ] [PRE_ALIGN]     CAM_1 Z Axis Move Start
[ 2026-01-23 14:29:32:366 ] [PRE_ALIGN]     CAM_1 Z Axis Move End
[ 2026-01-23 14:29:32:366 ] [PRE_ALIGN]     CAM_2 Z Axis Move Start
[ 2026-01-23 14:29:32:366 ] [PRE_ALIGN]     CAM_2 Z Axis Move End
[ 2026-01-23 14:29:32:600 ] [PRE_ALIGN]     CAM_1 Camera Parameter Set
[ 2026-01-23 14:29:32:823 ] [PRE_ALIGN]     CAM_2 Camera Parameter Set
[ 2026-01-23 14:29:32:845 ] [PRE_ALIGN]     CAM_1 Light Controller Set
[ 2026-01-23 14:29:32:873 ] [PRE_ALIGN]     CAM_2 Light Controller Set
[ 2026-01-23 14:29:33:114 ] [PRE_ALIGN]     Image Grab
[ 2026-01-23 14:29:33:117 ] [PRE_ALIGN]     Measurement...
[ 2026-01-23 14:29:33:686 ] [PRE_ALIGN]     Measurement Result : XY Align NG
[ 2026-01-23 14:29:33:686 ] [PRE_ALIGN]     Result Saved
[ 2026-01-23 14:29:33:900 ] [PRE_ALIGN] End
[ 2026-01-23 14:29:33:900 ] [WAIT] Start
[ 2026-01-23 14:35:57:908 ] ------========= Program End =========------
[ 2026-01-23 14:36:11:891 ] ========= Program Start =========
[ 2026-01-23 14:36:25:393 ] [WAIT] Start
[ 2026-01-23 15:06:05:092 ] [WAIT] End
[ 2026-01-23 15:06:05:107 ] [PRE_ALIGN] Start
[ 2026-01-23 15:06:05:122 ] [PRE_ALIGN]     CAM_1 Z Axis Move Start
[ 2026-01-23 15:06:26:300 ] [PRE_ALIGN]     CAM_1 Z Axis Move Failed : Inposition TimeOut
[ 2026-01-23 15:06:26:300 ] [PRE_ALIGN]     CAM_1 Z Axis Move End
[ 2026-01-23 15:06:26:300 ] [PRE_ALIGN]     CAM_2 Z Axis Move Start
[ 2026-01-23 15:06:28:026 ] [PRE_ALIGN]     CAM_2 Z Axis Move End
[ 2026-01-23 15:06:28:026 ] [PRE_ALIGN] End
[ 2026-01-23 15:06:28:054 ] [ALARM] Start
[ 2026-01-23 15:06:28:071 ] [ALARM] End
[ 2026-01-23 15:06:28:088 ] [WAIT] Start
[ 2026-01-23 15:06:28:088 ] [WAIT] End
[ 2026-01-23 15:06:28:114 ] [CLEAR] Start
[ 2026-01-23 15:06:28:124 ] [CLEAR] End
[ 2026-01-23 15:06:28:142 ] [WAIT] Start
[ 2026-01-23 15:06:28:391 ] [WAIT] End
[ 2026-01-23 15:06:28:409 ] [PRE_ALIGN] Start
[ 2026-01-23 15:06:28:424 ] [PRE_ALIGN]     CAM_1 Z Axis Move Start
[ 2026-01-23 15:06:28:424 ] [PRE_ALIGN]     CAM_1 Z Axis Move End
[ 2026-01-23 15:06:28:437 ] [PRE_ALIGN]     CAM_2 Z Axis Move Start
[ 2026-01-23 15:06:28:437 ] [PRE_ALIGN]     CAM_2 Z Axis Move End
[ 2026-01-23 15:06:28:661 ] [PRE_ALIGN]     CAM_1 Camera Parameter Set
[ 2026-01-23 15:06:28:883 ] [PRE_ALIGN]     CAM_2 Camera Parameter Set
[ 2026-01-23 15:06:28:906 ] [PRE_ALIGN]     CAM_1 Light Controller Set
[ 2026-01-23 15:06:28:935 ] [PRE_ALIGN]     CAM_2 Light Controller Set
[ 2026-01-23 15:06:29:172 ] [PRE_ALIGN]     Image Grab
[ 2026-01-23 15:06:29:172 ] [PRE_ALIGN]     Measurement...
[ 2026-01-23 15:06:29:782 ] [PRE_ALIGN]     Measurement Result : XY Align NG
[ 2026-01-23 15:06:29:782 ] [PRE_ALIGN]     Result Saved
[ 2026-01-23 15:06:29:994 ] [PRE_ALIGN]     UVW Stage Move Start
[ 2026-01-23 15:06:29:994 ] [PRE_ALIGN]     X=-2114.203, Y=-606.436, T=0.298
[ 2026-01-23 15:06:34:214 ] [PRE_ALIGN]     UVW Stage Move End
[ 2026-01-23 15:06:34:214 ] [PRE_ALIGN] End
[ 2026-01-23 15:06:34:244 ] [WAIT] Start
[ 2026-01-23 15:06:34:691 ] [WAIT] End
[ 2026-01-23 15:06:34:709 ] [PRE_ALIGN] Start
[ 2026-01-23 15:06:34:722 ] [PRE_ALIGN]     CAM_1 Z Axis Move Start
[ 2026-01-23 15:06:34:722 ] [PRE_ALIGN]     CAM_1 Z Axis Move End
[ 2026-01-23 15:06:34:733 ] [PRE_ALIGN]     CAM_2 Z Axis Move Start
[ 2026-01-23 15:06:34:733 ] [PRE_ALIGN]     CAM_2 Z Axis Move End
[ 2026-01-23 15:06:34:957 ] [PRE_ALIGN]     CAM_1 Camera Parameter Set
[ 2026-01-23 15:06:35:181 ] [PRE_ALIGN]     CAM_2 Camera Parameter Set
[ 2026-01-23 15:06:35:203 ] [PRE_ALIGN]     CAM_1 Light Controller Set
[ 2026-01-23 15:06:35:233 ] [PRE_ALIGN]     CAM_2 Light Controller Set
[ 2026-01-23 15:06:35:469 ] [PRE_ALIGN]     Image Grab
[ 2026-01-23 15:06:35:469 ] [PRE_ALIGN]     Measurement...
[ 2026-01-23 15:06:36:108 ] [PRE_ALIGN]     Measurement Result : XY Align NG
[ 2026-01-23 15:06:36:108 ] [PRE_ALIGN]     Result Saved
[ 2026-01-23 15:06:36:287 ] [PRE_ALIGN]     UVW Stage Move Start
[ 2026-01-23 15:06:36:289 ] [PRE_ALIGN]     X=-2122.696, Y=-593.273, T=0.299
[ 2026-01-23 15:06:38:063 ] [PRE_ALIGN]     UVW Stage Move End
[ 2026-01-23 15:06:38:063 ] [PRE_ALIGN] End
[ 2026-01-23 15:06:38:090 ] [WAIT] Start
[ 2026-01-23 15:06:38:604 ] [WAIT] End
[ 2026-01-23 15:06:38:623 ] [PRE_ALIGN] Start
[ 2026-01-23 15:06:38:657 ] [PRE_ALIGN]     CAM_1 Z Axis Move Start
[ 2026-01-23 15:06:38:657 ] [PRE_ALIGN]     CAM_1 Z Axis Move End
[ 2026-01-23 15:06:38:657 ] [PRE_ALIGN]     CAM_2 Z Axis Move End
[ 2026-01-23 15:06:38:662 ] [PRE_ALIGN]     CAM_2 Z Axis Move Start
[ 2026-01-23 15:06:38:882 ] [PRE_ALIGN]     CAM_1 Camera Parameter Set
[ 2026-01-23 15:06:39:105 ] [PRE_ALIGN]     CAM_2 Camera Parameter Set
[ 2026-01-23 15:06:39:127 ] [PRE_ALIGN]     CAM_1 Light Controller Set
[ 2026-01-23 15:06:39:157 ] [PRE_ALIGN]     CAM_2 Light Controller Set
[ 2026-01-23 15:06:39:392 ] [PRE_ALIGN]     Image Grab
[ 2026-01-23 15:06:39:392 ] [PRE_ALIGN]     Measurement...
[ 2026-01-23 15:06:39:969 ] [PRE_ALIGN]     Measurement Result : T Align NG
[ 2026-01-23 15:06:39:969 ] [PRE_ALIGN]     Result Saved
[ 2026-01-23 15:06:40:237 ] [PRE_ALIGN] End
[ 2026-01-23 15:06:40:256 ] [WAIT] Start
[ 2026-01-23 15:07:35:490 ] [WAIT] End
[ 2026-01-23 15:07:35:506 ] [PRE_ALIGN] Start
[ 2026-01-23 15:07:35:506 ] [PRE_ALIGN]     CAM_1 Z Axis Move Start
[ 2026-01-23 15:07:35:522 ] [PRE_ALIGN]     CAM_1 Z Axis Move End
[ 2026-01-23 15:07:35:522 ] [PRE_ALIGN]     CAM_2 Z Axis Move Start
[ 2026-01-23 15:07:35:522 ] [PRE_ALIGN]     CAM_2 Z Axis Move End
[ 2026-01-23 15:07:35:756 ] [PRE_ALIGN]     CAM_1 Camera Parameter Set
[ 2026-01-23 15:07:35:980 ] [PRE_ALIGN]     CAM_2 Camera Parameter Set
[ 2026-01-23 15:07:36:002 ] [PRE_ALIGN]     CAM_1 Light Controller Set
[ 2026-01-23 15:07:36:031 ] [PRE_ALIGN]     CAM_2 Light Controller Set
[ 2026-01-23 15:07:36:274 ] [PRE_ALIGN]     Image Grab
[ 2026-01-23 15:07:36:274 ] [PRE_ALIGN]     Measurement...
[ 2026-01-23 15:07:36:870 ] [PRE_ALIGN]     Measurement Result : T Align NG
[ 2026-01-23 15:07:36:870 ] [PRE_ALIGN]     Result Saved
[ 2026-01-23 15:07:37:086 ] [PRE_ALIGN]     UVW Stage Move Start
[ 2026-01-23 15:07:37:086 ] [PRE_ALIGN]     X=-2115.134, Y=-590.077, T=0.295
[ 2026-01-23 15:07:38:644 ] [PRE_ALIGN]     UVW Stage Move End
[ 2026-01-23 15:07:38:648 ] [PRE_ALIGN] End
[ 2026-01-23 15:07:38:670 ] [WAIT] Start
[ 2026-01-23 15:07:39:194 ] [WAIT] End
[ 2026-01-23 15:07:39:213 ] [PRE_ALIGN] Start
[ 2026-01-23 15:07:39:225 ] [PRE_ALIGN]     CAM_1 Z Axis Move Start
[ 2026-01-23 15:07:39:225 ] [PRE_ALIGN]     CAM_1 Z Axis Move End
[ 2026-01-23 15:07:39:225 ] [PRE_ALIGN]     CAM_2 Z Axis Move Start
[ 2026-01-23 15:07:39:225 ] [PRE_ALIGN]     CAM_2 Z Axis Move End
[ 2026-01-23 15:07:39:460 ] [PRE_ALIGN]     CAM_1 Camera Parameter Set
[ 2026-01-23 15:07:39:683 ] [PRE_ALIGN]     CAM_2 Camera Parameter Set
[ 2026-01-23 15:07:39:705 ] [PRE_ALIGN]     CAM_1 Light Controller Set
[ 2026-01-23 15:07:39:734 ] [PRE_ALIGN]     CAM_2 Light Controller Set
[ 2026-01-23 15:07:39:968 ] [PRE_ALIGN]     Image Grab
[ 2026-01-23 15:07:39:968 ] [PRE_ALIGN]     Measurement...
[ 2026-01-23 15:07:40:555 ] [PRE_ALIGN]     Measurement Result : XY Align NG
[ 2026-01-23 15:07:40:555 ] [PRE_ALIGN]     Result Saved
[ 2026-01-23 15:07:40:801 ] [PRE_ALIGN]     UVW Stage Move Start
[ 2026-01-23 15:07:40:803 ] [PRE_ALIGN]     X=-2133.759, Y=-604.227, T=0.297
[ 2026-01-23 15:07:42:217 ] [PRE_ALIGN]     UVW Stage Move End
[ 2026-01-23 15:07:42:217 ] [PRE_ALIGN] End
[ 2026-01-23 15:07:42:239 ] [WAIT] Start
[ 2026-01-23 15:07:42:682 ] [WAIT] End
[ 2026-01-23 15:07:42:700 ] [PRE_ALIGN] Start
[ 2026-01-23 15:07:42:714 ] [PRE_ALIGN]     CAM_1 Z Axis Move Start
[ 2026-01-23 15:07:42:714 ] [PRE_ALIGN]     CAM_1 Z Axis Move End
[ 2026-01-23 15:07:42:725 ] [PRE_ALIGN]     CAM_2 Z Axis Move Start
[ 2026-01-23 15:07:42:725 ] [PRE_ALIGN]     CAM_2 Z Axis Move End
[ 2026-01-23 15:07:42:949 ] [PRE_ALIGN]     CAM_1 Camera Parameter Set
[ 2026-01-23 15:07:43:172 ] [PRE_ALIGN]     CAM_2 Camera Parameter Set
[ 2026-01-23 15:07:43:194 ] [PRE_ALIGN]     CAM_1 Light Controller Set
[ 2026-01-23 15:07:43:223 ] [PRE_ALIGN]     CAM_2 Light Controller Set
[ 2026-01-23 15:07:43:466 ] [PRE_ALIGN]     Image Grab
[ 2026-01-23 15:07:43:466 ] [PRE_ALIGN]     Measurement...
[ 2026-01-23 15:07:44:056 ] [PRE_ALIGN]     Measurement Result : XY Align NG
[ 2026-01-23 15:07:44:056 ] [PRE_ALIGN]     Result Saved
[ 2026-01-23 15:07:44:310 ] [PRE_ALIGN]     UVW Stage Move Start
[ 2026-01-23 15:07:44:310 ] [PRE_ALIGN]     X=-2119.449, Y=-590.835, T=0.299
[ 2026-01-23 15:07:45:683 ] [PRE_ALIGN]     UVW Stage Move End
[ 2026-01-23 15:07:45:683 ] [PRE_ALIGN] End
[ 2026-01-23 15:07:45:705 ] [WAIT] Start
[ 2026-01-23 15:07:46:172 ] [WAIT] End
[ 2026-01-23 15:07:46:196 ] [PRE_ALIGN] Start
[ 2026-01-23 15:07:46:210 ] [PRE_ALIGN]     CAM_1 Z Axis Move Start
[ 2026-01-23 15:07:46:210 ] [PRE_ALIGN]     CAM_1 Z Axis Move End
[ 2026-01-23 15:07:46:210 ] [PRE_ALIGN]     CAM_2 Z Axis Move Start
[ 2026-01-23 15:07:46:210 ] [PRE_ALIGN]     CAM_2 Z Axis Move End
[ 2026-01-23 15:07:46:444 ] [PRE_ALIGN]     CAM_1 Camera Parameter Set
[ 2026-01-23 15:07:46:668 ] [PRE_ALIGN]     CAM_2 Camera Parameter Set
[ 2026-01-23 15:07:46:691 ] [PRE_ALIGN]     CAM_1 Light Controller Set
[ 2026-01-23 15:07:46:719 ] [PRE_ALIGN]     CAM_2 Light Controller Set
[ 2026-01-23 15:07:46:957 ] [PRE_ALIGN]     Image Grab
[ 2026-01-23 15:07:46:960 ] [PRE_ALIGN]     Measurement...
[ 2026-01-23 15:07:47:541 ] [PRE_ALIGN]     Measurement Result : XY Align NG
[ 2026-01-23 15:07:47:541 ] [PRE_ALIGN]     Result Saved
[ 2026-01-23 15:07:47:780 ] [PRE_ALIGN]     UVW Stage Move Start
[ 2026-01-23 15:07:47:780 ] [PRE_ALIGN]     X=-2135.487, Y=-594.612, T=0.297
[ 2026-01-23 15:07:49:048 ] [PRE_ALIGN]     UVW Stage Move End
[ 2026-01-23 15:07:49:053 ] [PRE_ALIGN] End
[ 2026-01-23 15:07:49:072 ] [WAIT] Start
[ 2026-01-23 15:07:49:500 ] [WAIT] End
[ 2026-01-23 15:07:49:519 ] [PRE_ALIGN] Start
[ 2026-01-23 15:07:49:534 ] [PRE_ALIGN]     CAM_1 Z Axis Move Start
[ 2026-01-23 15:07:49:534 ] [PRE_ALIGN]     CAM_1 Z Axis Move End
[ 2026-01-23 15:07:49:545 ] [PRE_ALIGN]     CAM_2 Z Axis Move Start
[ 2026-01-23 15:07:49:545 ] [PRE_ALIGN]     CAM_2 Z Axis Move End
[ 2026-01-23 15:07:49:768 ] [PRE_ALIGN]     CAM_1 Camera Parameter Set
[ 2026-01-23 15:07:49:992 ] [PRE_ALIGN]     CAM_2 Camera Parameter Set
[ 2026-01-23 15:07:50:014 ] [PRE_ALIGN]     CAM_1 Light Controller Set
[ 2026-01-23 15:07:50:044 ] [PRE_ALIGN]     CAM_2 Light Controller Set
[ 2026-01-23 15:07:50:295 ] [PRE_ALIGN]     Image Grab
[ 2026-01-23 15:07:50:295 ] [PRE_ALIGN]     Measurement...
[ 2026-01-23 15:07:50:888 ] [PRE_ALIGN]     Measurement Result : XY Align NG
[ 2026-01-23 15:07:50:888 ] [PRE_ALIGN]     Result Saved
[ 2026-01-23 15:07:51:078 ] [PRE_ALIGN]     UVW Stage Move Start
[ 2026-01-23 15:07:51:078 ] [PRE_ALIGN]     X=-2134.193, Y=-613.076, T=0.297
[ 2026-01-23 15:07:52:849 ] [PRE_ALIGN]     UVW Stage Move End
[ 2026-01-23 15:07:52:854 ] [PRE_ALIGN] End
[ 2026-01-23 15:07:52:877 ] [WAIT] Start
[ 2026-01-23 15:07:53:367 ] [WAIT] End
[ 2026-01-23 15:07:53:385 ] [PRE_ALIGN] Start
[ 2026-01-23 15:07:53:398 ] [PRE_ALIGN]     CAM_1 Z Axis Move Start
[ 2026-01-23 15:07:53:398 ] [PRE_ALIGN]     CAM_1 Z Axis Move End
[ 2026-01-23 15:07:53:398 ] [PRE_ALIGN]     CAM_2 Z Axis Move Start
[ 2026-01-23 15:07:53:398 ] [PRE_ALIGN]     CAM_2 Z Axis Move End
[ 2026-01-23 15:07:53:632 ] [PRE_ALIGN]     CAM_1 Camera Parameter Set
[ 2026-01-23 15:07:53:855 ] [PRE_ALIGN]     CAM_2 Camera Parameter Set
[ 2026-01-23 15:07:53:878 ] [PRE_ALIGN]     CAM_1 Light Controller Set
[ 2026-01-23 15:07:53:907 ] [PRE_ALIGN]     CAM_2 Light Controller Set
[ 2026-01-23 15:07:54:145 ] [PRE_ALIGN]     Image Grab
[ 2026-01-23 15:07:54:148 ] [PRE_ALIGN]     Measurement...
[ 2026-01-23 15:07:54:728 ] [PRE_ALIGN]     Measurement Result : OK
[ 2026-01-23 15:07:54:728 ] [PRE_ALIGN]     Result Saved
[ 2026-01-23 15:07:55:021 ] [PRE_ALIGN] End
[ 2026-01-23 15:07:55:039 ] [WAIT] Start
[ 2026-01-23 15:08:02:094 ] [WAIT] End
[ 2026-01-23 15:08:02:112 ] [CONTACT_ALIGN] Start
[ 2026-01-23 15:08:02:125 ] [CONTACT_ALIGN]     CAM_1 Z Axis Move Start
[ 2026-01-23 15:08:03:643 ] [CONTACT_ALIGN]     CAM_1 Z Axis Move End
[ 2026-01-23 15:08:03:654 ] [CONTACT_ALIGN]     CAM_2 Z Axis Move Start
[ 2026-01-23 15:08:05:380 ] [CONTACT_ALIGN]     CAM_2 Z Axis Move End
[ 2026-01-23 15:08:05:604 ] [CONTACT_ALIGN]     CAM_1 Camera Parameter Set
[ 2026-01-23 15:08:05:827 ] [CONTACT_ALIGN]     CAM_2 Camera Parameter Set
[ 2026-01-23 15:08:05:849 ] [CONTACT_ALIGN]     CAM_1 Light Controller Set
[ 2026-01-23 15:08:05:879 ] [CONTACT_ALIGN]     CAM_2 Light Controller Set
[ 2026-01-23 15:08:06:118 ] [CONTACT_ALIGN]     Image Grab
[ 2026-01-23 15:08:06:118 ] [CONTACT_ALIGN]     Measurement...
[ 2026-01-23 15:08:06:593 ] [CONTACT_ALIGN]     Measurement Result : NG (X=-2108.576, Y=-637.852, T=0.298
[ 2026-01-23 15:08:06:593 ] [CONTACT_ALIGN]     Result Saved
[ 2026-01-23 15:08:06:782 ] [CONTACT_ALIGN] End
[ 2026-01-23 15:08:06:800 ] [WAIT] Start
[ 2026-01-23 15:08:51:565 ] [WAIT] End
[ 2026-01-23 15:08:51:578 ] [PRE_ALIGN] Start
[ 2026-01-23 15:08:51:591 ] [PRE_ALIGN]     CAM_1 Z Axis Move Start
[ 2026-01-23 15:08:53:111 ] [PRE_ALIGN]     CAM_1 Z Axis Move End
[ 2026-01-23 15:08:53:122 ] [PRE_ALIGN]     CAM_2 Z Axis Move Start
[ 2026-01-23 15:08:54:844 ] [PRE_ALIGN]     CAM_2 Z Axis Move End
[ 2026-01-23 15:08:55:069 ] [PRE_ALIGN]     CAM_1 Camera Parameter Set
[ 2026-01-23 15:08:55:291 ] [PRE_ALIGN]     CAM_2 Camera Parameter Set
[ 2026-01-23 15:08:55:313 ] [PRE_ALIGN]     CAM_1 Light Controller Set
[ 2026-01-23 15:08:55:343 ] [PRE_ALIGN]     CAM_2 Light Controller Set
[ 2026-01-23 15:08:55:580 ] [PRE_ALIGN]     Image Grab
[ 2026-01-23 15:08:55:580 ] [PRE_ALIGN]     Measurement...
[ 2026-01-23 15:08:56:163 ] [PRE_ALIGN]     Measurement Result : XY Align NG
[ 2026-01-23 15:08:56:163 ] [PRE_ALIGN]     Result Saved
[ 2026-01-23 15:08:56:412 ] [PRE_ALIGN]     UVW Stage Move Start
[ 2026-01-23 15:08:56:413 ] [PRE_ALIGN]     X=-2105.481, Y=-605.434, T=0.295
[ 2026-01-23 15:08:57:745 ] [PRE_ALIGN]     UVW Stage Move End
[ 2026-01-23 15:08:57:745 ] [PRE_ALIGN] End
[ 2026-01-23 15:08:57:764 ] [WAIT] Start
[ 2026-01-23 15:08:58:291 ] [WAIT] End
[ 2026-01-23 15:08:58:309 ] [PRE_ALIGN] Start
[ 2026-01-23 15:08:58:322 ] [PRE_ALIGN]     CAM_1 Z Axis Move Start
[ 2026-01-23 15:08:58:322 ] [PRE_ALIGN]     CAM_1 Z Axis Move End
[ 2026-01-23 15:08:58:322 ] [PRE_ALIGN]     CAM_2 Z Axis Move Start
[ 2026-01-23 15:08:58:335 ] [PRE_ALIGN]     CAM_2 Z Axis Move End
[ 2026-01-23 15:08:58:564 ] [PRE_ALIGN]     CAM_1 Camera Parameter Set
[ 2026-01-23 15:08:58:786 ] [PRE_ALIGN]     CAM_2 Camera Parameter Set
[ 2026-01-23 15:08:58:808 ] [PRE_ALIGN]     CAM_1 Light Controller Set
[ 2026-01-23 15:08:58:840 ] [PRE_ALIGN]     CAM_2 Light Controller Set
[ 2026-01-23 15:08:59:078 ] [PRE_ALIGN]     Image Grab
[ 2026-01-23 15:08:59:078 ] [PRE_ALIGN]     Measurement...
[ 2026-01-23 15:08:59:661 ] [PRE_ALIGN]     Measurement Result : XY Align NG
[ 2026-01-23 15:08:59:663 ] [PRE_ALIGN]     Result Saved
[ 2026-01-23 15:08:59:878 ] [PRE_ALIGN]     UVW Stage Move Start
[ 2026-01-23 15:08:59:878 ] [PRE_ALIGN]     X=-2117.249, Y=-593.892, T=0.293
[ 2026-01-23 15:09:01:207 ] [PRE_ALIGN]     UVW Stage Move End
[ 2026-01-23 15:09:01:210 ] [PRE_ALIGN] End
[ 2026-01-23 15:09:01:229 ] [WAIT] Start
[ 2026-01-23 15:09:01:727 ] [WAIT] End
[ 2026-01-23 15:09:01:746 ] [PRE_ALIGN] Start
[ 2026-01-23 15:09:01:758 ] [PRE_ALIGN]     CAM_1 Z Axis Move Start
[ 2026-01-23 15:09:01:758 ] [PRE_ALIGN]     CAM_1 Z Axis Move End
[ 2026-01-23 15:09:01:758 ] [PRE_ALIGN]     CAM_2 Z Axis Move Start
[ 2026-01-23 15:09:01:758 ] [PRE_ALIGN]     CAM_2 Z Axis Move End
[ 2026-01-23 15:09:01:994 ] [PRE_ALIGN]     CAM_1 Camera Parameter Set
[ 2026-01-23 15:09:02:217 ] [PRE_ALIGN]     CAM_2 Camera Parameter Set
[ 2026-01-23 15:09:02:238 ] [PRE_ALIGN]     CAM_1 Light Controller Set
[ 2026-01-23 15:09:02:267 ] [PRE_ALIGN]     CAM_2 Light Controller Set
[ 2026-01-23 15:09:02:510 ] [PRE_ALIGN]     Image Grab
[ 2026-01-23 15:09:02:510 ] [PRE_ALIGN]     Measurement...
[ 2026-01-23 15:09:03:089 ] [PRE_ALIGN]     Measurement Result : XY Align NG
[ 2026-01-23 15:09:03:089 ] [PRE_ALIGN]     Result Saved
[ 2026-01-23 15:09:03:345 ] [PRE_ALIGN]     UVW Stage Move Start
[ 2026-01-23 15:09:03:345 ] [PRE_ALIGN]     X=-2114.940, Y=-593.125, T=0.295
[ 2026-01-23 15:09:04:720 ] [PRE_ALIGN]     UVW Stage Move End
[ 2026-01-23 15:09:04:720 ] [PRE_ALIGN] End
[ 2026-01-23 15:09:04:740 ] [WAIT] Start
[ 2026-01-23 15:09:05:210 ] [WAIT] End
[ 2026-01-23 15:09:05:229 ] [PRE_ALIGN] Start
[ 2026-01-23 15:09:05:229 ] [PRE_ALIGN]     CAM_1 Z Axis Move Start
[ 2026-01-23 15:09:05:241 ] [PRE_ALIGN]     CAM_1 Z Axis Move End
[ 2026-01-23 15:09:05:241 ] [PRE_ALIGN]     CAM_2 Z Axis Move Start
[ 2026-01-23 15:09:05:241 ] [PRE_ALIGN]     CAM_2 Z Axis Move End
[ 2026-01-23 15:09:05:476 ] [PRE_ALIGN]     CAM_1 Camera Parameter Set
[ 2026-01-23 15:09:05:699 ] [PRE_ALIGN]     CAM_2 Camera Parameter Set
[ 2026-01-23 15:09:05:721 ] [PRE_ALIGN]     CAM_1 Light Controller Set
[ 2026-01-23 15:09:05:750 ] [PRE_ALIGN]     CAM_2 Light Controller Set
[ 2026-01-23 15:09:05:989 ] [PRE_ALIGN]     Image Grab
[ 2026-01-23 15:09:05:992 ] [PRE_ALIGN]     Measurement...
[ 2026-01-23 15:09:06:576 ] [PRE_ALIGN]     Measurement Result : XY Align NG
[ 2026-01-23 15:09:06:576 ] [PRE_ALIGN]     Result Saved
[ 2026-01-23 15:09:06:766 ] [PRE_ALIGN]     UVW Stage Move Start
[ 2026-01-23 15:09:06:766 ] [PRE_ALIGN]     X=-2100.639, Y=-580.769, T=0.295
[ 2026-01-23 15:09:08:162 ] [PRE_ALIGN]     UVW Stage Move End
[ 2026-01-23 15:09:08:165 ] [PRE_ALIGN] End
[ 2026-01-23 15:09:08:184 ] [WAIT] Start
[ 2026-01-23 15:09:08:642 ] [WAIT] End
[ 2026-01-23 15:09:08:660 ] [PRE_ALIGN] Start
[ 2026-01-23 15:09:08:673 ] [PRE_ALIGN]     CAM_1 Z Axis Move Start
[ 2026-01-23 15:09:08:673 ] [PRE_ALIGN]     CAM_1 Z Axis Move End
[ 2026-01-23 15:09:08:684 ] [PRE_ALIGN]     CAM_2 Z Axis Move Start
[ 2026-01-23 15:09:08:684 ] [PRE_ALIGN]     CAM_2 Z Axis Move End
[ 2026-01-23 15:09:08:909 ] [PRE_ALIGN]     CAM_1 Camera Parameter Set
[ 2026-01-23 15:09:09:132 ] [PRE_ALIGN]     CAM_2 Camera Parameter Set
[ 2026-01-23 15:09:09:154 ] [PRE_ALIGN]     CAM_1 Light Controller Set
[ 2026-01-23 15:09:09:184 ] [PRE_ALIGN]     CAM_2 Light Controller Set
[ 2026-01-23 15:09:09:438 ] [PRE_ALIGN]     Image Grab
[ 2026-01-23 15:09:09:438 ] [PRE_ALIGN]     Measurement...
[ 2026-01-23 15:09:10:016 ] [PRE_ALIGN]     Measurement Result : XY Align NG
[ 2026-01-23 15:09:10:016 ] [PRE_ALIGN]     Result Saved
[ 2026-01-23 15:09:10:243 ] [PRE_ALIGN]     UVW Stage Move Start
[ 2026-01-23 15:09:10:243 ] [PRE_ALIGN]     X=-2115.409, Y=-564.639, T=0.298
[ 2026-01-23 15:09:11:536 ] [PRE_ALIGN]     UVW Stage Move End
[ 2026-01-23 15:09:11:539 ] [PRE_ALIGN] End
[ 2026-01-23 15:09:11:557 ] [WAIT] Start
[ 2026-01-23 15:09:12:075 ] [WAIT] End
[ 2026-01-23 15:09:12:093 ] [PRE_ALIGN] Start
[ 2026-01-23 15:09:12:106 ] [PRE_ALIGN]     CAM_1 Z Axis Move Start
[ 2026-01-23 15:09:12:106 ] [PRE_ALIGN]     CAM_1 Z Axis Move End
[ 2026-01-23 15:09:12:117 ] [PRE_ALIGN]     CAM_2 Z Axis Move Start
[ 2026-01-23 15:09:12:117 ] [PRE_ALIGN]     CAM_2 Z Axis Move End
[ 2026-01-23 15:09:12:341 ] [PRE_ALIGN]     CAM_1 Camera Parameter Set
[ 2026-01-23 15:09:12:565 ] [PRE_ALIGN]     CAM_2 Camera Parameter Set
[ 2026-01-23 15:09:12:587 ] [PRE_ALIGN]     CAM_1 Light Controller Set
[ 2026-01-23 15:09:12:617 ] [PRE_ALIGN]     CAM_2 Light Controller Set
[ 2026-01-23 15:09:12:862 ] [PRE_ALIGN]     Image Grab
[ 2026-01-23 15:09:12:867 ] [PRE_ALIGN]     Measurement...
[ 2026-01-23 15:09:13:447 ] [PRE_ALIGN]     Measurement Result : XY Align NG
[ 2026-01-23 15:09:13:447 ] [PRE_ALIGN]     Result Saved
[ 2026-01-23 15:09:13:713 ] [PRE_ALIGN]     UVW Stage Move Start
[ 2026-01-23 15:09:13:713 ] [PRE_ALIGN]     X=-2109.966, Y=-585.823, T=0.296
[ 2026-01-23 15:09:15:493 ] [PRE_ALIGN]     UVW Stage Move End
[ 2026-01-23 15:09:15:493 ] [PRE_ALIGN] End
[ 2026-01-23 15:09:15:522 ] [WAIT] Start
[ 2026-01-23 15:09:16:041 ] [WAIT] End
[ 2026-01-23 15:09:16:060 ] [PRE_ALIGN] Start
[ 2026-01-23 15:09:16:072 ] [PRE_ALIGN]     CAM_1 Z Axis Move Start
[ 2026-01-23 15:09:16:072 ] [PRE_ALIGN]     CAM_1 Z Axis Move End
[ 2026-01-23 15:09:16:072 ] [PRE_ALIGN]     CAM_2 Z Axis Move Start
[ 2026-01-23 15:09:16:084 ] [PRE_ALIGN]     CAM_2 Z Axis Move End
[ 2026-01-23 15:09:16:307 ] [PRE_ALIGN]     CAM_1 Camera Parameter Set
[ 2026-01-23 15:09:16:530 ] [PRE_ALIGN]     CAM_2 Camera Parameter Set
[ 2026-01-23 15:09:16:552 ] [PRE_ALIGN]     CAM_1 Light Controller Set
[ 2026-01-23 15:09:16:581 ] [PRE_ALIGN]     CAM_2 Light Controller Set
[ 2026-01-23 15:09:16:826 ] [PRE_ALIGN]     Image Grab
[ 2026-01-23 15:09:16:826 ] [PRE_ALIGN]     Measurement...
[ 2026-01-23 15:09:17:415 ] [PRE_ALIGN]     Measurement Result : XY Align NG
[ 2026-01-23 15:09:17:415 ] [PRE_ALIGN]     Result Saved
[ 2026-01-23 15:09:17:649 ] [PRE_ALIGN] End
[ 2026-01-23 15:09:17:666 ] [WAIT] Start
[ 2026-01-23 15:15:44:272 ] [WAIT] End
[ 2026-01-23 15:15:44:302 ] [PRE_ALIGN] Start
[ 2026-01-23 15:15:44:316 ] [PRE_ALIGN]     CAM_1 Z Axis Move Start
[ 2026-01-23 15:15:44:316 ] [PRE_ALIGN]     CAM_1 Z Axis Move End
[ 2026-01-23 15:15:44:328 ] [PRE_ALIGN]     CAM_2 Z Axis Move Start
[ 2026-01-23 15:15:44:328 ] [PRE_ALIGN]     CAM_2 Z Axis Move End
[ 2026-01-23 15:15:44:552 ] [PRE_ALIGN]     CAM_1 Camera Parameter Set
[ 2026-01-23 15:15:44:775 ] [PRE_ALIGN]     CAM_2 Camera Parameter Set
[ 2026-01-23 15:15:44:797 ] [PRE_ALIGN]     CAM_1 Light Controller Set
[ 2026-01-23 15:15:44:827 ] [PRE_ALIGN]     CAM_2 Light Controller Set
[ 2026-01-23 15:15:45:064 ] [PRE_ALIGN]     Image Grab
[ 2026-01-23 15:15:45:064 ] [PRE_ALIGN]     Measurement...
[ 2026-01-23 15:15:45:650 ] [PRE_ALIGN]     Measurement Result : XY Align NG
[ 2026-01-23 15:15:45:650 ] [PRE_ALIGN]     Result Saved
[ 2026-01-23 15:15:45:853 ] [PRE_ALIGN]     UVW Stage Move Start
[ 2026-01-23 15:15:45:853 ] [PRE_ALIGN]     X=-2120.019, Y=-592.566, T=0.294
[ 2026-01-23 15:15:47:541 ] [PRE_ALIGN]     UVW Stage Move End
[ 2026-01-23 15:15:47:541 ] [PRE_ALIGN] End
[ 2026-01-23 15:15:47:572 ] [WAIT] Start
[ 2026-01-23 15:15:48:094 ] [WAIT] End
[ 2026-01-23 15:15:48:113 ] [PRE_ALIGN] Start
[ 2026-01-23 15:15:48:125 ] [PRE_ALIGN]     CAM_1 Z Axis Move Start
[ 2026-01-23 15:15:48:125 ] [PRE_ALIGN]     CAM_1 Z Axis Move End
[ 2026-01-23 15:15:48:136 ] [PRE_ALIGN]     CAM_2 Z Axis Move Start
[ 2026-01-23 15:15:48:136 ] [PRE_ALIGN]     CAM_2 Z Axis Move End
[ 2026-01-23 15:15:48:367 ] [PRE_ALIGN]     CAM_1 Camera Parameter Set
[ 2026-01-23 15:15:48:586 ] [PRE_ALIGN]     CAM_2 Camera Parameter Set
[ 2026-01-23 15:15:48:608 ] [PRE_ALIGN]     CAM_1 Light Controller Set
[ 2026-01-23 15:15:48:639 ] [PRE_ALIGN]     CAM_2 Light Controller Set
[ 2026-01-23 15:15:48:883 ] [PRE_ALIGN]     Image Grab
[ 2026-01-23 15:15:48:883 ] [PRE_ALIGN]     Measurement...
[ 2026-01-23 15:15:49:469 ] [PRE_ALIGN]     Measurement Result : XY Align NG
[ 2026-01-23 15:15:49:469 ] [PRE_ALIGN]     Result Saved
[ 2026-01-23 15:15:49:661 ] [PRE_ALIGN]     UVW Stage Move Start
[ 2026-01-23 15:15:49:663 ] [PRE_ALIGN]     X=-2100.538, Y=-584.300, T=0.294
[ 2026-01-23 15:15:51:170 ] [PRE_ALIGN]     UVW Stage Move End
[ 2026-01-23 15:15:51:170 ] [PRE_ALIGN] End
[ 2026-01-23 15:15:51:216 ] [WAIT] Start
[ 2026-01-23 15:15:51:697 ] [WAIT] End
[ 2026-01-23 15:15:51:718 ] [PRE_ALIGN] Start
[ 2026-01-23 15:15:51:734 ] [PRE_ALIGN]     CAM_1 Z Axis Move Start
[ 2026-01-23 15:15:51:734 ] [PRE_ALIGN]     CAM_1 Z Axis Move End
[ 2026-01-23 15:15:51:745 ] [PRE_ALIGN]     CAM_2 Z Axis Move Start
[ 2026-01-23 15:15:51:745 ] [PRE_ALIGN]     CAM_2 Z Axis Move End
[ 2026-01-23 15:15:51:968 ] [PRE_ALIGN]     CAM_1 Camera Parameter Set
[ 2026-01-23 15:15:52:191 ] [PRE_ALIGN]     CAM_2 Camera Parameter Set
[ 2026-01-23 15:15:52:213 ] [PRE_ALIGN]     CAM_1 Light Controller Set
[ 2026-01-23 15:15:52:243 ] [PRE_ALIGN]     CAM_2 Light Controller Set
[ 2026-01-23 15:15:52:479 ] [PRE_ALIGN]     Image Grab
[ 2026-01-23 15:15:52:479 ] [PRE_ALIGN]     Measurement...
[ 2026-01-23 15:15:53:059 ] [PRE_ALIGN]     Measurement Result : XY Align NG
[ 2026-01-23 15:15:53:059 ] [PRE_ALIGN]     Result Saved
[ 2026-01-23 15:15:53:321 ] [PRE_ALIGN]     UVW Stage Move Start
[ 2026-01-23 15:15:53:321 ] [PRE_ALIGN]     X=-2100.693, Y=-597.360, T=0.296
[ 2026-01-23 15:15:54:631 ] [PRE_ALIGN]     UVW Stage Move End
[ 2026-01-23 15:15:54:635 ] [PRE_ALIGN] End
[ 2026-01-23 15:15:54:654 ] [WAIT] Start
[ 2026-01-23 15:15:55:136 ] [WAIT] End
[ 2026-01-23 15:15:55:158 ] [PRE_ALIGN] Start
[ 2026-01-23 15:15:55:174 ] [PRE_ALIGN]     CAM_1 Z Axis Move Start
[ 2026-01-23 15:15:55:174 ] [PRE_ALIGN]     CAM_1 Z Axis Move End
[ 2026-01-23 15:15:55:185 ] [PRE_ALIGN]     CAM_2 Z Axis Move Start
[ 2026-01-23 15:15:55:185 ] [PRE_ALIGN]     CAM_2 Z Axis Move End
[ 2026-01-23 15:15:55:409 ] [PRE_ALIGN]     CAM_1 Camera Parameter Set
[ 2026-01-23 15:15:55:632 ] [PRE_ALIGN]     CAM_2 Camera Parameter Set
[ 2026-01-23 15:15:55:654 ] [PRE_ALIGN]     CAM_1 Light Controller Set
[ 2026-01-23 15:15:55:684 ] [PRE_ALIGN]     CAM_2 Light Controller Set
[ 2026-01-23 15:15:55:919 ] [PRE_ALIGN]     Image Grab
[ 2026-01-23 15:15:55:919 ] [PRE_ALIGN]     Measurement...
[ 2026-01-23 15:15:56:512 ] [PRE_ALIGN]     Measurement Result : XY Align NG
[ 2026-01-23 15:15:56:512 ] [PRE_ALIGN]     Result Saved
[ 2026-01-23 15:15:56:733 ] [PRE_ALIGN]     UVW Stage Move Start
[ 2026-01-23 15:15:56:733 ] [PRE_ALIGN]     X=-2108.701, Y=-588.210, T=0.295
[ 2026-01-23 15:15:59:214 ] [PRE_ALIGN]     UVW Stage Move End
[ 2026-01-23 15:15:59:214 ] [PRE_ALIGN] End
[ 2026-01-23 15:15:59:245 ] [WAIT] Start
[ 2026-01-23 15:15:59:705 ] [WAIT] End
[ 2026-01-23 15:15:59:724 ] [PRE_ALIGN] Start
[ 2026-01-23 15:15:59:736 ] [PRE_ALIGN]     CAM_1 Z Axis Move Start
[ 2026-01-23 15:15:59:736 ] [PRE_ALIGN]     CAM_1 Z Axis Move End
[ 2026-01-23 15:15:59:747 ] [PRE_ALIGN]     CAM_2 Z Axis Move Start
[ 2026-01-23 15:15:59:747 ] [PRE_ALIGN]     CAM_2 Z Axis Move End
[ 2026-01-23 15:15:59:972 ] [PRE_ALIGN]     CAM_1 Camera Parameter Set
[ 2026-01-23 15:16:00:195 ] [PRE_ALIGN]     CAM_2 Camera Parameter Set
[ 2026-01-23 15:16:00:217 ] [PRE_ALIGN]     CAM_1 Light Controller Set
[ 2026-01-23 15:16:00:247 ] [PRE_ALIGN]     CAM_2 Light Controller Set
[ 2026-01-23 15:16:00:482 ] [PRE_ALIGN]     Image Grab
[ 2026-01-23 15:16:00:482 ] [PRE_ALIGN]     Measurement...
[ 2026-01-23 15:16:01:064 ] [PRE_ALIGN]     Measurement Result : XY Align NG
[ 2026-01-23 15:16:01:064 ] [PRE_ALIGN]     Result Saved
[ 2026-01-23 15:16:01:257 ] [PRE_ALIGN]     UVW Stage Move Start
[ 2026-01-23 15:16:01:257 ] [PRE_ALIGN]     X=-2111.175, Y=-583.820, T=0.295
[ 2026-01-23 15:16:03:208 ] [PRE_ALIGN]     UVW Stage Move End
[ 2026-01-23 15:16:03:213 ] [PRE_ALIGN] End
[ 2026-01-23 15:16:03:233 ] [WAIT] Start
[ 2026-01-23 15:16:03:735 ] [WAIT] End
[ 2026-01-23 15:16:03:752 ] [PRE_ALIGN] Start
[ 2026-01-23 15:16:03:766 ] [PRE_ALIGN]     CAM_1 Z Axis Move Start
[ 2026-01-23 15:16:03:766 ] [PRE_ALIGN]     CAM_1 Z Axis Move End
[ 2026-01-23 15:16:03:777 ] [PRE_ALIGN]     CAM_2 Z Axis Move Start
[ 2026-01-23 15:16:03:777 ] [PRE_ALIGN]     CAM_2 Z Axis Move End
[ 2026-01-23 15:16:04:002 ] [PRE_ALIGN]     CAM_1 Camera Parameter Set
[ 2026-01-23 15:16:04:225 ] [PRE_ALIGN]     CAM_2 Camera Parameter Set
[ 2026-01-23 15:16:04:247 ] [PRE_ALIGN]     CAM_1 Light Controller Set
[ 2026-01-23 15:16:04:277 ] [PRE_ALIGN]     CAM_2 Light Controller Set
[ 2026-01-23 15:16:04:511 ] [PRE_ALIGN]     Image Grab
[ 2026-01-23 15:16:04:511 ] [PRE_ALIGN]     Measurement...
[ 2026-01-23 15:16:05:087 ] [PRE_ALIGN]     Measurement Result : XY Align NG
[ 2026-01-23 15:16:05:087 ] [PRE_ALIGN]     Result Saved
[ 2026-01-23 15:16:05:342 ] [PRE_ALIGN]     UVW Stage Move Start
[ 2026-01-23 15:16:05:342 ] [PRE_ALIGN]     X=-2120.122, Y=-585.863, T=0.298
[ 2026-01-23 15:16:06:659 ] [PRE_ALIGN]     UVW Stage Move End
[ 2026-01-23 15:16:06:665 ] [PRE_ALIGN] End
[ 2026-01-23 15:16:06:684 ] [WAIT] Start
[ 2026-01-23 15:16:07:175 ] [WAIT] End
[ 2026-01-23 15:16:07:194 ] [PRE_ALIGN] Start
[ 2026-01-23 15:16:07:194 ] [PRE_ALIGN]     CAM_1 Z Axis Move Start
[ 2026-01-23 15:16:07:194 ] [PRE_ALIGN]     CAM_1 Z Axis Move End
[ 2026-01-23 15:16:07:217 ] [PRE_ALIGN]     CAM_2 Z Axis Move Start
[ 2026-01-23 15:16:07:217 ] [PRE_ALIGN]     CAM_2 Z Axis Move End
[ 2026-01-23 15:16:07:441 ] [PRE_ALIGN]     CAM_1 Camera Parameter Set
[ 2026-01-23 15:16:07:665 ] [PRE_ALIGN]     CAM_2 Camera Parameter Set
[ 2026-01-23 15:16:07:687 ] [PRE_ALIGN]     CAM_1 Light Controller Set
[ 2026-01-23 15:16:07:717 ] [PRE_ALIGN]     CAM_2 Light Controller Set
[ 2026-01-23 15:16:07:954 ] [PRE_ALIGN]     Image Grab
[ 2026-01-23 15:16:07:954 ] [PRE_ALIGN]     Measurement...
[ 2026-01-23 15:16:08:535 ] [PRE_ALIGN]     Measurement Result : XY Align NG
[ 2026-01-23 15:16:08:539 ] [PRE_ALIGN]     Result Saved
[ 2026-01-23 15:16:08:761 ] [PRE_ALIGN] End
[ 2026-01-23 15:16:08:780 ] [WAIT] Start
[ 2026-01-23 15:18:14:383 ] [WAIT] End
[ 2026-01-23 15:18:14:399 ] [PRE_ALIGN] Start
[ 2026-01-23 15:18:14:413 ] [PRE_ALIGN]     CAM_1 Z Axis Move Start
[ 2026-01-23 15:18:14:413 ] [PRE_ALIGN]     CAM_1 Z Axis Move End
[ 2026-01-23 15:18:14:413 ] [PRE_ALIGN]     CAM_2 Z Axis Move Start
[ 2026-01-23 15:18:14:413 ] [PRE_ALIGN]     CAM_2 Z Axis Move End
[ 2026-01-23 15:18:14:647 ] [PRE_ALIGN]     CAM_1 Camera Parameter Set
[ 2026-01-23 15:18:14:872 ] [PRE_ALIGN]     CAM_2 Camera Parameter Set
[ 2026-01-23 15:18:14:894 ] [PRE_ALIGN]     CAM_1 Light Controller Set
[ 2026-01-23 15:18:14:930 ] [PRE_ALIGN]     CAM_2 Light Controller Set
[ 2026-01-23 15:18:15:166 ] [PRE_ALIGN]     Image Grab
[ 2026-01-23 15:18:15:166 ] [PRE_ALIGN]     Measurement...
[ 2026-01-23 15:18:15:753 ] [PRE_ALIGN]     Measurement Result : XY Align NG
[ 2026-01-23 15:18:15:758 ] [PRE_ALIGN]     Result Saved
[ 2026-01-23 15:18:15:970 ] [PRE_ALIGN]     UVW Stage Move Start
[ 2026-01-23 15:18:15:970 ] [PRE_ALIGN]     X=-2110.238, Y=-579.988, T=0.297
[ 2026-01-23 15:18:18:378 ] [PRE_ALIGN]     UVW Stage Move End
[ 2026-01-23 15:18:18:381 ] [PRE_ALIGN] End
[ 2026-01-23 15:18:18:400 ] [WAIT] Start
[ 2026-01-23 15:18:18:898 ] [WAIT] End
[ 2026-01-23 15:18:18:917 ] [PRE_ALIGN] Start
[ 2026-01-23 15:18:18:931 ] [PRE_ALIGN]     CAM_1 Z Axis Move Start
[ 2026-01-23 15:18:18:931 ] [PRE_ALIGN]     CAM_1 Z Axis Move End
[ 2026-01-23 15:18:18:931 ] [PRE_ALIGN]     CAM_2 Z Axis Move Start
[ 2026-01-23 15:18:18:944 ] [PRE_ALIGN]     CAM_2 Z Axis Move End
[ 2026-01-23 15:18:19:163 ] [PRE_ALIGN]     CAM_1 Camera Parameter Set
[ 2026-01-23 15:18:19:388 ] [PRE_ALIGN]     CAM_2 Camera Parameter Set
[ 2026-01-23 15:18:19:410 ] [PRE_ALIGN]     CAM_1 Light Controller Set
[ 2026-01-23 15:18:19:441 ] [PRE_ALIGN]     CAM_2 Light Controller Set
[ 2026-01-23 15:18:19:675 ] [PRE_ALIGN]     Image Grab
[ 2026-01-23 15:18:19:675 ] [PRE_ALIGN]     Measurement...
[ 2026-01-23 15:18:20:259 ] [PRE_ALIGN]     Measurement Result : XY Align NG
[ 2026-01-23 15:18:20:259 ] [PRE_ALIGN]     Result Saved
[ 2026-01-23 15:18:20:447 ] [PRE_ALIGN]     UVW Stage Move Start
[ 2026-01-23 15:18:20:447 ] [PRE_ALIGN]     X=-2116.518, Y=-590.459, T=0.298
[ 2026-01-23 15:18:21:649 ] [PRE_ALIGN]     UVW Stage Move End
[ 2026-01-23 15:18:21:649 ] [PRE_ALIGN] End
[ 2026-01-23 15:18:21:680 ] [WAIT] Start
[ 2026-01-23 15:18:22:113 ] [WAIT] End
[ 2026-01-23 15:18:22:132 ] [PRE_ALIGN] Start
[ 2026-01-23 15:18:22:132 ] [PRE_ALIGN]     CAM_1 Z Axis Move Start
[ 2026-01-23 15:18:22:148 ] [PRE_ALIGN]     CAM_1 Z Axis Move End
[ 2026-01-23 15:18:22:148 ] [PRE_ALIGN]     CAM_2 Z Axis Move Start
[ 2026-01-23 15:18:22:148 ] [PRE_ALIGN]     CAM_2 Z Axis Move End
[ 2026-01-23 15:18:22:382 ] [PRE_ALIGN]     CAM_1 Camera Parameter Set
[ 2026-01-23 15:18:22:605 ] [PRE_ALIGN]     CAM_2 Camera Parameter Set
[ 2026-01-23 15:18:22:627 ] [PRE_ALIGN]     CAM_1 Light Controller Set
[ 2026-01-23 15:18:22:657 ] [PRE_ALIGN]     CAM_2 Light Controller Set
[ 2026-01-23 15:18:22:894 ] [PRE_ALIGN]     Image Grab
[ 2026-01-23 15:18:22:897 ] [PRE_ALIGN]     Measurement...
[ 2026-01-23 15:18:23:480 ] [PRE_ALIGN]     Measurement Result : XY Align NG
[ 2026-01-23 15:18:23:480 ] [PRE_ALIGN]     Result Saved
[ 2026-01-23 15:18:23:672 ] [PRE_ALIGN]     UVW Stage Move Start
[ 2026-01-23 15:18:23:672 ] [PRE_ALIGN]     X=-2112.854, Y=-583.521, T=0.295
[ 2026-01-23 15:18:24:835 ] [PRE_ALIGN]     UVW Stage Move End
[ 2026-01-23 15:18:24:835 ] [PRE_ALIGN] End
[ 2026-01-23 15:18:24:861 ] [WAIT] Start
[ 2026-01-23 15:18:25:358 ] [WAIT] End
[ 2026-01-23 15:18:25:386 ] [PRE_ALIGN] Start
[ 2026-01-23 15:18:25:403 ] [PRE_ALIGN]     CAM_1 Z Axis Move Start
[ 2026-01-23 15:18:25:403 ] [PRE_ALIGN]     CAM_1 Z Axis Move End
[ 2026-01-23 15:18:25:414 ] [PRE_ALIGN]     CAM_2 Z Axis Move Start
[ 2026-01-23 15:18:25:414 ] [PRE_ALIGN]     CAM_2 Z Axis Move End
[ 2026-01-23 15:18:25:637 ] [PRE_ALIGN]     CAM_1 Camera Parameter Set
[ 2026-01-23 15:18:25:860 ] [PRE_ALIGN]     CAM_2 Camera Parameter Set
[ 2026-01-23 15:18:25:883 ] [PRE_ALIGN]     CAM_1 Light Controller Set
[ 2026-01-23 15:18:25:913 ] [PRE_ALIGN]     CAM_2 Light Controller Set
[ 2026-01-23 15:18:26:149 ] [PRE_ALIGN]     Image Grab
[ 2026-01-23 15:18:26:149 ] [PRE_ALIGN]     Measurement...
[ 2026-01-23 15:18:26:731 ] [PRE_ALIGN]     Measurement Result : XY Align NG
[ 2026-01-23 15:18:26:731 ] [PRE_ALIGN]     Result Saved
[ 2026-01-23 15:18:26:956 ] [PRE_ALIGN]     UVW Stage Move Start
[ 2026-01-23 15:18:26:956 ] [PRE_ALIGN]     X=-2118.831, Y=-591.603, T=0.295
[ 2026-01-23 15:18:28:574 ] [PRE_ALIGN]     UVW Stage Move End
[ 2026-01-23 15:18:28:574 ] [PRE_ALIGN] End
[ 2026-01-23 15:18:28:604 ] [WAIT] Start
[ 2026-01-23 15:18:29:123 ] [WAIT] End
[ 2026-01-23 15:18:29:141 ] [PRE_ALIGN] Start
[ 2026-01-23 15:18:29:154 ] [PRE_ALIGN]     CAM_1 Z Axis Move Start
[ 2026-01-23 15:18:29:154 ] [PRE_ALIGN]     CAM_1 Z Axis Move End
[ 2026-01-23 15:18:29:165 ] [PRE_ALIGN]     CAM_2 Z Axis Move Start
[ 2026-01-23 15:18:29:165 ] [PRE_ALIGN]     CAM_2 Z Axis Move End
[ 2026-01-23 15:18:29:389 ] [PRE_ALIGN]     CAM_1 Camera Parameter Set
[ 2026-01-23 15:18:29:611 ] [PRE_ALIGN]     CAM_2 Camera Parameter Set
[ 2026-01-23 15:18:29:633 ] [PRE_ALIGN]     CAM_1 Light Controller Set
[ 2026-01-23 15:18:29:663 ] [PRE_ALIGN]     CAM_2 Light Controller Set
[ 2026-01-23 15:18:29:898 ] [PRE_ALIGN]     Image Grab
[ 2026-01-23 15:18:29:898 ] [PRE_ALIGN]     Measurement...
[ 2026-01-23 15:18:30:476 ] [PRE_ALIGN]     Measurement Result : XY Align NG
[ 2026-01-23 15:18:30:476 ] [PRE_ALIGN]     Result Saved
[ 2026-01-23 15:18:30:680 ] [PRE_ALIGN]     UVW Stage Move Start
[ 2026-01-23 15:18:30:680 ] [PRE_ALIGN]     X=-2109.580, Y=-604.220, T=0.296
[ 2026-01-23 15:18:31:992 ] [PRE_ALIGN]     UVW Stage Move End
[ 2026-01-23 15:18:31:992 ] [PRE_ALIGN] End
[ 2026-01-23 15:18:32:019 ] [WAIT] Start
[ 2026-01-23 15:18:32:244 ] [WAIT] End
[ 2026-01-23 15:18:32:261 ] [PRE_ALIGN] Start
[ 2026-01-23 15:18:32:275 ] [PRE_ALIGN]     CAM_1 Z Axis Move Start
[ 2026-01-23 15:18:32:275 ] [PRE_ALIGN]     CAM_1 Z Axis Move End
[ 2026-01-23 15:18:32:275 ] [PRE_ALIGN]     CAM_2 Z Axis Move Start
[ 2026-01-23 15:18:32:288 ] [PRE_ALIGN]     CAM_2 Z Axis Move End
[ 2026-01-23 15:18:32:516 ] [PRE_ALIGN]     CAM_1 Camera Parameter Set
[ 2026-01-23 15:18:32:737 ] [PRE_ALIGN]     CAM_2 Camera Parameter Set
[ 2026-01-23 15:18:32:759 ] [PRE_ALIGN]     CAM_1 Light Controller Set
[ 2026-01-23 15:18:32:791 ] [PRE_ALIGN]     CAM_2 Light Controller Set
[ 2026-01-23 15:18:33:031 ] [PRE_ALIGN]     Image Grab
[ 2026-01-23 15:18:33:031 ] [PRE_ALIGN]     Measurement...
[ 2026-01-23 15:18:33:610 ] [PRE_ALIGN]     Measurement Result : XY Align NG
[ 2026-01-23 15:18:33:610 ] [PRE_ALIGN]     Result Saved
[ 2026-01-23 15:18:33:843 ] [PRE_ALIGN]     UVW Stage Move Start
[ 2026-01-23 15:18:33:843 ] [PRE_ALIGN]     X=-2100.693, Y=-599.284, T=0.294
[ 2026-01-23 15:18:35:067 ] [PRE_ALIGN]     UVW Stage Move End
[ 2026-01-23 15:18:35:072 ] [PRE_ALIGN] End
[ 2026-01-23 15:18:35:095 ] [WAIT] Start
[ 2026-01-23 15:18:35:626 ] [WAIT] End
[ 2026-01-23 15:18:35:644 ] [PRE_ALIGN] Start
[ 2026-01-23 15:18:35:658 ] [PRE_ALIGN]     CAM_1 Z Axis Move Start
[ 2026-01-23 15:18:35:658 ] [PRE_ALIGN]     CAM_1 Z Axis Move End
[ 2026-01-23 15:18:35:669 ] [PRE_ALIGN]     CAM_2 Z Axis Move Start
[ 2026-01-23 15:18:35:669 ] [PRE_ALIGN]     CAM_2 Z Axis Move End
[ 2026-01-23 15:18:35:893 ] [PRE_ALIGN]     CAM_1 Camera Parameter Set
[ 2026-01-23 15:18:36:115 ] [PRE_ALIGN]     CAM_2 Camera Parameter Set
[ 2026-01-23 15:18:36:137 ] [PRE_ALIGN]     CAM_1 Light Controller Set
[ 2026-01-23 15:18:36:167 ] [PRE_ALIGN]     CAM_2 Light Controller Set
[ 2026-01-23 15:18:36:401 ] [PRE_ALIGN]     Image Grab
[ 2026-01-23 15:18:36:401 ] [PRE_ALIGN]     Measurement...
[ 2026-01-23 15:18:36:982 ] [PRE_ALIGN]     Measurement Result : XY Align NG
[ 2026-01-23 15:18:36:982 ] [PRE_ALIGN]     Result Saved
[ 2026-01-23 15:18:37:220 ] [PRE_ALIGN] End
[ 2026-01-23 15:18:37:238 ] [WAIT] Start
[ 2026-01-23 16:21:56:839 ] ------========= Program End =========------
[ 2026-01-23 16:22:10:929 ] ========= Program Start =========
[ 2026-01-23 16:22:36:200 ] [WAIT] Start
[ 2026-01-23 16:29:46:451 ] ------========= Program End =========------
[ 2026-01-23 16:29:59:103 ] ========= Program Start =========
[ 2026-01-23 16:31:58:298 ] [WAIT] Start
[ 2026-01-23 16:51:34:698 ] [WAIT] End
[ 2026-01-23 16:51:34:711 ] [PRE_ALIGN] Start
[ 2026-01-23 16:51:34:726 ] [PRE_ALIGN]     CAM_1 Z Axis Move Start
[ 2026-01-23 16:51:37:143 ] [PRE_ALIGN]     CAM_1 Z Axis Move End
[ 2026-01-23 16:51:37:154 ] [PRE_ALIGN]     CAM_2 Z Axis Move Start
[ 2026-01-23 16:51:38:878 ] [PRE_ALIGN]     CAM_2 Z Axis Move End
[ 2026-01-23 16:51:39:102 ] [PRE_ALIGN]     CAM_1 Camera Parameter Set
[ 2026-01-23 16:51:39:324 ] [PRE_ALIGN]     CAM_2 Camera Parameter Set
[ 2026-01-23 16:51:39:348 ] [PRE_ALIGN]     CAM_1 Light Controller Set
[ 2026-01-23 16:51:39:379 ] [PRE_ALIGN]     CAM_2 Light Controller Set
[ 2026-01-23 16:51:39:386 ] [PRE_ALIGN]     Image Grab && Measurement
[ 2026-01-23 16:51:47:544 ] [PRE_ALIGN]     Measurement Result : XY Align NG
[ 2026-01-23 16:51:47:544 ] [PRE_ALIGN]     Result Saved
[ 2026-01-23 16:51:47:801 ] [PRE_ALIGN]     UVW Stage Move Start
[ 2026-01-23 16:51:47:801 ] [PRE_ALIGN]     X=-2236.277, Y=-435.652, T=0.272
[ 2026-01-23 16:51:50:108 ] [PRE_ALIGN]     UVW Stage Move End
[ 2026-01-23 16:51:50:117 ] [PRE_ALIGN] End
[ 2026-01-23 16:51:50:138 ] [WAIT] Start
[ 2026-01-23 16:51:50:590 ] [WAIT] End
[ 2026-01-23 16:51:50:612 ] [PRE_ALIGN] Start
[ 2026-01-23 16:51:50:648 ] [PRE_ALIGN]     CAM_1 Z Axis Move Start
[ 2026-01-23 16:51:50:648 ] [PRE_ALIGN]     CAM_1 Z Axis Move End
[ 2026-01-23 16:51:50:648 ] [PRE_ALIGN]     CAM_2 Z Axis Move End
[ 2026-01-23 16:51:50:648 ] [PRE_ALIGN]     CAM_2 Z Axis Move Start
[ 2026-01-23 16:51:50:872 ] [PRE_ALIGN]     CAM_1 Camera Parameter Set
[ 2026-01-23 16:51:51:095 ] [PRE_ALIGN]     CAM_2 Camera Parameter Set
[ 2026-01-23 16:51:51:117 ] [PRE_ALIGN]     CAM_1 Light Controller Set
[ 2026-01-23 16:51:51:153 ] [PRE_ALIGN]     CAM_2 Light Controller Set
[ 2026-01-23 16:51:51:153 ] [PRE_ALIGN]     Image Grab && Measurement
[ 2026-01-23 16:51:59:271 ] [PRE_ALIGN]     Measurement Result : XY Align NG
[ 2026-01-23 16:51:59:275 ] [PRE_ALIGN]     Result Saved
[ 2026-01-23 16:51:59:526 ] [PRE_ALIGN]     UVW Stage Move Start
[ 2026-01-23 16:51:59:526 ] [PRE_ALIGN]     X=-2239.732, Y=-433.363, T=0.273
[ 2026-01-23 16:52:01:322 ] [PRE_ALIGN]     UVW Stage Move End
[ 2026-01-23 16:52:01:322 ] [PRE_ALIGN] End
[ 2026-01-23 16:52:01:347 ] [WAIT] Start
[ 2026-01-23 16:52:01:873 ] [WAIT] End
[ 2026-01-23 16:52:01:892 ] [PRE_ALIGN] Start
[ 2026-01-23 16:52:01:904 ] [PRE_ALIGN]     CAM_1 Z Axis Move Start
[ 2026-01-23 16:52:01:904 ] [PRE_ALIGN]     CAM_1 Z Axis Move End
[ 2026-01-23 16:52:01:915 ] [PRE_ALIGN]     CAM_2 Z Axis Move Start
[ 2026-01-23 16:52:01:915 ] [PRE_ALIGN]     CAM_2 Z Axis Move End
[ 2026-01-23 16:52:02:139 ] [PRE_ALIGN]     CAM_1 Camera Parameter Set
[ 2026-01-23 16:52:02:361 ] [PRE_ALIGN]     CAM_2 Camera Parameter Set
[ 2026-01-23 16:52:02:383 ] [PRE_ALIGN]     CAM_1 Light Controller Set
[ 2026-01-23 16:52:02:416 ] [PRE_ALIGN]     CAM_2 Light Controller Set
[ 2026-01-23 16:52:02:416 ] [PRE_ALIGN]     Image Grab && Measurement
[ 2026-01-23 16:52:10:523 ] [PRE_ALIGN]     Measurement Result : OK
[ 2026-01-23 16:52:10:523 ] [PRE_ALIGN]     Result Saved
[ 2026-01-23 16:52:10:768 ] [PRE_ALIGN] End
[ 2026-01-23 16:52:10:786 ] [WAIT] Start
[ 2026-01-23 16:52:17:841 ] [WAIT] End
[ 2026-01-23 16:52:17:870 ] [CONTACT_ALIGN] Start
[ 2026-01-23 16:52:17:882 ] [CONTACT_ALIGN]     CAM_1 Z Axis Move Start
[ 2026-01-23 16:52:19:408 ] [CONTACT_ALIGN]     CAM_1 Z Axis Move End
[ 2026-01-23 16:52:19:419 ] [CONTACT_ALIGN]     CAM_2 Z Axis Move Start
[ 2026-01-23 16:52:21:142 ] [CONTACT_ALIGN]     CAM_2 Z Axis Move End
[ 2026-01-23 16:52:21:364 ] [CONTACT_ALIGN]     CAM_1 Camera Parameter Set
[ 2026-01-23 16:52:21:589 ] [CONTACT_ALIGN]     CAM_2 Camera Parameter Set
[ 2026-01-23 16:52:21:611 ] [CONTACT_ALIGN]     CAM_1 Light Controller Set
[ 2026-01-23 16:52:21:641 ] [CONTACT_ALIGN]     CAM_2 Light Controller Set
[ 2026-01-23 16:52:21:880 ] [CONTACT_ALIGN]     Image Grab
[ 2026-01-23 16:52:21:883 ] [CONTACT_ALIGN]     Measurement...
[ 2026-01-23 16:52:22:366 ] [CONTACT_ALIGN]     Measurement Result : NG (X=-2207.372, Y=-431.015, T=0.274
[ 2026-01-23 16:52:22:366 ] [CONTACT_ALIGN]     Result Saved
[ 2026-01-23 16:52:22:612 ] [CONTACT_ALIGN] End
[ 2026-01-23 16:52:22:630 ] [WAIT] Start
[ 2026-01-23 16:55:57:508 ] ------========= Program End =========------
[ 2026-01-23 16:56:29:724 ] ========= Program Start =========
